Component: ARM Compiler 5.06 update 7 (build 960) Tool: armlink [4d3601]

==============================================================================

Section Cross References

    startup_stm32f10x_hd.o(STACK) refers (Special) to heapauxi.o(.text) for __use_two_region_memory
    startup_stm32f10x_hd.o(HEAP) refers (Special) to heapauxi.o(.text) for __use_two_region_memory
    startup_stm32f10x_hd.o(RESET) refers (Special) to heapauxi.o(.text) for __use_two_region_memory
    startup_stm32f10x_hd.o(RESET) refers to startup_stm32f10x_hd.o(STACK) for __initial_sp
    startup_stm32f10x_hd.o(RESET) refers to startup_stm32f10x_hd.o(.text) for Reset_Handler
    startup_stm32f10x_hd.o(RESET) refers to stm32f10x_it.o(i.NMI_Handler) for NMI_Handler
    startup_stm32f10x_hd.o(RESET) refers to stm32f10x_it.o(i.HardFault_Handler) for HardFault_Handler
    startup_stm32f10x_hd.o(RESET) refers to stm32f10x_it.o(i.MemManage_Handler) for MemManage_Handler
    startup_stm32f10x_hd.o(RESET) refers to stm32f10x_it.o(i.BusFault_Handler) for BusFault_Handler
    startup_stm32f10x_hd.o(RESET) refers to stm32f10x_it.o(i.UsageFault_Handler) for UsageFault_Handler
    startup_stm32f10x_hd.o(RESET) refers to stm32f10x_it.o(i.SVC_Handler) for SVC_Handler
    startup_stm32f10x_hd.o(RESET) refers to stm32f10x_it.o(i.DebugMon_Handler) for DebugMon_Handler
    startup_stm32f10x_hd.o(RESET) refers to stm32f10x_it.o(i.PendSV_Handler) for PendSV_Handler
    startup_stm32f10x_hd.o(RESET) refers to stm32f10x_it.o(i.SysTick_Handler) for SysTick_Handler
    startup_stm32f10x_hd.o(RESET) refers to stm32f10x_it.o(i.ADC1_2_IRQHandler) for ADC1_2_IRQHandler
    startup_stm32f10x_hd.o(RESET) refers to timer.o(i.TIM3_IRQHandler) for TIM3_IRQHandler
    startup_stm32f10x_hd.o(RESET) refers to usart.o(i.USART1_IRQHandler) for USART1_IRQHandler
    startup_stm32f10x_hd.o(.text) refers (Special) to heapauxi.o(.text) for __use_two_region_memory
    startup_stm32f10x_hd.o(.text) refers to system_stm32f10x.o(i.SystemInit) for SystemInit
    startup_stm32f10x_hd.o(.text) refers to __main.o(!!!main) for __main
    startup_stm32f10x_hd.o(.text) refers to startup_stm32f10x_hd.o(HEAP) for Heap_Mem
    startup_stm32f10x_hd.o(.text) refers to startup_stm32f10x_hd.o(STACK) for Stack_Mem
    stm32f10x_adc.o(i.ADC_DeInit) refers to stm32f10x_rcc.o(i.RCC_APB2PeriphResetCmd) for RCC_APB2PeriphResetCmd
    stm32f10x_bkp.o(i.BKP_DeInit) refers to stm32f10x_rcc.o(i.RCC_BackupResetCmd) for RCC_BackupResetCmd
    stm32f10x_can.o(i.CAN_DeInit) refers to stm32f10x_rcc.o(i.RCC_APB1PeriphResetCmd) for RCC_APB1PeriphResetCmd
    stm32f10x_can.o(i.CAN_GetITStatus) refers to stm32f10x_can.o(i.CheckITStatus) for CheckITStatus
    stm32f10x_cec.o(i.CEC_DeInit) refers to stm32f10x_rcc.o(i.RCC_APB1PeriphResetCmd) for RCC_APB1PeriphResetCmd
    stm32f10x_dac.o(i.DAC_DeInit) refers to stm32f10x_rcc.o(i.RCC_APB1PeriphResetCmd) for RCC_APB1PeriphResetCmd
    stm32f10x_flash.o(i.FLASH_EnableWriteProtection) refers to stm32f10x_flash.o(i.FLASH_WaitForLastOperation) for FLASH_WaitForLastOperation
    stm32f10x_flash.o(i.FLASH_EraseAllBank1Pages) refers to stm32f10x_flash.o(i.FLASH_WaitForLastBank1Operation) for FLASH_WaitForLastBank1Operation
    stm32f10x_flash.o(i.FLASH_EraseAllPages) refers to stm32f10x_flash.o(i.FLASH_WaitForLastOperation) for FLASH_WaitForLastOperation
    stm32f10x_flash.o(i.FLASH_EraseOptionBytes) refers to stm32f10x_flash.o(i.FLASH_GetReadOutProtectionStatus) for FLASH_GetReadOutProtectionStatus
    stm32f10x_flash.o(i.FLASH_EraseOptionBytes) refers to stm32f10x_flash.o(i.FLASH_WaitForLastOperation) for FLASH_WaitForLastOperation
    stm32f10x_flash.o(i.FLASH_ErasePage) refers to stm32f10x_flash.o(i.FLASH_WaitForLastOperation) for FLASH_WaitForLastOperation
    stm32f10x_flash.o(i.FLASH_ProgramHalfWord) refers to stm32f10x_flash.o(i.FLASH_WaitForLastOperation) for FLASH_WaitForLastOperation
    stm32f10x_flash.o(i.FLASH_ProgramOptionByteData) refers to stm32f10x_flash.o(i.FLASH_WaitForLastOperation) for FLASH_WaitForLastOperation
    stm32f10x_flash.o(i.FLASH_ProgramWord) refers to stm32f10x_flash.o(i.FLASH_WaitForLastOperation) for FLASH_WaitForLastOperation
    stm32f10x_flash.o(i.FLASH_ReadOutProtection) refers to stm32f10x_flash.o(i.FLASH_WaitForLastOperation) for FLASH_WaitForLastOperation
    stm32f10x_flash.o(i.FLASH_UserOptionByteConfig) refers to stm32f10x_flash.o(i.FLASH_WaitForLastOperation) for FLASH_WaitForLastOperation
    stm32f10x_flash.o(i.FLASH_WaitForLastBank1Operation) refers to stm32f10x_flash.o(i.FLASH_GetBank1Status) for FLASH_GetBank1Status
    stm32f10x_flash.o(i.FLASH_WaitForLastOperation) refers to stm32f10x_flash.o(i.FLASH_GetBank1Status) for FLASH_GetBank1Status
    stm32f10x_gpio.o(i.GPIO_AFIODeInit) refers to stm32f10x_rcc.o(i.RCC_APB2PeriphResetCmd) for RCC_APB2PeriphResetCmd
    stm32f10x_gpio.o(i.GPIO_DeInit) refers to stm32f10x_rcc.o(i.RCC_APB2PeriphResetCmd) for RCC_APB2PeriphResetCmd
[...]
    ..\SYSTEM\usart\usart.c                  0x00000000   Number         0  usart.o ABSOLUTE
    ..\USER\main.c                           0x00000000   Number         0  main.o ABSOLUTE
    ..\USER\stm32f10x_it.c                   0x00000000   Number         0  stm32f10x_it.o ABSOLUTE
    ..\USER\system_stm32f10x.c               0x00000000   Number         0  system_stm32f10x.o ABSOLUTE
    ..\\CORE\\core_cm3.c                     0x00000000   Number         0  core_cm3.o ABSOLUTE
    ..\\SYSTEM\\sys\\sys.c                   0x00000000   Number         0  sys.o ABSOLUTE
    dc.s                                     0x00000000   Number         0  dc.o ABSOLUTE
    RESET                                    0x08000000   Section      304  startup_stm32f10x_hd.o(RESET)
    !!!main                                  0x08000130   Section        8  __main.o(!!!main)
    !!!scatter                               0x08000138   Section       52  __scatter.o(!!!scatter)
    !!handler_copy                           0x0800016c   Section       26  __scatter_copy.o(!!handler_copy)
    !!handler_zi                             0x08000188   Section       28  __scatter_zi.o(!!handler_zi)
    .ARM.Collect$$_printf_percent$$00000000  0x080001a4   Section        0  _printf_percent.o(.ARM.Collect$$_printf_percent$$00000000)
    .ARM.Collect$$_printf_percent$$00000003  0x080001a4   Section        6  _printf_f.o(.ARM.Collect$$_printf_percent$$00000003)
    .ARM.Collect$$_printf_percent$$00000017  0x080001aa   Section        4  _printf_percent_end.o(.ARM.Collect$$_printf_percent$$00000017)
    .ARM.Collect$$libinit$$00000000          0x080001ae   Section        2  libinit.o(.ARM.Collect$$libinit$$00000000)
    .ARM.Collect$$libinit$$00000002          0x080001b0   Section        0  libinit2.o(.ARM.Collect$$libinit$$00000002)
    .ARM.Collect$$libinit$$00000004          0x080001b0   Section        0  libinit2.o(.ARM.Collect$$libinit$$00000004)
    .ARM.Collect$$libinit$$0000000A          0x080001b0   Section        0  libinit2.o(.ARM.Collect$$libinit$$0000000A)
    .ARM.Collect$$libinit$$0000000C          0x080001b0   Section        0  libinit2.o(.ARM.Collect$$libinit$$0000000C)
    .ARM.Collect$$libinit$$0000000E          0x080001b0   Section        0  libinit2.o(.ARM.Collect$$libinit$$0000000E)
    .ARM.Collect$$libinit$$0000000F          0x080001b0   Section        6  libinit2.o(.ARM.Collect$$libinit$$0000000F)
    .ARM.Collect$$libinit$$00000011          0x080001b6   Section        0  libinit2.o(.ARM.Collect$$libinit$$00000011)
    .ARM.Collect$$libinit$$00000013          0x080001b6   Section        0  libinit2.o(.ARM.Collect$$libinit$$00000013)
    .ARM.Collect$$libinit$$00000015          0x080001b6   Section        0  libinit2.o(.ARM.Collect$$libinit$$00000015)
    .ARM.Collect$$libinit$$00000016          0x080001b6   Section       10  libinit2.o(.ARM.Collect$$libinit$$00000016)
    .ARM.Collect$$libinit$$00000017          0x080001c0   Section        0  libinit2.o(.ARM.Collect$$libinit$$00000017)
    .ARM.Collect$$libinit$$00000019          0x080001c0   Section        0  libinit2.o(.ARM.Collect$$libinit$$00000019)
    .ARM.Collect$$libinit$$0000001B          0x080001c0   Section        0  libinit2.o(.ARM.Collect$$libinit$$0000001B)
    .ARM.Collect$$libinit$$0000001D          0x080001c0   Section        0  libinit2.o(.ARM.Collect$$libinit$$0000001D)
    .ARM.Collect$$libinit$$0000001F          0x080001c0   Section        0  libinit2.o(.ARM.Collect$$libinit$$0000001F)
    .ARM.Collect$$libinit$$00000021          0x080001c0   Section        0  libinit2.o(.ARM.Collect$$libinit$$00000021)
    .ARM.Collect$$libinit$$00000023          0x080001c0   Section        0  libinit2.o(.ARM.Collect$$libinit$$00000023)
    .ARM.Collect$$libinit$$00000025          0x080001c0   Section        0  libinit2.o(.ARM.Collect$$libinit$$00000025)
    .ARM.Collect$$libinit$$0000002C          0x080001c0   Section        0  libinit2.o(.ARM.Collect$$libinit$$0000002C)
    .ARM.Collect$$libinit$$0000002E          0x080001c0   Section        0  libinit2.o(.ARM.Collect$$libinit$$0000002E)
    .ARM.Collect$$libinit$$00000030          0x080001c0   Section        0  libinit2.o(.ARM.Collect$$libinit$$00000030)
    .ARM.Collect$$libinit$$00000032          0x080001c0   Section        0  libinit2.o(.ARM.Collect$$libinit$$00000032)
    .ARM.Collect$$libinit$$00000033          0x080001c0   Section        2  libinit2.o(.ARM.Collect$$libinit$$00000033)
    .ARM.Collect$$libshutdown$$00000000      0x080001c2   Section        2  libshutdown.o(.ARM.Collect$$libshutdown$$00000000)
    .ARM.Collect$$libshutdown$$00000002      0x080001c4   Section        0  libshutdown2.o(.ARM.Collect$$libshutdown$$00000002)
    .ARM.Collect$$libshutdown$$00000004      0x080001c4   Section        0  libshutdown2.o(.ARM.Collect$$libshutdown$$00000004)
    .ARM.Collect$$libshutdown$$00000006      0x080001c4   Section        0  libshutdown2.o(.ARM.Collect$$libshutdown$$00000006)
    .ARM.Collect$$libshutdown$$00000009      0x080001c4   Section        0  libshutdown2.o(.ARM.Collect$$libshutdown$$00000009)
    .ARM.Collect$$libshutdown$$0000000C      0x080001c4   Section        0  libshutdown2.o(.ARM.Collect$$libshutdown$$0000000C)
    .ARM.Collect$$libshutdown$$0000000E      0x080001c4   Section        0  libshutdown2.o(.ARM.Collect$$libshutdown$$0000000E)
    .ARM.Collect$$libshutdown$$00000011      0x080001c4   Section        0  libshutdown2.o(.ARM.Collect$$libshutdown$$00000011)
    .ARM.Collect$$libshutdown$$00000012      0x080001c4   Section        2  libshutdown2.o(.ARM.Collect$$libshutdown$$00000012)
    .ARM.Collect$$rtentry$$00000000          0x080001c6   Section        0  __rtentry.o(.ARM.Collect$$rtentry$$00000000)
    .ARM.Collect$$rtentry$$00000002          0x080001c6   Section        0  __rtentry2.o(.ARM.Collect$$rtentry$$00000002)
    .ARM.Collect$$rtentry$$00000004          0x080001c6   Section        6  __rtentry4.o(.ARM.Collect$$rtentry$$00000004)
    .ARM.Collect$$rtentry$$00000009          0x080001cc   Section        0  __rtentry2.o(.ARM.Collect$$rtentry$$00000009)
    .ARM.Collect$$rtentry$$0000000A          0x080001cc   Section        4  __rtentry2.o(.ARM.Collect$$rtentry$$0000000A)
    .ARM.Collect$$rtentry$$0000000C          0x080001d0   Section        0  __rtentry2.o(.ARM.Collect$$rtentry$$0000000C)
    .ARM.Collect$$rtentry$$0000000D          0x080001d0   Section        8  __rtentry2.o(.ARM.Collect$$rtentry$$0000000D)
    .ARM.Collect$$rtexit$$00000000           0x080001d8   Section        2  rtexit.o(.ARM.Collect$$rtexit$$00000000)
    .ARM.Collect$$rtexit$$00000002           0x080001da   Section        0  rtexit2.o(.ARM.Collect$$rtexit$$00000002)
    .ARM.Collect$$rtexit$$00000003           0x080001da   Section        4  rtexit2.o(.ARM.Collect$$rtexit$$00000003)
    .ARM.Collect$$rtexit$$00000004           0x080001de   Section        6  rtexit2.o(.ARM.Collect$$rtexit$$00000004)
    .text                                    0x080001e4   Section       64  startup_stm32f10x_hd.o(.text)
    .text                                    0x08000224   Section        2  use_no_semi_2.o(.text)
    .text                                    0x08000228   Section        0  noretval__2printf.o(.text)
    .text                                    0x08000240   Section        0  __printf.o(.text)
    .text                                    0x080002a8   Section        0  heapauxi.o(.text)
    .text                                    0x080002ae   Section        2  use_no_semi.o(.text)
    .text                                    0x080002b0   Section        0  _rserrno.o(.text)
    .text                                    0x080002c6   Section        0  _printf_fp_dec.o(.text)
    _fp_digits                               0x080002c9   Thumb Code   432  _printf_fp_dec.o(.text)
    .text                                    0x080006e4   Section        0  _printf_char_file.o(.text)
    .text                                    0x08000708   Section        8  rt_locale_intlibspace.o(.text)
    .text                                    0x08000710   Section        8  rt_errno_addr_intlibspace.o(.text)
    .text                                    0x08000718   Section      138  lludiv10.o(.text)
    .text                                    0x080007a4   Section        0  _printf_char_common.o(.text)
    _printf_input_char                       0x080007a5   Thumb Code    10  _printf_char_common.o(.text)
    .text                                    0x080007d4   Section        0  _printf_fp_infnan.o(.text)
    .text                                    0x08000854   Section        0  bigflt0.o(.text)
    .text                                    0x08000938   Section        0  ferror.o(.text)
    .text                                    0x08000940   Section        8  libspace.o(.text)
    .text                                    0x08000948   Section       74  sys_stackheap_outer.o(.text)
    .text                                    0x08000992   Section        0  exit.o(.text)
    .text                                    0x080009a4   Section      128  strcmpv7m.o(.text)
    CL$$btod_d2e                             0x08000a24   Section       62  btod.o(CL$$btod_d2e)
    CL$$btod_d2e_denorm_low                  0x08000a62   Section       70  btod.o(CL$$btod_d2e_denorm_low)
    CL$$btod_d2e_norm_op1                    0x08000aa8   Section       96  btod.o(CL$$btod_d2e_norm_op1)
    CL$$btod_div_common                      0x08000b08   Section      824  btod.o(CL$$btod_div_common)
    CL$$btod_e2e                             0x08000e40   Section      220  btod.o(CL$$btod_e2e)
    CL$$btod_ediv                            0x08000f1c   Section       42  btod.o(CL$$btod_ediv)
    CL$$btod_emul                            0x08000f46   Section       42  btod.o(CL$$btod_emul)
    CL$$btod_mult_common                     0x08000f70   Section      580  btod.o(CL$$btod_mult_common)
    i.ADC1_2_IRQHandler                      0x080011b4   Section        0  stm32f10x_it.o(i.ADC1_2_IRQHandler)
    i.ADC_GetConversionValue                 0x080011cc   Section        0  stm32f10x_adc.o(i.ADC_GetConversionValue)
    i.BusFault_Handler                       0x080011d4   Section        0  stm32f10x_it.o(i.BusFault_Handler)
    i.DebugMon_Handler                       0x080011d8   Section        0  stm32f10x_it.o(i.DebugMon_Handler)
    i.GPIO_Init                              0x080011da   Section        0  stm32f10x_gpio.o(i.GPIO_Init)
    i.HardFault_Handler                      0x080012f0   Section        0  stm32f10x_it.o(i.HardFault_Handler)
    i.I2C_AcknowledgeConfig                  0x080012f4   Section        0  stm32f10x_i2c.o(i.I2C_AcknowledgeConfig)
    i.I2C_CheckEvent                         0x0800130c   Section        0  stm32f10x_i2c.o(i.I2C_CheckEvent)
    i.I2C_Cmd                                0x08001336   Section        0  stm32f10x_i2c.o(i.I2C_Cmd)
    i.I2C_DeInit                             0x08001350   Section        0  stm32f10x_i2c.o(i.I2C_DeInit)
    i.I2C_GenerateSTART                      0x08001388   Section        0  stm32f10x_i2c.o(i.I2C_GenerateSTART)
    i.I2C_GenerateSTOP                       0x080013a0   Section        0  stm32f10x_i2c.o(i.I2C_GenerateSTOP)
    i.I2C_GetFlagStatus                      0x080013b8   Section        0  stm32f10x_i2c.o(i.I2C_GetFlagStatus)
    i.I2C_Init                               0x080013f4   Section        0  stm32f10x_i2c.o(i.I2C_Init)
    i.I2C_ReceiveData                        0x080014e0   Section        0  stm32f10x_i2c.o(i.I2C_ReceiveData)
    i.I2C_Send7bitAddress                    0x080014e8   Section        0  stm32f10x_i2c.o(i.I2C_Send7bitAddress)
    i.I2C_SendData                           0x080014fa   Section        0  stm32f10x_i2c.o(i.I2C_SendData)
    i.IMU_GetValues                          0x08001500   Section        0  imu.o(i.IMU_GetValues)
    i.IMU_Init                               0x0800154c   Section        0  imu.o(i.IMU_Init)
    i.IMU_Update                             0x08001568   Section        0  imu.o(i.IMU_Update)
    i.MPU6050_GetAccelerometer               0x08001808   Section        0  mpu6050.o(i.MPU6050_GetAccelerometer)
    i.MPU6050_GetAvg                         0x08001858   Section        0  imu.o(i.MPU6050_GetAvg)
    MPU6050_GetAvg                           0x08001859   Thumb Code    30  imu.o(i.MPU6050_GetAvg)
    i.MPU6050_GetGyroscope                   0x08001876   Section        0  mpu6050.o(i.MPU6050_GetGyroscope)
    i.MPU6050_Init                           0x080018c8   Section        0  mpu6050.o(i.MPU6050_Init)
    i.MPU6050_Init_Offset                    0x080019b4   Section        0  imu.o(i.MPU6050_Init_Offset)
    i.MPU6050_NewVal                         0x08001a6c   Section        0  imu.o(i.MPU6050_NewVal)
    i.MPU6050_ReadByte                       0x08001a7c   Section        0  mpu6050.o(i.MPU6050_ReadByte)
    i.MPU6050_ReadGyro_Acc                   0x08001b50   Section        0  imu.o(i.MPU6050_ReadGyro_Acc)
    i.MPU6050_ReadLen                        0x08001cd4   Section        0  mpu6050.o(i.MPU6050_ReadLen)
    i.MPU6050_SetAccelFsr                    0x08001dc0   Section        0  mpu6050.o(i.MPU6050_SetAccelFsr)
    i.MPU6050_SetGyroFsr                     0x08001dd0   Section        0  mpu6050.o(i.MPU6050_SetGyroFsr)
    i.MPU6050_SetLPF                         0x08001de0   Section        0  mpu6050.o(i.MPU6050_SetLPF)
    i.MPU6050_SetRate                        0x08001e1a   Section        0  mpu6050.o(i.MPU6050_SetRate)
    i.MPU6050_WriteByte                      0x08001e54   Section        0  mpu6050.o(i.MPU6050_WriteByte)
    i.MahonyAHRSupdateIMU                    0x08001ee0   Section        0  mahonyahrs.o(i.MahonyAHRSupdateIMU)
    i.MemManage_Handler                      0x080022e4   Section        0  stm32f10x_it.o(i.MemManage_Handler)
    i.NMI_Handler                            0x080022e8   Section        0  stm32f10x_it.o(i.NMI_Handler)
    i.NVIC_Init                              0x080022ec   Section        0  misc.o(i.NVIC_Init)
    i.PendSV_Handler                         0x0800235c   Section        0  stm32f10x_it.o(i.PendSV_Handler)
    i.RCC_APB1PeriphClockCmd                 0x08002360   Section        0  stm32f10x_rcc.o(i.RCC_APB1PeriphClockCmd)
    i.RCC_APB1PeriphResetCmd                 0x08002380   Section        0  stm32f10x_rcc.o(i.RCC_APB1PeriphResetCmd)
    i.RCC_APB2PeriphClockCmd                 0x080023a0   Section        0  stm32f10x_rcc.o(i.RCC_APB2PeriphClockCmd)
    i.RCC_GetClocksFreq                      0x080023c0   Section        0  stm32f10x_rcc.o(i.RCC_GetClocksFreq)
    i.SVC_Handler                            0x08002494   Section        0  stm32f10x_it.o(i.SVC_Handler)
    i.SetSysClock                            0x08002496   Section        0  system_stm32f10x.o(i.SetSysClock)
    SetSysClock                              0x08002497   Thumb Code     8  system_stm32f10x.o(i.SetSysClock)
    i.SetSysClockTo72                        0x080024a0   Section        0  system_stm32f10x.o(i.SetSysClockTo72)
    SetSysClockTo72                          0x080024a1   Thumb Code   214  system_stm32f10x.o(i.SetSysClockTo72)
    i.SysTick_CLKSourceConfig                0x08002580   Section        0  misc.o(i.SysTick_CLKSourceConfig)
    i.SysTick_Handler                        0x080025a8   Section        0  stm32f10x_it.o(i.SysTick_Handler)
    i.SystemInit                             0x080025ac   Section        0  system_stm32f10x.o(i.SystemInit)
    i.TIM3_IRQHandler                        0x0800260c   Section        0  timer.o(i.TIM3_IRQHandler)
    i.TIM_ClearITPendingBit                  0x08002624   Section        0  stm32f10x_tim.o(i.TIM_ClearITPendingBit)
    i.TIM_GetITStatus                        0x0800262a   Section        0  stm32f10x_tim.o(i.TIM_GetITStatus)
    i.USART1_IRQHandler                      0x0800264c   Section        0  usart.o(i.USART1_IRQHandler)
    i.USART_Cmd                              0x080026d4   Section        0  stm32f10x_usart.o(i.USART_Cmd)
    i.USART_GetITStatus                      0x080026ec   Section        0  stm32f10x_usart.o(i.USART_GetITStatus)
    i.USART_ITConfig                         0x08002740   Section        0  stm32f10x_usart.o(i.USART_ITConfig)
    i.USART_Init                             0x0800278c   Section        0  stm32f10x_usart.o(i.USART_Init)
    i.USART_ReceiveData                      0x08002864   Section        0  stm32f10x_usart.o(i.USART_ReceiveData)
    i.UsageFault_Handler                     0x0800286e   Section        0  stm32f10x_it.o(i.UsageFault_Handler)
    i.__ARM_fpclassify                       0x08002872   Section        0  fpclassify.o(i.__ARM_fpclassify)
    i.__kernel_poly                          0x0800289a   Section        0  poly.o(i.__kernel_poly)
    i.__mathlib_dbl_infnan                   0x08002944   Section        0  dunder.o(i.__mathlib_dbl_infnan)
    i.__mathlib_dbl_infnan2                  0x0800294a   Section        0  dunder.o(i.__mathlib_dbl_infnan2)
    i.__mathlib_dbl_invalid                  0x0800294e   Section        0  dunder.o(i.__mathlib_dbl_invalid)
    i.__mathlib_dbl_underflow                0x0800295c   Section        0  dunder.o(i.__mathlib_dbl_underflow)
    i._sys_exit                              0x0800296c   Section        0  usart.o(i._sys_exit)
    i.asin                                   0x08002970   Section        0  asin.o(i.asin)
    i.atan                                   0x08002be0   Section        0  atan.o(i.atan)
    i.atan2                                  0x08002e00   Section        0  atan2.o(i.atan2)
    i.delay_init                             0x08002f9c   Section        0  delay.o(i.delay_init)
    i.delay_ms                               0x08002fe0   Section        0  delay.o(i.delay_ms)
    i.fputc                                  0x0800302c   Section        0  usart.o(i.fputc)
    i.invSqrt                                0x08003048   Section        0  mahonyahrs.o(i.invSqrt)
    invSqrt                                  0x08003049   Thumb Code    72  mahonyahrs.o(i.invSqrt)
    i.main                                   0x08003094   Section        0  main.o(i.main)
    i.sqrt                                   0x080030c0   Section        0  sqrt.o(i.sqrt)
    i.uart_init                              0x0800310c   Section        0  usart.o(i.uart_init)
    locale$$code                             0x080031ac   Section       44  lc_numeric_c.o(locale$$code)
    x$fpl$d2f                                0x080031d8   Section       98  d2f.o(x$fpl$d2f)
    x$fpl$dadd                               0x0800323c   Section      336  daddsub_clz.o(x$fpl$dadd)
    _dadd1                                   0x0800324d   Thumb Code     0  daddsub_clz.o(x$fpl$dadd)
    x$fpl$dcheck1                            0x0800338c   Section       16  dcheck1.o(x$fpl$dcheck1)
    x$fpl$dcmpinf                            0x0800339c   Section       24  dcmpi.o(x$fpl$dcmpinf)
    x$fpl$ddiv                               0x080033b4   Section      688  ddiv.o(x$fpl$ddiv)
    ddiv_entry                               0x080033bb   Thumb Code     0  ddiv.o(x$fpl$ddiv)
    x$fpl$deqf                               0x08003664   Section      120  deqf.o(x$fpl$deqf)
    x$fpl$dmul                               0x080036dc   Section      340  dmul.o(x$fpl$dmul)
    x$fpl$dnaninf                            0x08003830   Section      156  dnaninf.o(x$fpl$dnaninf)
    x$fpl$dretinf                            0x080038cc   Section       12  dretinf.o(x$fpl$dretinf)
    x$fpl$drsb                               0x080038d8   Section       22  daddsub_clz.o(x$fpl$drsb)
    x$fpl$dsqrt                              0x080038f0   Section      460  dsqrt_noumaal.o(x$fpl$dsqrt)
    x$fpl$dsub                               0x08003abc   Section      468  daddsub_clz.o(x$fpl$dsub)
    _dsub1                                   0x08003acd   Thumb Code     0  daddsub_clz.o(x$fpl$dsub)
    x$fpl$f2d                                0x08003c90   Section       86  f2d.o(x$fpl$f2d)
    x$fpl$fadd                               0x08003ce8   Section      196  faddsub_clz.o(x$fpl$fadd)
    _fadd1                                   0x08003cf7   Thumb Code     0  faddsub_clz.o(x$fpl$fadd)
    x$fpl$fcmpinf                            0x08003dac   Section       24  fcmpi.o(x$fpl$fcmpinf)
    x$fpl$fdiv                               0x08003dc4   Section      388  fdiv.o(x$fpl$fdiv)
    _fdiv1                                   0x08003dc5   Thumb Code     0  fdiv.o(x$fpl$fdiv)
    x$fpl$feqf                               0x08003f48   Section      104  feqf.o(x$fpl$feqf)
    x$fpl$ffix                               0x08003fb0   Section       54  ffix.o(x$fpl$ffix)
    x$fpl$fflt                               0x08003fe8   Section       48  fflt_clz.o(x$fpl$fflt)
    x$fpl$fleqf                              0x08004018   Section      104  fleqf.o(x$fpl$fleqf)
    x$fpl$fmul                               0x08004080   Section      258  fmul.o(x$fpl$fmul)
    x$fpl$fnaninf                            0x08004182   Section      140  fnaninf.o(x$fpl$fnaninf)
    x$fpl$fretinf                            0x0800420e   Section       10  fretinf.o(x$fpl$fretinf)
    x$fpl$frleqf                             0x08004218   Section       98  frleqf.o(x$fpl$frleqf)
    x$fpl$frsb                               0x0800427a   Section       20  faddsub_clz.o(x$fpl$frsb)
    x$fpl$fsub                               0x08004290   Section      234  faddsub_clz.o(x$fpl$fsub)
    _fsub1                                   0x0800429f   Thumb Code     0  faddsub_clz.o(x$fpl$fsub)
    x$fpl$printf1                            0x0800437a   Section        4  printf1.o(x$fpl$printf1)
    x$fpl$retnan                             0x0800437e   Section      100  retnan.o(x$fpl$retnan)
    x$fpl$scalbn                             0x080043e2   Section       92  scalbn.o(x$fpl$scalbn)
    x$fpl$trapveneer                         0x0800443e   Section       48  trapv.o(x$fpl$trapveneer)
    x$fpl$usenofp                            0x0800446e   Section        0  usenofp.o(x$fpl$usenofp)
    .constdata                               0x08004470   Section       80  asin.o(.constdata)
    pS                                       0x08004470   Data          48  asin.o(.constdata)
    qS                                       0x080044a0   Data          32  asin.o(.constdata)
    .constdata                               0x080044c0   Section      152  atan.o(.constdata)
    atanhi                                   0x080044c0   Data          32  atan.o(.constdata)
    atanlo                                   0x080044e0   Data          32  atan.o(.constdata)
    aTodd                                    0x08004500   Data          40  atan.o(.constdata)
    aTeven                                   0x08004528   Data          48  atan.o(.constdata)
    .constdata                               0x08004558   Section        8  qnan.o(.constdata)
    .constdata                               0x08004560   Section      148  bigflt0.o(.constdata)
    tenpwrs_x                                0x08004560   Data          60  bigflt0.o(.constdata)
    tenpwrs_i                                0x0800459c   Data          64  bigflt0.o(.constdata)
    locale$$data                             0x08004614   Section       28  lc_numeric_c.o(locale$$data)
    __lcnum_c_name                           0x08004618   Data           2  lc_numeric_c.o(locale$$data)
    __lcnum_c_start                          0x08004620   Data           0  lc_numeric_c.o(locale$$data)
    __lcnum_c_point                          0x0800462c   Data           0  lc_numeric_c.o(locale$$data)
    __lcnum_c_thousands                      0x0800462e   Data           0  lc_numeric_c.o(locale$$data)
    __lcnum_c_grouping                       0x0800462f   Data           0  lc_numeric_c.o(locale$$data)
    __lcnum_c_end                            0x08004630   Data           0  lc_numeric_c.o(locale$$data)
    .data                                    0x20000000   Section       20  stm32f10x_rcc.o(.data)
    APBAHBPrescTable                         0x20000000   Data          16  stm32f10x_rcc.o(.data)
    ADCPrescTable                            0x20000010   Data           4  stm32f10x_rcc.o(.data)
    .data                                    0x20000014   Section       26  imu.o(.data)
    Pitch_offset                             0x20000014   Data           4  imu.o(.data)
    Roll_offset                              0x20000018   Data           4  imu.o(.data)
    Yaw_offset                               0x2000001c   Data           4  imu.o(.data)
    Wr_Index                                 0x20000020   Data           1  imu.o(.data)
    gx                                       0x20000022   Data           2  imu.o(.data)
    gy                                       0x20000024   Data           2  imu.o(.data)
    gz                                       0x20000026   Data           2  imu.o(.data)
    ax                                       0x20000028   Data           2  imu.o(.data)
    ay                                       0x2000002a   Data           2  imu.o(.data)
    az                                       0x2000002c   Data           2  imu.o(.data)
    .data                                    0x20000030   Section       36  mahonyahrs.o(.data)
    .data                                    0x20000054   Section        4  delay.o(.data)
    fac_us                                   0x20000054   Data           1  delay.o(.data)
    fac_ms                                   0x20000056   Data           2  delay.o(.data)
    .data                                    0x20000058   Section        6  usart.o(.data)
    .data                                    0x2000005e   Section        2  stm32f10x_it.o(.data)
    .data                                    0x20000060   Section       20  system_stm32f10x.o(.data)
    .bss                                     0x20000074   Section      184  imu.o(.bss)
    imu                                      0x200000ec   Data          36  imu.o(.bss)
    buf                                      0x20000110   Data          12  imu.o(.bss)
    q                                        0x2000011c   Data          16  imu.o(.bss)
    .bss                                     0x2000012c   Section      200  usart.o(.bss)
    .bss                                     0x200001f4   Section       96  libspace.o(.bss)
    HEAP                                     0x20000258   Section      512  startup_stm32f10x_hd.o(HEAP)
    Heap_Mem                                 0x20000258   Data         512  startup_stm32f10x_hd.o(HEAP)
    STACK                                    0x20000458   Section     1024  startup_stm32f10x_hd.o(STACK)
    Stack_Mem                                0x20000458   Data        1024  startup_stm32f10x_hd.o(STACK)
    __initial_sp                             0x20000858   Data           0  startup_stm32f10x_hd.o(STACK)

    Global Symbols

    Symbol Name                              Value     Ov Type        Size  Object(Section)

    BuildAttributes$$THM_ISAv4$P$D$K$B$S$PE$A:L22UL41UL21$X:L11$S22US41US21$IEEE1$IW$USESV6$~STKCKD$USESV7$~SHL$OTIME$ROPI$IEEEX$EBA8$UX$STANDARDLIB$REQ8$PRES8$EABIv2 0x00000000   Number         0  anon$$obj.o ABSOLUTE
    __ARM_use_no_argv                        0x00000000   Number         0  main.o ABSOLUTE
    __ARM_exceptions_init                     - Undefined Weak Reference
    __alloca_initialize                       - Undefined Weak Reference
    __arm_fini_                               - Undefined Weak Reference
    __arm_preinit_                            - Undefined Weak Reference
    __cpp_initialize__aeabi_                  - Undefined Weak Reference
    __cxa_finalize                            - Undefined Weak Reference
    __sigvec_lookup                           - Undefined Weak Reference
    _atexit_init                              - Undefined Weak Reference
    _call_atexit_fns                          - Undefined Weak Reference
    _clock_init                               - Undefined Weak Reference
    _fp_trap_init                             - Undefined Weak Reference
    _fp_trap_shutdown                         - Undefined Weak Reference
    _get_lc_collate                           - Undefined Weak Reference
    _get_lc_ctype                             - Undefined Weak Reference
    _get_lc_monetary                          - Undefined Weak Reference
    _get_lc_time                              - Undefined Weak Reference
    _getenv_init                              - Undefined Weak Reference
    _handle_redirection                       - Undefined Weak Reference
    _init_alloc                               - Undefined Weak Reference
    _init_user_alloc                          - Undefined Weak Reference
    _initio                                   - Undefined Weak Reference
    _mutex_acquire                            - Undefined Weak Reference
    _mutex_release                            - Undefined Weak Reference
    _printf_post_padding                      - Undefined Weak Reference
    _printf_pre_padding                       - Undefined Weak Reference
    _rand_init                                - Undefined Weak Reference
    _signal_finish                            - Undefined Weak Reference
    _signal_init                              - Undefined Weak Reference
    _terminate_alloc                          - Undefined Weak Reference
    _terminate_user_alloc                     - Undefined Weak Reference
    _terminateio                              - Undefined Weak Reference
    __Vectors_Size                           0x00000130   Number         0  startup_stm32f10x_hd.o ABSOLUTE
    __Vectors                                0x08000000   Data           4  startup_stm32f10x_hd.o(RESET)
    __Vectors_End                            0x08000130   Data           0  startup_stm32f10x_hd.o(RESET)
    __main                                   0x08000131   Thumb Code     8  __main.o(!!!main)
    __scatterload                            0x08000139   Thumb Code     0  __scatter.o(!!!scatter)
    __scatterload_rt2                        0x08000139   Thumb Code    44  __scatter.o(!!!scatter)
    __scatterload_rt2_thumb_only             0x08000139   Thumb Code     0  __scatter.o(!!!scatter)
    __scatterload_null                       0x08000147   Thumb Code     0  __scatter.o(!!!scatter)
    __scatterload_copy                       0x0800016d   Thumb Code    26  __scatter_copy.o(!!handler_copy)
    __scatterload_zeroinit                   0x08000189   Thumb Code    28  __scatter_zi.o(!!handler_zi)
    _printf_f                                0x080001a5   Thumb Code     0  _printf_f.o(.ARM.Collect$$_printf_percent$$00000003)
    _printf_percent                          0x080001a5   Thumb Code     0  _printf_percent.o(.ARM.Collect$$_printf_percent$$00000000)
    _printf_percent_end                      0x080001ab   Thumb Code     0  _printf_percent_end.o(.ARM.Collect$$_printf_percent$$00000017)
    __rt_lib_init                            0x080001af   Thumb Code     0  libinit.o(.ARM.Collect$$libinit$$00000000)
    __rt_lib_init_fp_1                       0x080001b1   Thumb Code     0  libinit2.o(.ARM.Collect$$libinit$$00000002)
    __rt_lib_init_heap_1                     0x080001b1   Thumb Code     0  libinit2.o(.ARM.Collect$$libinit$$0000000A)
    __rt_lib_init_lc_common                  0x080001b1   Thumb Code     0  libinit2.o(.ARM.Collect$$libinit$$0000000F)
    __rt_lib_init_preinit_1                  0x080001b1   Thumb Code     0  libinit2.o(.ARM.Collect$$libinit$$00000004)
    __rt_lib_init_rand_1                     0x080001b1   Thumb Code     0  libinit2.o(.ARM.Collect$$libinit$$0000000E)
    __rt_lib_init_user_alloc_1               0x080001b1   Thumb Code     0  libinit2.o(.ARM.Collect$$libinit$$0000000C)
    __rt_lib_init_lc_collate_1               0x080001b7   Thumb Code     0  libinit2.o(.ARM.Collect$$libinit$$00000011)
    __rt_lib_init_lc_ctype_1                 0x080001b7   Thumb Code     0  libinit2.o(.ARM.Collect$$libinit$$00000013)
    __rt_lib_init_lc_monetary_1              0x080001b7   Thumb Code     0  libinit2.o(.ARM.Collect$$libinit$$00000015)
    __rt_lib_init_lc_numeric_2               0x080001b7   Thumb Code     0  libinit2.o(.ARM.Collect$$libinit$$00000016)
    __rt_lib_init_alloca_1                   0x080001c1   Thumb Code     0  libinit2.o(.ARM.Collect$$libinit$$0000002E)
    __rt_lib_init_argv_1                     0x080001c1   Thumb Code     0  libinit2.o(.ARM.Collect$$libinit$$0000002C)
    __rt_lib_init_atexit_1                   0x080001c1   Thumb Code     0  libinit2.o(.ARM.Collect$$libinit$$0000001B)
    __rt_lib_init_clock_1                    0x080001c1   Thumb Code     0  libinit2.o(.ARM.Collect$$libinit$$00000021)
    __rt_lib_init_cpp_1                      0x080001c1   Thumb Code     0  libinit2.o(.ARM.Collect$$libinit$$00000032)
    __rt_lib_init_exceptions_1               0x080001c1   Thumb Code     0  libinit2.o(.ARM.Collect$$libinit$$00000030)
    __rt_lib_init_fp_trap_1                  0x080001c1   Thumb Code     0  libinit2.o(.ARM.Collect$$libinit$$0000001F)
    __rt_lib_init_getenv_1                   0x080001c1   Thumb Code     0  libinit2.o(.ARM.Collect$$libinit$$00000023)
    __rt_lib_init_lc_numeric_1               0x080001c1   Thumb Code     0  libinit2.o(.ARM.Collect$$libinit$$00000017)
    __rt_lib_init_lc_time_1                  0x080001c1   Thumb Code     0  libinit2.o(.ARM.Collect$$libinit$$00000019)
    __rt_lib_init_return                     0x080001c1   Thumb Code     0  libinit2.o(.ARM.Collect$$libinit$$00000033)
    __rt_lib_init_signal_1                   0x080001c1   Thumb Code     0  libinit2.o(.ARM.Collect$$libinit$$0000001D)
    __rt_lib_init_stdio_1                    0x080001c1   Thumb Code     0  libinit2.o(.ARM.Collect$$libinit$$00000025)
    __rt_lib_shutdown                        0x080001c3   Thumb Code     0  libshutdown.o(.ARM.Collect$$libshutdown$$00000000)
    __rt_lib_shutdown_cpp_1                  0x080001c5   Thumb Code     0  libshutdown2.o(.ARM.Collect$$libshutdown$$00000004)
    __rt_lib_shutdown_fini_1                 0x080001c5   Thumb Code     0  libshutdown2.o(.ARM.Collect$$libshutdown$$00000002)
    __rt_lib_shutdown_fp_trap_1              0x080001c5   Thumb Code     0  libshutdown2.o(.ARM.Collect$$libshutdown$$00000009)
    __rt_lib_shutdown_heap_1                 0x080001c5   Thumb Code     0  libshutdown2.o(.ARM.Collect$$libshutdown$$00000011)
    __rt_lib_shutdown_return                 0x080001c5   Thumb Code     0  libshutdown2.o(.ARM.Collect$$libshutdown$$00000012)
    __rt_lib_shutdown_signal_1               0x080001c5   Thumb Code     0  libshutdown2.o(.ARM.Collect$$libshutdown$$0000000C)
    __rt_lib_shutdown_stdio_1                0x080001c5   Thumb Code     0  libshutdown2.o(.ARM.Collect$$libshutdown$$00000006)
    __rt_lib_shutdown_user_alloc_1           0x080001c5   Thumb Code     0  libshutdown2.o(.ARM.Collect$$libshutdown$$0000000E)
    __rt_entry                               0x080001c7   Thumb Code     0  __rtentry.o(.ARM.Collect$$rtentry$$00000000)
    __rt_entry_presh_1                       0x080001c7   Thumb Code     0  __rtentry2.o(.ARM.Collect$$rtentry$$00000002)
    __rt_entry_sh                            0x080001c7   Thumb Code     0  __rtentry4.o(.ARM.Collect$$rtentry$$00000004)
    __rt_entry_li                            0x080001cd   Thumb Code     0  __rtentry2.o(.ARM.Collect$$rtentry$$0000000A)
    __rt_entry_postsh_1                      0x080001cd   Thumb Code     0  __rtentry2.o(.ARM.Collect$$rtentry$$00000009)
    __rt_entry_main                          0x080001d1   Thumb Code     0  __rtentry2.o(.ARM.Collect$$rtentry$$0000000D)
    __rt_entry_postli_1                      0x080001d1   Thumb Code     0  __rtentry2.o(.ARM.Collect$$rtentry$$0000000C)
    __rt_exit                                0x080001d9   Thumb Code     0  rtexit.o(.ARM.Collect$$rtexit$$00000000)
    __rt_exit_ls                             0x080001db   Thumb Code     0  rtexit2.o(.ARM.Collect$$rtexit$$00000003)
    __rt_exit_prels_1                        0x080001db   Thumb Code     0  rtexit2.o(.ARM.Collect$$rtexit$$00000002)
    __rt_exit_exit                           0x080001df   Thumb Code     0  rtexit2.o(.ARM.Collect$$rtexit$$00000004)
    Reset_Handler                            0x080001e5   Thumb Code     8  startup_stm32f10x_hd.o(.text)
    ADC3_IRQHandler                          0x080001ff   Thumb Code     0  startup_stm32f10x_hd.o(.text)
    CAN1_RX1_IRQHandler                      0x080001ff   Thumb Code     0  startup_stm32f10x_hd.o(.text)
    CAN1_SCE_IRQHandler                      0x080001ff   Thumb Code     0  startup_stm32f10x_hd.o(.text)
    DMA1_Channel1_IRQHandler                 0x080001ff   Thumb Code     0  startup_stm32f10x_hd.o(.text)
    DMA1_Channel2_IRQHandler                 0x080001ff   Thumb Code     0  startup_stm32f10x_hd.o(.text)
    DMA1_Channel3_IRQHandler                 0x080001ff   Thumb Code     0  startup_stm32f10x_hd.o(.text)
    DMA1_Channel4_IRQHandler                 0x080001ff   Thumb Code     0  startup_stm32f10x_hd.o(.text)
    DMA1_Channel5_IRQHandler                 0x080001ff   Thumb Code     0  startup_stm32f10x_hd.o(.text)
    DMA1_Channel6_IRQHandler                 0x080001ff   Thumb Code     0  startup_stm32f10x_hd.o(.text)
    DMA1_Channel7_IRQHandler                 0x080001ff   Thumb Code     0  startup_stm32f10x_hd.o(.text)
    DMA2_Channel1_IRQHandler                 0x080001ff   Thumb Code     0  startup_stm32f10x_hd.o(.text)
    DMA2_Channel2_IRQHandler                 0x080001ff   Thumb Code     0  startup_stm32f10x_hd.o(.text)
    DMA2_Channel3_IRQHandler                 0x080001ff   Thumb Code     0  startup_stm32f10x_hd.o(.text)
    DMA2_Channel4_5_IRQHandler               0x080001ff   Thumb Code     0  startup_stm32f10x_hd.o(.text)
    EXTI0_IRQHandler                         0x080001ff   Thumb Code     0  startup_stm32f10x_hd.o(.text)
    EXTI15_10_IRQHandler                     0x080001ff   Thumb Code     0  startup_stm32f10x_hd.o(.text)
    EXTI1_IRQHandler                         0x080001ff   Thumb Code     0  startup_stm32f10x_hd.o(.text)
    EXTI2_IRQHandler                         0x080001ff   Thumb Code     0  startup_stm32f10x_hd.o(.text)
    EXTI3_IRQHandler                         0x080001ff   Thumb Code     0  startup_stm32f10x_hd.o(.text)
    EXTI4_IRQHandler                         0x080001ff   Thumb Code     0  startup_stm32f10x_hd.o(.text)
    EXTI9_5_IRQHandler                       0x080001ff   Thumb Code     0  startup_stm32f10x_hd.o(.text)
    FLASH_IRQHandler                         0x080001ff   Thumb Code     0  startup_stm32f10x_hd.o(.text)
    FSMC_IRQHandler                          0x080001ff   Thumb Code     0  startup_stm32f10x_hd.o(.text)
    I2C1_ER_IRQHandler                       0x080001ff   Thumb Code     0  startup_stm32f10x_hd.o(.text)
    I2C1_EV_IRQHandler                       0x080001ff   Thumb Code     0  startup_stm32f10x_hd.o(.text)
    I2C2_ER_IRQHandler                       0x080001ff   Thumb Code     0  startup_stm32f10x_hd.o(.text)
    I2C2_EV_IRQHandler                       0x080001ff   Thumb Code     0  startup_stm32f10x_hd.o(.text)
    PVD_IRQHandler                           0x080001ff   Thumb Code     0  startup_stm32f10x_hd.o(.text)
    RCC_IRQHandler                           0x080001ff   Thumb Code     0  startup_stm32f10x_hd.o(.text)
    RTCAlarm_IRQHandler                      0x080001ff   Thumb Code     0  startup_stm32f10x_hd.o(.text)
    RTC_IRQHandler                           0x080001ff   Thumb Code     0  startup_stm32f10x_hd.o(.text)
    SDIO_IRQHandler                          0x080001ff   Thumb Code     0  startup_stm32f10x_hd.o(.text)
    SPI1_IRQHandler                          0x080001ff   Thumb Code     0  startup_stm32f10x_hd.o(.text)
    SPI2_IRQHandler                          0x080001ff   Thumb Code     0  startup_stm32f10x_hd.o(.text)
    SPI3_IRQHandler                          0x080001ff   Thumb Code     0  startup_stm32f10x_hd.o(.text)
    TAMPER_IRQHandler                        0x080001ff   Thumb Code     0  startup_stm32f10x_hd.o(.text)
    TIM1_BRK_IRQHandler                      0x080001ff   Thumb Code     0  startup_stm32f10x_hd.o(.text)
    TIM1_CC_IRQHandler                       0x080001ff   Thumb Code     0  startup_stm32f10x_hd.o(.text)
    TIM1_TRG_COM_IRQHandler                  0x080001ff   Thumb Code     0  startup_stm32f10x_hd.o(.text)
    TIM1_UP_IRQHandler                       0x080001ff   Thumb Code     0  startup_stm32f10x_hd.o(.text)
    TIM2_IRQHandler                          0x080001ff   Thumb Code     0  startup_stm32f10x_hd.o(.text)
    TIM4_IRQHandler                          0x080001ff   Thumb Code     0  startup_stm32f10x_hd.o(.text)
    TIM5_IRQHandler                          0x080001ff   Thumb Code     0  startup_stm32f10x_hd.o(.text)
    TIM6_IRQHandler                          0x080001ff   Thumb Code     0  startup_stm32f10x_hd.o(.text)
    TIM7_IRQHandler                          0x080001ff   Thumb Code     0  startup_stm32f10x_hd.o(.text)
    TIM8_BRK_IRQHandler                      0x080001ff   Thumb Code     0  startup_stm32f10x_hd.o(.text)
    TIM8_CC_IRQHandler                       0x080001ff   Thumb Code     0  startup_stm32f10x_hd.o(.text)
    TIM8_TRG_COM_IRQHandler                  0x080001ff   Thumb Code     0  startup_stm32f10x_hd.o(.text)
    TIM8_UP_IRQHandler                       0x080001ff   Thumb Code     0  startup_stm32f10x_hd.o(.text)
    UART4_IRQHandler                         0x080001ff   Thumb Code     0  startup_stm32f10x_hd.o(.text)
    UART5_IRQHandler                         0x080001ff   Thumb Code     0  startup_stm32f10x_hd.o(.text)
    USART2_IRQHandler                        0x080001ff   Thumb Code     0  startup_stm32f10x_hd.o(.text)
    USART3_IRQHandler                        0x080001ff   Thumb Code     0  startup_stm32f10x_hd.o(.text)
    USBWakeUp_IRQHandler                     0x080001ff   Thumb Code     0  startup_stm32f10x_hd.o(.text)
    USB_HP_CAN1_TX_IRQHandler                0x080001ff   Thumb Code     0  startup_stm32f10x_hd.o(.text)
    USB_LP_CAN1_RX0_IRQHandler               0x080001ff   Thumb Code     0  startup_stm32f10x_hd.o(.text)
    WWDG_IRQHandler                          0x080001ff   Thumb Code     0  startup_stm32f10x_hd.o(.text)
    __user_initial_stackheap                 0x08000201   Thumb Code     0  startup_stm32f10x_hd.o(.text)
    __use_no_semihosting                     0x08000225   Thumb Code     2  use_no_semi_2.o(.text)
    __2printf                                0x08000229   Thumb Code    20  noretval__2printf.o(.text)
    __printf                                 0x08000241   Thumb Code   104  __printf.o(.text)
    __use_two_region_memory                  0x080002a9   Thumb Code     2  heapauxi.o(.text)
    __rt_heap_escrow$2region                 0x080002ab   Thumb Code     2  heapauxi.o(.text)
    __rt_heap_expand$2region                 0x080002ad   Thumb Code     2  heapauxi.o(.text)
    __I$use$semihosting                      0x080002af   Thumb Code     0  use_no_semi.o(.text)
    __use_no_semihosting_swi                 0x080002af   Thumb Code     2  use_no_semi.o(.text)
    __read_errno                             0x080002b1   Thumb Code    10  _rserrno.o(.text)
    __set_errno                              0x080002bb   Thumb Code    12  _rserrno.o(.text)
    __lib_sel_fp_printf                      0x080002c7   Thumb Code     2  _printf_fp_dec.o(.text)
    _printf_fp_dec_real                      0x08000479   Thumb Code   620  _printf_fp_dec.o(.text)
    _printf_char_file                        0x080006e5   Thumb Code    32  _printf_char_file.o(.text)
    __rt_locale                              0x08000709   Thumb Code     8  rt_locale_intlibspace.o(.text)
    __aeabi_errno_addr                       0x08000711   Thumb Code     8  rt_errno_addr_intlibspace.o(.text)
    __errno$intlibspace                      0x08000711   Thumb Code     0  rt_errno_addr_intlibspace.o(.text)
    __rt_errno_addr$intlibspace              0x08000711   Thumb Code     0  rt_errno_addr_intlibspace.o(.text)
    _ll_udiv10                               0x08000719   Thumb Code   138  lludiv10.o(.text)
    _printf_char_common                      0x080007af   Thumb Code    32  _printf_char_common.o(.text)
    _printf_fp_infnan                        0x080007d5   Thumb Code   112  _printf_fp_infnan.o(.text)
    _btod_etento                             0x08000855   Thumb Code   224  bigflt0.o(.text)
    ferror                                   0x08000939   Thumb Code     8  ferror.o(.text)
    __user_libspace                          0x08000941   Thumb Code     8  libspace.o(.text)
    __user_perproc_libspace                  0x08000941   Thumb Code     0  libspace.o(.text)
    __user_perthread_libspace                0x08000941   Thumb Code     0  libspace.o(.text)
    __user_setup_stackheap                   0x08000949   Thumb Code    74  sys_stackheap_outer.o(.text)
    exit                                     0x08000993   Thumb Code    18  exit.o(.text)
    strcmp                                   0x080009a5   Thumb Code   128  strcmpv7m.o(.text)
    _btod_d2e                                0x08000a25   Thumb Code    62  btod.o(CL$$btod_d2e)
    _d2e_denorm_low                          0x08000a63   Thumb Code    70  btod.o(CL$$btod_d2e_denorm_low)
    _d2e_norm_op1                            0x08000aa9   Thumb Code    96  btod.o(CL$$btod_d2e_norm_op1)
    __btod_div_common                        0x08000b09   Thumb Code   696  btod.o(CL$$btod_div_common)
    _e2e                                     0x08000e41   Thumb Code   220  btod.o(CL$$btod_e2e)
    _btod_ediv                               0x08000f1d   Thumb Code    42  btod.o(CL$$btod_ediv)
    _btod_emul                               0x08000f47   Thumb Code    42  btod.o(CL$$btod_emul)
    __btod_mult_common                       0x08000f71   Thumb Code   580  btod.o(CL$$btod_mult_common)
    ADC1_2_IRQHandler                        0x080011b5   Thumb Code    14  stm32f10x_it.o(i.ADC1_2_IRQHandler)
    ADC_GetConversionValue                   0x080011cd   Thumb Code     8  stm32f10x_adc.o(i.ADC_GetConversionValue)
    BusFault_Handler                         0x080011d5   Thumb Code     4  stm32f10x_it.o(i.BusFault_Handler)
    DebugMon_Handler                         0x080011d9   Thumb Code     2  stm32f10x_it.o(i.DebugMon_Handler)
    GPIO_Init                                0x080011db   Thumb Code   278  stm32f10x_gpio.o(i.GPIO_Init)
    HardFault_Handler                        0x080012f1   Thumb Code     4  stm32f10x_it.o(i.HardFault_Handler)
    I2C_AcknowledgeConfig                    0x080012f5   Thumb Code    24  stm32f10x_i2c.o(i.I2C_AcknowledgeConfig)
    I2C_CheckEvent                           0x0800130d   Thumb Code    42  stm32f10x_i2c.o(i.I2C_CheckEvent)
    I2C_Cmd                                  0x08001337   Thumb Code    24  stm32f10x_i2c.o(i.I2C_Cmd)
    I2C_DeInit                               0x08001351   Thumb Code    50  stm32f10x_i2c.o(i.I2C_DeInit)
    I2C_GenerateSTART                        0x08001389   Thumb Code    24  stm32f10x_i2c.o(i.I2C_GenerateSTART)
    I2C_GenerateSTOP                         0x080013a1   Thumb Code    24  stm32f10x_i2c.o(i.I2C_GenerateSTOP)
    I2C_GetFlagStatus                        0x080013b9   Thumb Code    58  stm32f10x_i2c.o(i.I2C_GetFlagStatus)
    I2C_Init                                 0x080013f5   Thumb Code   222  stm32f10x_i2c.o(i.I2C_Init)
    I2C_ReceiveData                          0x080014e1   Thumb Code     8  stm32f10x_i2c.o(i.I2C_ReceiveData)
    I2C_Send7bitAddress                      0x080014e9   Thumb Code    18  stm32f10x_i2c.o(i.I2C_Send7bitAddress)
    I2C_SendData                             0x080014fb   Thumb Code     4  stm32f10x_i2c.o(i.I2C_SendData)
    IMU_GetValues                            0x08001501   Thumb Code    70  imu.o(i.IMU_GetValues)
    IMU_Init                                 0x0800154d   Thumb Code    26  imu.o(i.IMU_Init)
    IMU_Update                               0x08001569   Thumb Code   618  imu.o(i.IMU_Update)
    MPU6050_GetAccelerometer                 0x08001809   Thumb Code    80  mpu6050.o(i.MPU6050_GetAccelerometer)
    MPU6050_GetGyroscope                     0x08001877   Thumb Code    80  mpu6050.o(i.MPU6050_GetGyroscope)
    MPU6050_Init                             0x080018c9   Thumb Code   228  mpu6050.o(i.MPU6050_Init)
    MPU6050_Init_Offset                      0x080019b5   Thumb Code   170  imu.o(i.MPU6050_Init_Offset)
    MPU6050_NewVal                           0x08001a6d   Thumb Code    10  imu.o(i.MPU6050_NewVal)
    MPU6050_ReadByte                         0x08001a7d   Thumb Code   200  mpu6050.o(i.MPU6050_ReadByte)
    MPU6050_ReadGyro_Acc                     0x08001b51   Thumb Code   338  imu.o(i.MPU6050_ReadGyro_Acc)
    MPU6050_ReadLen                          0x08001cd5   Thumb Code   224  mpu6050.o(i.MPU6050_ReadLen)
    MPU6050_SetAccelFsr                      0x08001dc1   Thumb Code    16  mpu6050.o(i.MPU6050_SetAccelFsr)
    MPU6050_SetGyroFsr                       0x08001dd1   Thumb Code    16  mpu6050.o(i.MPU6050_SetGyroFsr)
    MPU6050_SetLPF                           0x08001de1   Thumb Code    58  mpu6050.o(i.MPU6050_SetLPF)
    MPU6050_SetRate                          0x08001e1b   Thumb Code    58  mpu6050.o(i.MPU6050_SetRate)
    MPU6050_WriteByte                        0x08001e55   Thumb Code   128  mpu6050.o(i.MPU6050_WriteByte)
    MahonyAHRSupdateIMU                      0x08001ee1   Thumb Code   984  mahonyahrs.o(i.MahonyAHRSupdateIMU)
    MemManage_Handler                        0x080022e5   Thumb Code     4  stm32f10x_it.o(i.MemManage_Handler)
    NMI_Handler                              0x080022e9   Thumb Code     2  stm32f10x_it.o(i.NMI_Handler)
    NVIC_Init                                0x080022ed   Thumb Code   100  misc.o(i.NVIC_Init)
    PendSV_Handler                           0x0800235d   Thumb Code     2  stm32f10x_it.o(i.PendSV_Handler)
    RCC_APB1PeriphClockCmd                   0x08002361   Thumb Code    26  stm32f10x_rcc.o(i.RCC_APB1PeriphClockCmd)
    RCC_APB1PeriphResetCmd                   0x08002381   Thumb Code    26  stm32f10x_rcc.o(i.RCC_APB1PeriphResetCmd)
    RCC_APB2PeriphClockCmd                   0x080023a1   Thumb Code    26  stm32f10x_rcc.o(i.RCC_APB2PeriphClockCmd)
    RCC_GetClocksFreq                        0x080023c1   Thumb Code   192  stm32f10x_rcc.o(i.RCC_GetClocksFreq)
    SVC_Handler                              0x08002495   Thumb Code     2  stm32f10x_it.o(i.SVC_Handler)
    SysTick_CLKSourceConfig                  0x08002581   Thumb Code    40  misc.o(i.SysTick_CLKSourceConfig)
    SysTick_Handler                          0x080025a9   Thumb Code     2  stm32f10x_it.o(i.SysTick_Handler)
    SystemInit                               0x080025ad   Thumb Code    78  system_stm32f10x.o(i.SystemInit)
    TIM3_IRQHandler                          0x0800260d   Thumb Code    20  timer.o(i.TIM3_IRQHandler)
    TIM_ClearITPendingBit                    0x08002625   Thumb Code     6  stm32f10x_tim.o(i.TIM_ClearITPendingBit)
    TIM_GetITStatus                          0x0800262b   Thumb Code    34  stm32f10x_tim.o(i.TIM_GetITStatus)
    USART1_IRQHandler                        0x0800264d   Thumb Code   122  usart.o(i.USART1_IRQHandler)
    USART_Cmd                                0x080026d5   Thumb Code    24  stm32f10x_usart.o(i.USART_Cmd)
    USART_GetITStatus                        0x080026ed   Thumb Code    84  stm32f10x_usart.o(i.USART_GetITStatus)
    USART_ITConfig                           0x08002741   Thumb Code    74  stm32f10x_usart.o(i.USART_ITConfig)
    USART_Init                               0x0800278d   Thumb Code   210  stm32f10x_usart.o(i.USART_Init)
    USART_ReceiveData                        0x08002865   Thumb Code    10  stm32f10x_usart.o(i.USART_ReceiveData)
    UsageFault_Handler                       0x0800286f   Thumb Code     4  stm32f10x_it.o(i.UsageFault_Handler)
    __ARM_fpclassify                         0x08002873   Thumb Code    40  fpclassify.o(i.__ARM_fpclassify)
    __kernel_poly                            0x0800289b   Thumb Code   170  poly.o(i.__kernel_poly)
    __mathlib_dbl_infnan                     0x08002945   Thumb Code     6  dunder.o(i.__mathlib_dbl_infnan)
    __mathlib_dbl_infnan2                    0x0800294b   Thumb Code     4  dunder.o(i.__mathlib_dbl_infnan2)
    __mathlib_dbl_invalid                    0x0800294f   Thumb Code    12  dunder.o(i.__mathlib_dbl_invalid)
    __mathlib_dbl_underflow                  0x0800295d   Thumb Code    10  dunder.o(i.__mathlib_dbl_underflow)
    _sys_exit                                0x0800296d   Thumb Code     4  usart.o(i._sys_exit)
    asin                                     0x08002971   Thumb Code   572  asin.o(i.asin)
    atan                                     0x08002be1   Thumb Code   474  atan.o(i.atan)
    atan2                                    0x08002e01   Thumb Code   374  atan2.o(i.atan2)
    delay_init                               0x08002f9d   Thumb Code    50  delay.o(i.delay_init)
    delay_ms                                 0x08002fe1   Thumb Code    72  delay.o(i.delay_ms)
    fputc                                    0x0800302d   Thumb Code    24  usart.o(i.fputc)
    main                                     0x08003095   Thumb Code    44  main.o(i.main)
    sqrt                                     0x080030c1   Thumb Code    76  sqrt.o(i.sqrt)
    uart_init                                0x0800310d   Thumb Code   152  usart.o(i.uart_init)
    _get_lc_numeric                          0x080031ad   Thumb Code    44  lc_numeric_c.o(locale$$code)
    __aeabi_d2f                              0x080031d9   Thumb Code     0  d2f.o(x$fpl$d2f)
    _d2f                                     0x080031d9   Thumb Code    98  d2f.o(x$fpl$d2f)
    __aeabi_dadd                             0x0800323d   Thumb Code     0  daddsub_clz.o(x$fpl$dadd)
    _dadd                                    0x0800323d   Thumb Code   332  daddsub_clz.o(x$fpl$dadd)
    __fpl_dcheck_NaN1                        0x0800338d   Thumb Code    10  dcheck1.o(x$fpl$dcheck1)
    __fpl_dcmp_Inf                           0x0800339d   Thumb Code    24  dcmpi.o(x$fpl$dcmpinf)
    __aeabi_ddiv                             0x080033b5   Thumb Code     0  ddiv.o(x$fpl$ddiv)
    _ddiv                                    0x080033b5   Thumb Code   552  ddiv.o(x$fpl$ddiv)
    __aeabi_cdcmpeq                          0x08003665   Thumb Code     0  deqf.o(x$fpl$deqf)
    _dcmpeq                                  0x08003665   Thumb Code   120  deqf.o(x$fpl$deqf)
    __aeabi_dmul                             0x080036dd   Thumb Code     0  dmul.o(x$fpl$dmul)
    _dmul                                    0x080036dd   Thumb Code   332  dmul.o(x$fpl$dmul)
    __fpl_dnaninf                            0x08003831   Thumb Code   156  dnaninf.o(x$fpl$dnaninf)
    __fpl_dretinf                            0x080038cd   Thumb Code    12  dretinf.o(x$fpl$dretinf)
    __aeabi_drsub                            0x080038d9   Thumb Code     0  daddsub_clz.o(x$fpl$drsb)
    _drsb                                    0x080038d9   Thumb Code    22  daddsub_clz.o(x$fpl$drsb)
    _dsqrt                                   0x080038f1   Thumb Code   456  dsqrt_noumaal.o(x$fpl$dsqrt)
    __aeabi_dsub                             0x08003abd   Thumb Code     0  daddsub_clz.o(x$fpl$dsub)
    _dsub                                    0x08003abd   Thumb Code   464  daddsub_clz.o(x$fpl$dsub)
    __aeabi_f2d                              0x08003c91   Thumb Code     0  f2d.o(x$fpl$f2d)
    _f2d                                     0x08003c91   Thumb Code    86  f2d.o(x$fpl$f2d)
    __aeabi_fadd                             0x08003ce9   Thumb Code     0  faddsub_clz.o(x$fpl$fadd)
    _fadd                                    0x08003ce9   Thumb Code   196  faddsub_clz.o(x$fpl$fadd)
    __fpl_fcmp_Inf                           0x08003dad   Thumb Code    24  fcmpi.o(x$fpl$fcmpinf)
    __aeabi_fdiv                             0x08003dc5   Thumb Code     0  fdiv.o(x$fpl$fdiv)
    _fdiv                                    0x08003dc5   Thumb Code   384  fdiv.o(x$fpl$fdiv)
    __aeabi_cfcmpeq                          0x08003f49   Thumb Code     0  feqf.o(x$fpl$feqf)
    _fcmpeq                                  0x08003f49   Thumb Code   104  feqf.o(x$fpl$feqf)
    __aeabi_f2iz                             0x08003fb1   Thumb Code     0  ffix.o(x$fpl$ffix)
    _ffix                                    0x08003fb1   Thumb Code    54  ffix.o(x$fpl$ffix)
    __aeabi_i2f                              0x08003fe9   Thumb Code     0  fflt_clz.o(x$fpl$fflt)
    _fflt                                    0x08003fe9   Thumb Code    48  fflt_clz.o(x$fpl$fflt)
    __aeabi_cfcmple                          0x08004019   Thumb Code     0  fleqf.o(x$fpl$fleqf)
    _fcmple                                  0x08004019   Thumb Code   104  fleqf.o(x$fpl$fleqf)
    __fpl_fcmple_InfNaN                      0x0800406b   Thumb Code     0  fleqf.o(x$fpl$fleqf)
    __aeabi_fmul                             0x08004081   Thumb Code     0  fmul.o(x$fpl$fmul)
    _fmul                                    0x08004081   Thumb Code   258  fmul.o(x$fpl$fmul)
    __fpl_fnaninf                            0x08004183   Thumb Code   140  fnaninf.o(x$fpl$fnaninf)
    __fpl_fretinf                            0x0800420f   Thumb Code    10  fretinf.o(x$fpl$fretinf)
    __aeabi_cfrcmple                         0x08004219   Thumb Code     0  frleqf.o(x$fpl$frleqf)
    _frcmple                                 0x08004219   Thumb Code    98  frleqf.o(x$fpl$frleqf)
    __aeabi_frsub                            0x0800427b   Thumb Code     0  faddsub_clz.o(x$fpl$frsb)
    _frsb                                    0x0800427b   Thumb Code    20  faddsub_clz.o(x$fpl$frsb)
    __aeabi_fsub                             0x08004291   Thumb Code     0  faddsub_clz.o(x$fpl$fsub)
    _fsub                                    0x08004291   Thumb Code   234  faddsub_clz.o(x$fpl$fsub)
    _printf_fp_dec                           0x0800437b   Thumb Code     4  printf1.o(x$fpl$printf1)
    __fpl_return_NaN                         0x0800437f   Thumb Code   100  retnan.o(x$fpl$retnan)
    __ARM_scalbn                             0x080043e3   Thumb Code    92  scalbn.o(x$fpl$scalbn)
    __fpl_cmpreturn                          0x0800443f   Thumb Code    48  trapv.o(x$fpl$trapveneer)
    __I$use$fp                               0x0800446e   Number         0  usenofp.o(x$fpl$usenofp)
    __mathlib_zero                           0x08004558   Data           8  qnan.o(.constdata)
    Region$$Table$$Base                      0x080045f4   Number         0  anon$$obj.o(Region$$Table)
    Region$$Table$$Limit                     0x08004614   Number         0  anon$$obj.o(Region$$Table)
    twoKp                                    0x20000030   Data           4  mahonyahrs.o(.data)
    twoKi                                    0x20000034   Data           4  mahonyahrs.o(.data)
    q0                                       0x20000038   Data           4  mahonyahrs.o(.data)
    q1                                       0x2000003c   Data           4  mahonyahrs.o(.data)
    q2                                       0x20000040   Data           4  mahonyahrs.o(.data)
    q3                                       0x20000044   Data           4  mahonyahrs.o(.data)
    integralFBx                              0x20000048   Data           4  mahonyahrs.o(.data)
    integralFBy                              0x2000004c   Data           4  mahonyahrs.o(.data)
    integralFBz                              0x20000050   Data           4  mahonyahrs.o(.data)
    __stdout                                 0x20000058   Data           4  usart.o(.data)
    USART_RX_STA                             0x2000005c   Data           2  usart.o(.data)
    ADC2ConvertedValue                       0x2000005e   Data           2  stm32f10x_it.o(.data)
    SystemCoreClock                          0x20000060   Data           4  system_stm32f10x.o(.data)
    AHBPrescTable                            0x20000064   Data          16  system_stm32f10x.o(.data)
    MPU6050_FIFO                             0x20000074   Data         120  imu.o(.bss)
    USART_RX_BUF                             0x2000012c   Data         200  usart.o(.bss)
    __libspace_start                         0x200001f4   Data          96  libspace.o(.bss)
    __temporary_stack_top$libspace           0x20000254   Data           0  libspace.o(.bss)



==============================================================================

Memory Map of the image

  Image Entry point : 0x08000131

  Load Region LR_IROM1 (Base: 0x08000000, Size: 0x000046a4, Max: 0x00080000, ABSOLUTE)

    Execution Region ER_IROM1 (Exec base: 0x08000000, Load base: 0x08000000, Size: 0x00004630, Max: 0x00080000, ABSOLUTE)

    Exec Addr    Load Addr    Size         Type   Attr      Idx    E Section Name        Object

    0x08000000   0x08000000   0x00000130   Data   RO           19    RESET               startup_stm32f10x_hd.o
    0x08000130   0x08000130   0x00000008   Code   RO         3559  * !!!main             c_w.l(__main.o)
    0x08000138   0x08000138   0x00000034   Code   RO         3911    !!!scatter          c_w.l(__scatter.o)
    0x0800016c   0x0800016c   0x0000001a   Code   RO         3913    !!handler_copy      c_w.l(__scatter_copy.o)
    0x08000186   0x08000186   0x00000002   PAD
    0x08000188   0x08000188   0x0000001c   Code   RO         3915    !!handler_zi        c_w.l(__scatter_zi.o)
    0x080001a4   0x080001a4   0x00000000   Code   RO         3556    .ARM.Collect$$_printf_percent$$00000000  c_w.l(_printf_percent.o)
    0x080001a4   0x080001a4   0x00000006   Code   RO         3555    .ARM.Collect$$_printf_percent$$00000003  c_w.l(_printf_f.o)
    0x080001aa   0x080001aa   0x00000004   Code   RO         3648    .ARM.Collect$$_printf_percent$$00000017  c_w.l(_printf_percent_end.o)
    0x080001ae   0x080001ae   0x00000002   Code   RO         3782    .ARM.Collect$$libinit$$00000000  c_w.l(libinit.o)
    0x080001b0   0x080001b0   0x00000000   Code   RO         3784    .ARM.Collect$$libinit$$00000002  c_w.l(libinit2.o)
    0x080001b0   0x080001b0   0x00000000   Code   RO         3786    .ARM.Collect$$libinit$$00000004  c_w.l(libinit2.o)
    0x080001b0   0x080001b0   0x00000000   Code   RO         3789    .ARM.Collect$$libinit$$0000000A  c_w.l(libinit2.o)
    0x080001b0   0x080001b0   0x00000000   Code   RO         3791    .ARM.Collect$$libinit$$0000000C  c_w.l(libinit2.o)
    0x080001b0   0x080001b0   0x00000000   Code   RO         3793    .ARM.Collect$$libinit$$0000000E  c_w.l(libinit2.o)
    0x080001b0   0x080001b0   0x00000006   Code   RO         3794    .ARM.Collect$$libinit$$0000000F  c_w.l(libinit2.o)
    0x080001b6   0x080001b6   0x00000000   Code   RO         3796    .ARM.Collect$$libinit$$00000011  c_w.l(libinit2.o)
    0x080001b6   0x080001b6   0x00000000   Code   RO         3798    .ARM.Collect$$libinit$$00000013  c_w.l(libinit2.o)
    0x080001b6   0x080001b6   0x00000000   Code   RO         3800    .ARM.Collect$$libinit$$00000015  c_w.l(libinit2.o)
    0x080001b6   0x080001b6   0x0000000a   Code   RO         3801    .ARM.Collect$$libinit$$00000016  c_w.l(libinit2.o)
    0x080001c0   0x080001c0   0x00000000   Code   RO         3802    .ARM.Collect$$libinit$$00000017  c_w.l(libinit2.o)
    0x080001c0   0x080001c0   0x00000000   Code   RO         3804    .ARM.Collect$$libinit$$00000019  c_w.l(libinit2.o)
    0x080001c0   0x080001c0   0x00000000   Code   RO         3806    .ARM.Collect$$libinit$$0000001B  c_w.l(libinit2.o)
    0x080001c0   0x080001c0   0x00000000   Code   RO         3808    .ARM.Collect$$libinit$$0000001D  c_w.l(libinit2.o)
    0x080001c0   0x080001c0   0x00000000   Code   RO         3810    .ARM.Collect$$libinit$$0000001F  c_w.l(libinit2.o)
    0x080001c0   0x080001c0   0x00000000   Code   RO         3812    .ARM.Collect$$libinit$$00000021  c_w.l(libinit2.o)
    0x080001c0   0x080001c0   0x00000000   Code   RO         3814    .ARM.Collect$$libinit$$00000023  c_w.l(libinit2.o)
    0x080001c0   0x080001c0   0x00000000   Code   RO         3816    .ARM.Collect$$libinit$$00000025  c_w.l(libinit2.o)
    0x080001c0   0x080001c0   0x00000000   Code   RO         3820    .ARM.Collect$$libinit$$0000002C  c_w.l(libinit2.o)
    0x080001c0   0x080001c0   0x00000000   Code   RO         3822    .ARM.Collect$$libinit$$0000002E  c_w.l(libinit2.o)
    0x080001c0   0x080001c0   0x00000000   Code   RO         3824    .ARM.Collect$$libinit$$00000030  c_w.l(libinit2.o)
    0x080001c0   0x080001c0   0x00000000   Code   RO         3826    .ARM.Collect$$libinit$$00000032  c_w.l(libinit2.o)
    0x080001c0   0x080001c0   0x00000002   Code   RO         3827    .ARM.Collect$$libinit$$00000033  c_w.l(libinit2.o)
    0x080001c2   0x080001c2   0x00000002   Code   RO         3859    .ARM.Collect$$libshutdown$$00000000  c_w.l(libshutdown.o)
    0x080001c4   0x080001c4   0x00000000   Code   RO         3868    .ARM.Collect$$libshutdown$$00000002  c_w.l(libshutdown2.o)
    0x080001c4   0x080001c4   0x00000000   Code   RO         3870    .ARM.Collect$$libshutdown$$00000004  c_w.l(libshutdown2.o)
    0x080001c4   0x080001c4   0x00000000   Code   RO         3872    .ARM.Collect$$libshutdown$$00000006  c_w.l(libshutdown2.o)
    0x080001c4   0x080001c4   0x00000000   Code   RO         3875    .ARM.Collect$$libshutdown$$00000009  c_w.l(libshutdown2.o)
    0x080001c4   0x080001c4   0x00000000   Code   RO         3878    .ARM.Collect$$libshutdown$$0000000C  c_w.l(libshutdown2.o)
    0x080001c4   0x080001c4   0x00000000   Code   RO         3880    .ARM.Collect$$libshutdown$$0000000E  c_w.l(libshutdown2.o)
    0x080001c4   0x080001c4   0x00000000   Code   RO         3883    .ARM.Collect$$libshutdown$$00000011  c_w.l(libshutdown2.o)
    0x080001c4   0x080001c4   0x00000002   Code   RO         3884    .ARM.Collect$$libshutdown$$00000012  c_w.l(libshutdown2.o)
    0x080001c6   0x080001c6   0x00000000   Code   RO         3641    .ARM.Collect$$rtentry$$00000000  c_w.l(__rtentry.o)
    0x080001c6   0x080001c6   0x00000000   Code   RO         3698    .ARM.Collect$$rtentry$$00000002  c_w.l(__rtentry2.o)
    0x080001c6   0x080001c6   0x00000006   Code   RO         3710    .ARM.Collect$$rtentry$$00000004  c_w.l(__rtentry4.o)
    0x080001cc   0x080001cc   0x00000000   Code   RO         3700    .ARM.Collect$$rtentry$$00000009  c_w.l(__rtentry2.o)
    0x080001cc   0x080001cc   0x00000004   Code   RO         3701    .ARM.Collect$$rtentry$$0000000A  c_w.l(__rtentry2.o)
    0x080001d0   0x080001d0   0x00000000   Code   RO         3703    .ARM.Collect$$rtentry$$0000000C  c_w.l(__rtentry2.o)
    0x080001d0   0x080001d0   0x00000008   Code   RO         3704    .ARM.Collect$$rtentry$$0000000D  c_w.l(__rtentry2.o)
    0x080001d8   0x080001d8   0x00000002   Code   RO         3830    .ARM.Collect$$rtexit$$00000000  c_w.l(rtexit.o)
    0x080001da   0x080001da   0x00000000   Code   RO         3839    .ARM.Collect$$rtexit$$00000002  c_w.l(rtexit2.o)
    0x080001da   0x080001da   0x00000004   Code   RO         3840    .ARM.Collect$$rtexit$$00000003  c_w.l(rtexit2.o)
    0x080001de   0x080001de   0x00000006   Code   RO         3841    .ARM.Collect$$rtexit$$00000004  c_w.l(rtexit2.o)
    0x080001e4   0x080001e4   0x00000040   Code   RO           20    .text               startup_stm32f10x_hd.o
    0x08000224   0x08000224   0x00000002   Code   RO         3527    .text               c_w.l(use_no_semi_2.o)
    0x08000226   0x08000226   0x00000002   PAD
    0x08000228   0x08000228   0x00000018   Code   RO         3531    .text               c_w.l(noretval__2printf.o)
    0x08000240   0x08000240   0x00000068   Code   RO         3533    .text               c_w.l(__printf.o)
    0x080002a8   0x080002a8   0x00000006   Code   RO         3557    .text               c_w.l(heapauxi.o)
    0x080002ae   0x080002ae   0x00000002   Code   RO         3639    .text               c_w.l(use_no_semi.o)
    0x080002b0   0x080002b0   0x00000016   Code   RO         3642    .text               c_w.l(_rserrno.o)
    0x080002c6   0x080002c6   0x0000041e   Code   RO         3644    .text               c_w.l(_printf_fp_dec.o)
    0x080006e4   0x080006e4   0x00000024   Code   RO         3646    .text               c_w.l(_printf_char_file.o)
    0x08000708   0x08000708   0x00000008   Code   RO         3715    .text               c_w.l(rt_locale_intlibspace.o)
    0x08000710   0x08000710   0x00000008   Code   RO         3720    .text               c_w.l(rt_errno_addr_intlibspace.o)
    0x08000718   0x08000718   0x0000008a   Code   RO         3722    .text               c_w.l(lludiv10.o)
    0x080007a2   0x080007a2   0x00000002   PAD
    0x080007a4   0x080007a4   0x00000030   Code   RO         3724    .text               c_w.l(_printf_char_common.o)
    0x080007d4   0x080007d4   0x00000080   Code   RO         3726    .text               c_w.l(_printf_fp_infnan.o)
    0x08000854   0x08000854   0x000000e4   Code   RO         3728    .text               c_w.l(bigflt0.o)
    0x08000938   0x08000938   0x00000008   Code   RO         3753    .text               c_w.l(ferror.o)
    0x08000940   0x08000940   0x00000008   Code   RO         3766    .text               c_w.l(libspace.o)
    0x08000948   0x08000948   0x0000004a   Code   RO         3769    .text               c_w.l(sys_stackheap_outer.o)
    0x08000992   0x08000992   0x00000012   Code   RO         3773    .text               c_w.l(exit.o)
    0x080009a4   0x080009a4   0x00000080   Code   RO         3775    .text               c_w.l(strcmpv7m.o)
    0x08000a24   0x08000a24   0x0000003e   Code   RO         3731    CL$$btod_d2e        c_w.l(btod.o)
    0x08000a62   0x08000a62   0x00000046   Code   RO         3733    CL$$btod_d2e_denorm_low  c_w.l(btod.o)
    0x08000aa8   0x08000aa8   0x00000060   Code   RO         3732    CL$$btod_d2e_norm_op1  c_w.l(btod.o)
    0x08000b08   0x08000b08   0x00000338   Code   RO         3741    CL$$btod_div_common  c_w.l(btod.o)
    0x08000e40   0x08000e40   0x000000dc   Code   RO         3738    CL$$btod_e2e        c_w.l(btod.o)
    0x08000f1c   0x08000f1c   0x0000002a   Code   RO         3735    CL$$btod_ediv       c_w.l(btod.o)
    0x08000f46   0x08000f46   0x0000002a   Code   RO         3734    CL$$btod_emul       c_w.l(btod.o)
    0x08000f70   0x08000f70   0x00000244   Code   RO         3740    CL$$btod_mult_common  c_w.l(btod.o)
    0x080011b4   0x080011b4   0x00000018   Code   RO         3419    i.ADC1_2_IRQHandler  stm32f10x_it.o
    0x080011cc   0x080011cc   0x00000008   Code   RO          158    i.ADC_GetConversionValue  stm32f10x_adc.o
    0x080011d4   0x080011d4   0x00000004   Code   RO         3420    i.BusFault_Handler  stm32f10x_it.o
    0x080011d8   0x080011d8   0x00000002   Code   RO         3421    i.DebugMon_Handler  stm32f10x_it.o
    0x080011da   0x080011da   0x00000116   Code   RO         1258    i.GPIO_Init         stm32f10x_gpio.o
    0x080012f0   0x080012f0   0x00000004   Code   RO         3422    i.HardFault_Handler  stm32f10x_it.o
    0x080012f4   0x080012f4   0x00000018   Code   RO         1367    i.I2C_AcknowledgeConfig  stm32f10x_i2c.o
    0x0800130c   0x0800130c   0x0000002a   Code   RO         1369    i.I2C_CheckEvent    stm32f10x_i2c.o
    0x08001336   0x08001336   0x00000018   Code   RO         1372    i.I2C_Cmd           stm32f10x_i2c.o
    0x0800134e   0x0800134e   0x00000002   PAD
    0x08001350   0x08001350   0x00000038   Code   RO         1375    i.I2C_DeInit        stm32f10x_i2c.o
    0x08001388   0x08001388   0x00000018   Code   RO         1379    i.I2C_GenerateSTART  stm32f10x_i2c.o
    0x080013a0   0x080013a0   0x00000018   Code   RO         1380    i.I2C_GenerateSTOP  stm32f10x_i2c.o
    0x080013b8   0x080013b8   0x0000003a   Code   RO         1381    i.I2C_GetFlagStatus  stm32f10x_i2c.o
    0x080013f2   0x080013f2   0x00000002   PAD
    0x080013f4   0x080013f4   0x000000ec   Code   RO         1386    i.I2C_Init          stm32f10x_i2c.o
    0x080014e0   0x080014e0   0x00000008   Code   RO         1391    i.I2C_ReceiveData   stm32f10x_i2c.o
    0x080014e8   0x080014e8   0x00000012   Code   RO         1393    i.I2C_Send7bitAddress  stm32f10x_i2c.o
    0x080014fa   0x080014fa   0x00000004   Code   RO         1394    i.I2C_SendData      stm32f10x_i2c.o
    0x080014fe   0x080014fe   0x00000002   PAD
    0x08001500   0x08001500   0x0000004c   Code   RO         3173    i.IMU_GetValues     imu.o
    0x0800154c   0x0800154c   0x0000001a   Code   RO         3174    i.IMU_Init          imu.o
    0x08001566   0x08001566   0x00000002   PAD
    0x08001568   0x08001568   0x000002a0   Code   RO         3175    i.IMU_Update        imu.o
    0x08001808   0x08001808   0x00000050   Code   RO         3074    i.MPU6050_GetAccelerometer  mpu6050.o
    0x08001858   0x08001858   0x0000001e   Code   RO         3176    i.MPU6050_GetAvg    imu.o
    0x08001876   0x08001876   0x00000050   Code   RO         3075    i.MPU6050_GetGyroscope  mpu6050.o
    0x080018c6   0x080018c6   0x00000002   PAD
    0x080018c8   0x080018c8   0x000000ec   Code   RO         3077    i.MPU6050_Init      mpu6050.o
    0x080019b4   0x080019b4   0x000000b8   Code   RO         3177    i.MPU6050_Init_Offset  imu.o
    0x08001a6c   0x08001a6c   0x00000010   Code   RO         3179    i.MPU6050_NewVal    imu.o
    0x08001a7c   0x08001a7c   0x000000d4   Code   RO         3078    i.MPU6050_ReadByte  mpu6050.o
    0x08001b50   0x08001b50   0x00000184   Code   RO         3180    i.MPU6050_ReadGyro_Acc  imu.o
    0x08001cd4   0x08001cd4   0x000000ec   Code   RO         3079    i.MPU6050_ReadLen   mpu6050.o
    0x08001dc0   0x08001dc0   0x00000010   Code   RO         3080    i.MPU6050_SetAccelFsr  mpu6050.o
    0x08001dd0   0x08001dd0   0x00000010   Code   RO         3081    i.MPU6050_SetGyroFsr  mpu6050.o
    0x08001de0   0x08001de0   0x0000003a   Code   RO         3082    i.MPU6050_SetLPF    mpu6050.o
    0x08001e1a   0x08001e1a   0x0000003a   Code   RO         3083    i.MPU6050_SetRate   mpu6050.o
    0x08001e54   0x08001e54   0x0000008c   Code   RO         3084    i.MPU6050_WriteByte  mpu6050.o
    0x08001ee0   0x08001ee0   0x00000404   Code   RO         3252    i.MahonyAHRSupdateIMU  mahonyahrs.o
    0x080022e4   0x080022e4   0x00000004   Code   RO         3423    i.MemManage_Handler  stm32f10x_it.o
    0x080022e8   0x080022e8   0x00000002   Code   RO         3424    i.NMI_Handler       stm32f10x_it.o
    0x080022ea   0x080022ea   0x00000002   PAD
    0x080022ec   0x080022ec   0x00000070   Code   RO           24    i.NVIC_Init         misc.o
    0x0800235c   0x0800235c   0x00000002   Code   RO         3425    i.PendSV_Handler    stm32f10x_it.o
    0x0800235e   0x0800235e   0x00000002   PAD
    0x08002360   0x08002360   0x00000020   Code   RO         1674    i.RCC_APB1PeriphClockCmd  stm32f10x_rcc.o
    0x08002380   0x08002380   0x00000020   Code   RO         1675    i.RCC_APB1PeriphResetCmd  stm32f10x_rcc.o
    0x080023a0   0x080023a0   0x00000020   Code   RO         1676    i.RCC_APB2PeriphClockCmd  stm32f10x_rcc.o
    0x080023c0   0x080023c0   0x000000d4   Code   RO         1684    i.RCC_GetClocksFreq  stm32f10x_rcc.o
    0x08002494   0x08002494   0x00000002   Code   RO         3426    i.SVC_Handler       stm32f10x_it.o
    0x08002496   0x08002496   0x00000008   Code   RO         3491    i.SetSysClock       system_stm32f10x.o
    0x0800249e   0x0800249e   0x00000002   PAD
    0x080024a0   0x080024a0   0x000000e0   Code   RO         3492    i.SetSysClockTo72   system_stm32f10x.o
    0x08002580   0x08002580   0x00000028   Code   RO           28    i.SysTick_CLKSourceConfig  misc.o
    0x080025a8   0x080025a8   0x00000002   Code   RO         3427    i.SysTick_Handler   stm32f10x_it.o
    0x080025aa   0x080025aa   0x00000002   PAD
    0x080025ac   0x080025ac   0x00000060   Code   RO         3494    i.SystemInit        system_stm32f10x.o
    0x0800260c   0x0800260c   0x00000018   Code   RO         3284    i.TIM3_IRQHandler   timer.o
    0x08002624   0x08002624   0x00000006   Code   RO         2303    i.TIM_ClearITPendingBit  stm32f10x_tim.o
    0x0800262a   0x0800262a   0x00000022   Code   RO         2329    i.TIM_GetITStatus   stm32f10x_tim.o
    0x0800264c   0x0800264c   0x00000088   Code   RO         3359    i.USART1_IRQHandler  usart.o
    0x080026d4   0x080026d4   0x00000018   Code   RO         2844    i.USART_Cmd         stm32f10x_usart.o
    0x080026ec   0x080026ec   0x00000054   Code   RO         2848    i.USART_GetITStatus  stm32f10x_usart.o
    0x08002740   0x08002740   0x0000004a   Code   RO         2850    i.USART_ITConfig    stm32f10x_usart.o
    0x0800278a   0x0800278a   0x00000002   PAD
    0x0800278c   0x0800278c   0x000000d8   Code   RO         2851    i.USART_Init        stm32f10x_usart.o
    0x08002864   0x08002864   0x0000000a   Code   RO         2858    i.USART_ReceiveData  stm32f10x_usart.o
    0x0800286e   0x0800286e   0x00000004   Code   RO         3428    i.UsageFault_Handler  stm32f10x_it.o
    0x08002872   0x08002872   0x00000028   Code   RO         3692    i.__ARM_fpclassify  m_ws.l(fpclassify.o)
    0x0800289a   0x0800289a   0x000000aa   Code   RO         3694    i.__kernel_poly     m_ws.l(poly.o)
    0x08002944   0x08002944   0x00000006   Code   RO         3679    i.__mathlib_dbl_infnan  m_ws.l(dunder.o)
    0x0800294a   0x0800294a   0x00000004   Code   RO         3680    i.__mathlib_dbl_infnan2  m_ws.l(dunder.o)
    0x0800294e   0x0800294e   0x0000000c   Code   RO         3681    i.__mathlib_dbl_invalid  m_ws.l(dunder.o)
    0x0800295a   0x0800295a   0x00000002   PAD
    0x0800295c   0x0800295c   0x00000010   Code   RO         3684    i.__mathlib_dbl_underflow  m_ws.l(dunder.o)
    0x0800296c   0x0800296c   0x00000004   Code   RO         3360    i._sys_exit         usart.o
    0x08002970   0x08002970   0x00000270   Code   RO         3614    i.asin              m_ws.l(asin.o)
    0x08002be0   0x08002be0   0x00000220   Code   RO         3669    i.atan              m_ws.l(atan.o)
    0x08002e00   0x08002e00   0x0000019c   Code   RO         3624    i.atan2             m_ws.l(atan2.o)
    0x08002f9c   0x08002f9c   0x00000044   Code   RO         3305    i.delay_init        delay.o
    0x08002fe0   0x08002fe0   0x0000004c   Code   RO         3306    i.delay_ms          delay.o
    0x0800302c   0x0800302c   0x0000001c   Code   RO         3361    i.fputc             usart.o
    0x08003048   0x08003048   0x0000004c   Code   RO         3253    i.invSqrt           mahonyahrs.o
    0x08003094   0x08003094   0x0000002c   Code   RO         3401    i.main              main.o
    0x080030c0   0x080030c0   0x0000004c   Code   RO         3632    i.sqrt              m_ws.l(sqrt.o)
    0x0800310c   0x0800310c   0x000000a0   Code   RO         3362    i.uart_init         usart.o
    0x080031ac   0x080031ac   0x0000002c   Code   RO         3758    locale$$code        c_w.l(lc_numeric_c.o)
    0x080031d8   0x080031d8   0x00000062   Code   RO         3561    x$fpl$d2f           fz_ws.l(d2f.o)
    0x0800323a   0x0800323a   0x00000002   PAD
    0x0800323c   0x0800323c   0x00000150   Code   RO         3563    x$fpl$dadd          fz_ws.l(daddsub_clz.o)
    0x0800338c   0x0800338c   0x00000010   Code   RO         3760    x$fpl$dcheck1       fz_ws.l(dcheck1.o)
    0x0800339c   0x0800339c   0x00000018   Code   RO         3762    x$fpl$dcmpinf       fz_ws.l(dcmpi.o)
    0x080033b4   0x080033b4   0x000002b0   Code   RO         3570    x$fpl$ddiv          fz_ws.l(ddiv.o)
    0x08003664   0x08003664   0x00000078   Code   RO         3649    x$fpl$deqf          fz_ws.l(deqf.o)
    0x080036dc   0x080036dc   0x00000154   Code   RO         3579    x$fpl$dmul          fz_ws.l(dmul.o)
    0x08003830   0x08003830   0x0000009c   Code   RO         3653    x$fpl$dnaninf       fz_ws.l(dnaninf.o)
    0x080038cc   0x080038cc   0x0000000c   Code   RO         3655    x$fpl$dretinf       fz_ws.l(dretinf.o)
    0x080038d8   0x080038d8   0x00000016   Code   RO         3564    x$fpl$drsb          fz_ws.l(daddsub_clz.o)
    0x080038ee   0x080038ee   0x00000002   PAD
    0x080038f0   0x080038f0   0x000001cc   Code   RO         3657    x$fpl$dsqrt         fz_ws.l(dsqrt_noumaal.o)
    0x08003abc   0x08003abc   0x000001d4   Code   RO         3565    x$fpl$dsub          fz_ws.l(daddsub_clz.o)
    0x08003c90   0x08003c90   0x00000056   Code   RO         3581    x$fpl$f2d           fz_ws.l(f2d.o)
    0x08003ce6   0x08003ce6   0x00000002   PAD
    0x08003ce8   0x08003ce8   0x000000c4   Code   RO         3583    x$fpl$fadd          fz_ws.l(faddsub_clz.o)
    0x08003dac   0x08003dac   0x00000018   Code   RO         3659    x$fpl$fcmpinf       fz_ws.l(fcmpi.o)
    0x08003dc4   0x08003dc4   0x00000184   Code   RO         3590    x$fpl$fdiv          fz_ws.l(fdiv.o)
    0x08003f48   0x08003f48   0x00000068   Code   RO         3593    x$fpl$feqf          fz_ws.l(feqf.o)
    0x08003fb0   0x08003fb0   0x00000036   Code   RO         3595    x$fpl$ffix          fz_ws.l(ffix.o)
    0x08003fe6   0x08003fe6   0x00000002   PAD
    0x08003fe8   0x08003fe8   0x00000030   Code   RO         3600    x$fpl$fflt          fz_ws.l(fflt_clz.o)
    0x08004018   0x08004018   0x00000068   Code   RO         3605    x$fpl$fleqf         fz_ws.l(fleqf.o)
    0x08004080   0x08004080   0x00000102   Code   RO         3607    x$fpl$fmul          fz_ws.l(fmul.o)
    0x08004182   0x08004182   0x0000008c   Code   RO         3661    x$fpl$fnaninf       fz_ws.l(fnaninf.o)
    0x0800420e   0x0800420e   0x0000000a   Code   RO         3663    x$fpl$fretinf       fz_ws.l(fretinf.o)
    0x08004218   0x08004218   0x00000062   Code   RO         3609    x$fpl$frleqf        fz_ws.l(frleqf.o)
    0x0800427a   0x0800427a   0x00000014   Code   RO         3584    x$fpl$frsb          fz_ws.l(faddsub_clz.o)
    0x0800428e   0x0800428e   0x00000002   PAD
    0x08004290   0x08004290   0x000000ea   Code   RO         3585    x$fpl$fsub          fz_ws.l(faddsub_clz.o)
    0x0800437a   0x0800437a   0x00000004   Code   RO         3611    x$fpl$printf1       fz_ws.l(printf1.o)
    0x0800437e   0x0800437e   0x00000064   Code   RO         3828    x$fpl$retnan        fz_ws.l(retnan.o)
    0x080043e2   0x080043e2   0x0000005c   Code   RO         3665    x$fpl$scalbn        fz_ws.l(scalbn.o)
    0x0800443e   0x0800443e   0x00000030   Code   RO         3836    x$fpl$trapveneer    fz_ws.l(trapv.o)
    0x0800446e   0x0800446e   0x00000000   Code   RO         3667    x$fpl$usenofp       fz_ws.l(usenofp.o)
    0x0800446e   0x0800446e   0x00000002   PAD
    0x08004470   0x08004470   0x00000050   Data   RO         3615    .constdata          m_ws.l(asin.o)
    0x080044c0   0x080044c0   0x00000098   Data   RO         3670    .constdata          m_ws.l(atan.o)
    0x08004558   0x08004558   0x00000008   Data   RO         3696    .constdata          m_ws.l(qnan.o)
    0x08004560   0x08004560   0x00000094   Data   RO         3729    .constdata          c_w.l(bigflt0.o)
    0x080045f4   0x080045f4   0x00000020   Data   RO         3909    Region$$Table       anon$$obj.o
    0x08004614   0x08004614   0x0000001c   Data   RO         3757    locale$$data        c_w.l(lc_numeric_c.o)


    Execution Region RW_IRAM1 (Exec base: 0x20000000, Load base: 0x08004630, Size: 0x00000858, Max: 0x00010000, ABSOLUTE)

    Exec Addr    Load Addr    Size         Type   Attr      Idx    E Section Name        Object

    0x20000000   0x08004630   0x00000014   Data   RW         1704    .data               stm32f10x_rcc.o
    0x20000014   0x08004644   0x0000001a   Data   RW         3183    .data               imu.o
    0x2000002e   0x0800465e   0x00000002   PAD
    0x20000030   0x08004660   0x00000024   Data   RW         3254    .data               mahonyahrs.o
    0x20000054   0x08004684   0x00000004   Data   RW         3308    .data               delay.o
    0x20000058   0x08004688   0x00000006   Data   RW         3364    .data               usart.o
    0x2000005e   0x0800468e   0x00000002   Data   RW         3429    .data               stm32f10x_it.o
    0x20000060   0x08004690   0x00000014   Data   RW         3495    .data               system_stm32f10x.o
    0x20000074        -       0x000000b8   Zero   RW         3182    .bss                imu.o
    0x2000012c        -       0x000000c8   Zero   RW         3363    .bss                usart.o
    0x200001f4        -       0x00000060   Zero   RW         3767    .bss                c_w.l(libspace.o)
    0x20000254   0x080046a4   0x00000004   PAD
    0x20000258        -       0x00000200   Zero   RW           18    HEAP                startup_stm32f10x_hd.o
    0x20000458        -       0x00000400   Zero   RW           17    STACK               startup_stm32f10x_hd.o


==============================================================================

Image component sizes


      Code (inc. data)   RO Data    RW Data    ZI Data      Debug   Object Name

         0          0          0          0          0       4564   core_cm3.o
       144         22          0          4          0       1116   delay.o
      1392        130          0         26        184       4973   imu.o
      1104         48          0         36          0       2136   mahonyahrs.o
        44          0          0          0          0        555   main.o
       152         12          0          0          0     268018   misc.o
      1132         44          0          0          0       7132   mpu6050.o
        64         26        304          0       1536        780   startup_stm32f10x_hd.o
         8          0          0          0          0       2625   stm32f10x_adc.o
       278          0          0          0          0       1980   stm32f10x_gpio.o
       518         20          0          0          0       7805   stm32f10x_i2c.o
        50         10          0          2          0       4671   stm32f10x_it.o
       308         38          0         20          0       4855   stm32f10x_rcc.o
        40          0          0          0          0       1722   stm32f10x_tim.o
       408          6          0          0          0       4830   stm32f10x_usart.o
       328         28          0         20          0       2157   system_stm32f10x.o
        24          4          0          0          0        426   timer.o
       328         26          0          6        200       4092   usart.o

    ----------------------------------------------------------------------
      6342        414        336        116       1920     324437   Object Totals
         0          0         32          0          0          0   (incl. Generated)
        20          0          0          2          0          0   (incl. Padding)

    ----------------------------------------------------------------------

      Code (inc. data)   RO Data    RW Data    ZI Data      Debug   Library Member Name

         8          0          0          0          0         68   __main.o
       104          0          0          0          0         84   __printf.o
         0          0          0          0          0          0   __rtentry.o
        12          0          0          0          0          0   __rtentry2.o
         6          0          0          0          0          0   __rtentry4.o
        52          8          0          0          0          0   __scatter.o
        26          0          0          0          0          0   __scatter_copy.o
        28          0          0          0          0          0   __scatter_zi.o
        48          6          0          0          0         96   _printf_char_common.o
        36          4          0          0          0         80   _printf_char_file.o
         6          0          0          0          0          0   _printf_f.o
      1054          0          0          0          0        216   _printf_fp_dec.o
       128         16          0          0          0         84   _printf_fp_infnan.o
         0          0          0          0          0          0   _printf_percent.o
         4          0          0          0          0          0   _printf_percent_end.o
        22          0          0          0          0        100   _rserrno.o
       228          4        148          0          0         96   bigflt0.o
      1936        128          0          0          0        672   btod.o
        18          0          0          0          0         80   exit.o
         8          0          0          0          0         68   ferror.o
         6          0          0          0          0        152   heapauxi.o
        44         10         28          0          0         76   lc_numeric_c.o
         2          0          0          0          0          0   libinit.o
        18          0          0          0          0          0   libinit2.o
         2          0          0          0          0          0   libshutdown.o
         2          0          0          0          0          0   libshutdown2.o
         8          4          0          0         96         68   libspace.o
       138          0          0          0          0         80   lludiv10.o
        24          4          0          0          0         84   noretval__2printf.o
         8          4          0          0          0         68   rt_errno_addr_intlibspace.o
         8          4          0          0          0         68   rt_locale_intlibspace.o
         2          0          0          0          0          0   rtexit.o
        10          0          0          0          0          0   rtexit2.o
       128          0          0          0          0         68   strcmpv7m.o
        74          0          0          0          0         80   sys_stackheap_outer.o
         2          0          0          0          0         68   use_no_semi.o
         2          0          0          0          0         68   use_no_semi_2.o
        98          4          0          0          0         92   d2f.o
       826         16          0          0          0        348   daddsub_clz.o
        16          4          0          0          0         68   dcheck1.o
        24          0          0          0          0         68   dcmpi.o
       688        140          0          0          0        208   ddiv.o
       120          4          0          0          0         92   deqf.o
       340         12          0          0          0        104   dmul.o
       156          4          0          0          0         92   dnaninf.o
        12          0          0          0          0         68   dretinf.o
       460         56          0          0          0        120   dsqrt_noumaal.o
        86          4          0          0          0         84   f2d.o
       450          8          0          0          0        236   faddsub_clz.o
        24          0          0          0          0         68   fcmpi.o
       388         76          0          0          0         96   fdiv.o
       104          4          0          0          0         84   feqf.o
        54          4          0          0          0         84   ffix.o
        48          0          0          0          0         68   fflt_clz.o
       104          4          0          0          0         84   fleqf.o
       258          4          0          0          0         84   fmul.o
       140          4          0          0          0         84   fnaninf.o
        10          0          0          0          0         68   fretinf.o
        98          0          0          0          0         68   frleqf.o
         4          0          0          0          0         68   printf1.o
       100          0          0          0          0         68   retnan.o
        92          0          0          0          0         68   scalbn.o
        48          0          0          0          0         68   trapv.o
         0          0          0          0          0          0   usenofp.o
       624         52         80          0          0        168   asin.o
       544         70        152          0          0        124   atan.o
       412         38          0          0          0        144   atan2.o
        38          6          0          0          0        272   dunder.o
        40          0          0          0          0         68   fpclassify.o
       170          0          0          0          0         96   poly.o
         0          0          8          0          0          0   qnan.o
        76          0          0          0          0         84   sqrt.o

    ----------------------------------------------------------------------
     10874        706        416          0        100       6120   Library Totals
        20          0          0          0          4          0   (incl. Padding)

    ----------------------------------------------------------------------

      Code (inc. data)   RO Data    RW Data    ZI Data      Debug   Library Name

      4202        192        176          0         96       2524   c_w.l
      4748        348          0          0          0       2640   fz_ws.l
      1904        166        240          0          0        956   m_ws.l

    ----------------------------------------------------------------------
     10874        706        416          0        100       6120   Library Totals

    ----------------------------------------------------------------------

==============================================================================


      Code (inc. data)   RO Data    RW Data    ZI Data      Debug   

     17216       1120        752        116       2020     323949   Grand Totals
     17216       1120        752        116       2020     323949   ELF Image Totals
     17216       1120        752        116          0          0   ROM Totals

==============================================================================

    Total RO  Size (Code + RO Data)                17968 (  17.55kB)
    Total RW  Size (RW Data + ZI Data)              2136 (   2.09kB)
    Total ROM Size (Code + RO Data + RW Data)      18084 (  17.66kB)

==============================================================================

