<html>
<body>
<pre>
<h1>µVision Build Log</h1>
<h2>Tool Versions:</h2>
IDE-Version: ¦ÌVision V5.38.0.0
Copyright (C) 2022 ARM Ltd and ARM Germany GmbH. All rights reserved.
License Information: zj z,  , LIC=50D7S-LX2KV-INHA7-ED985-E5BIJ-F8T6P
 
Tool Versions:
Toolchain:       MDK-ARM Professional  Version: 5.38.0.0
Toolchain Path:  C:\Program Files\Keil_v5\ARM\ARMCC\Bin
C Compiler:      Armcc.exe V5.06 update 7 (build 960)
Assembler:       Armasm.exe V5.06 update 7 (build 960)
Linker/Locator:  ArmLink.exe V5.06 update 7 (build 960)
Library Manager: ArmAr.exe V5.06 update 7 (build 960)
Hex Converter:   FromElf.exe V5.06 update 7 (build 960)
CPU DLL:         SARMCM3.DLL V5.38.0.0
Dialog DLL:      DCM.DLL V1.17.5.0
Target DLL:      CMSIS_AGDI.dll V1.33.15.0
Dialog DLL:      TCM.DLL V1.56.4.0
 
<h2>Project:</h2>
C:\Users\JIERUI\Desktop\test\task3\OBJ\task3.uvprojx
Project File Date:  09/02/2023

<h2>Output:</h2>
*** Using Compiler 'V5.06 update 7 (build 960)', folder: 'C:\Program Files\Keil_v5\ARM\ARMCC\Bin'
Build target 'task3'
compiling main.c...
..\USER\main.c(14): warning:  #177-D: variable "t"  was declared but never referenced
      int t;
..\USER\main.c(17): warning:  #177-D: variable "GX"  was declared but never referenced
      int16_t AX, AY, AZ, GX, GY, GZ;
..\USER\main.c(17): warning:  #177-D: variable "GY"  was declared but never referenced
      int16_t AX, AY, AZ, GX, GY, GZ;
..\USER\main.c(17): warning:  #177-D: variable "GZ"  was declared but never referenced
      int16_t AX, AY, AZ, GX, GY, GZ;
..\USER\main.c(7): warning:  #177-D: variable "IMU"  was declared but never referenced
  static IMU_Info IMU;
..\USER\main.c: 5 warnings, 0 errors
linking...
Program Size: Code=17224 RO-data=752 RW-data=116 ZI-data=2020  
".\Objects\task1.axf" - 0 Error(s), 5 Warning(s).

<h2>Software Packages used:</h2>

Package Vendor: Keil
                https://www.keil.com/pack/Keil.STM32F1xx_DFP.2.4.1.pack
                Keil.STM32F1xx_DFP.2.4.1
                STMicroelectronics STM32F1 Series Device Support, Drivers and Examples

<h2>Collection of Component include folders:</h2>
  C:/Users/JIERUI/AppData/Local/Arm/Packs/Keil/STM32F1xx_DFP/2.4.1/Device/Include

<h2>Collection of Component Files used:</h2>
Build Time Elapsed:  00:00:01
</pre>
</body>
</html>
