Component: ARM Compiler 5.06 update 7 (build 960) Tool: armlink [4d3601]

==============================================================================

Section Cross References

    startup_stm32f10x_hd.o(STACK) refers (Special) to heapauxi.o(.text) for __use_two_region_memory
    startup_stm32f10x_hd.o(HEAP) refers (Special) to heapauxi.o(.text) for __use_two_region_memory
    startup_stm32f10x_hd.o(RESET) refers (Special) to heapauxi.o(.text) for __use_two_region_memory
    startup_stm32f10x_hd.o(RESET) refers to startup_stm32f10x_hd.o(STACK) for __initial_sp
    startup_stm32f10x_hd.o(RESET) refers to startup_stm32f10x_hd.o(.text) for Reset_Handler
    startup_stm32f10x_hd.o(RESET) refers to stm32f10x_it.o(i.NMI_Handler) for NMI_Handler
    startup_stm32f10x_hd.o(RESET) refers to stm32f10x_it.o(i.HardFault_Handler) for HardFault_Handler
    startup_stm32f10x_hd.o(RESET) refers to stm32f10x_it.o(i.MemManage_Handler) for MemManage_Handler
    startup_stm32f10x_hd.o(RESET) refers to stm32f10x_it.o(i.BusFault_Handler) for BusFault_Handler
    startup_stm32f10x_hd.o(RESET) refers to stm32f10x_it.o(i.UsageFault_Handler) for UsageFault_Handler
    startup_stm32f10x_hd.o(RESET) refers to stm32f10x_it.o(i.SVC_Handler) for SVC_Handler
    startup_stm32f10x_hd.o(RESET) refers to stm32f10x_it.o(i.DebugMon_Handler) for DebugMon_Handler
    startup_stm32f10x_hd.o(RESET) refers to stm32f10x_it.o(i.PendSV_Handler) for PendSV_Handler
    startup_stm32f10x_hd.o(RESET) refers to stm32f10x_it.o(i.SysTick_Handler) for SysTick_Handler
    startup_stm32f10x_hd.o(RESET) refers to stm32f10x_it.o(i.ADC1_2_IRQHandler) for ADC1_2_IRQHandler
    startup_stm32f10x_hd.o(RESET) refers to usart.o(i.USART1_IRQHandler) for USART1_IRQHandler
    startup_stm32f10x_hd.o(.text) refers (Special) to heapauxi.o(.text) for __use_two_region_memory
    startup_stm32f10x_hd.o(.text) refers to system_stm32f10x.o(i.SystemInit) for SystemInit
    startup_stm32f10x_hd.o(.text) refers to __main.o(!!!main) for __main
    startup_stm32f10x_hd.o(.text) refers to startup_stm32f10x_hd.o(HEAP) for Heap_Mem
    startup_stm32f10x_hd.o(.text) refers to startup_stm32f10x_hd.o(STACK) for Stack_Mem
    stm32f10x_adc.o(i.ADC_DeInit) refers to stm32f10x_rcc.o(i.RCC_APB2PeriphResetCmd) for RCC_APB2PeriphResetCmd
    stm32f10x_bkp.o(i.BKP_DeInit) refers to stm32f10x_rcc.o(i.RCC_BackupResetCmd) for RCC_BackupResetCmd
    stm32f10x_can.o(i.CAN_DeInit) refers to stm32f10x_rcc.o(i.RCC_APB1PeriphResetCmd) for RCC_APB1PeriphResetCmd
    stm32f10x_can.o(i.CAN_GetITStatus) refers to stm32f10x_can.o(i.CheckITStatus) for CheckITStatus
    stm32f10x_cec.o(i.CEC_DeInit) refers to stm32f10x_rcc.o(i.RCC_APB1PeriphResetCmd) for RCC_APB1PeriphResetCmd
    stm32f10x_dac.o(i.DAC_DeInit) refers to stm32f10x_rcc.o(i.RCC_APB1PeriphResetCmd) for RCC_APB1PeriphResetCmd
    stm32f10x_flash.o(i.FLASH_EnableWriteProtection) refers to stm32f10x_flash.o(i.FLASH_WaitForLastOperation) for FLASH_WaitForLastOperation
    stm32f10x_flash.o(i.FLASH_EraseAllBank1Pages) refers to stm32f10x_flash.o(i.FLASH_WaitForLastBank1Operation) for FLASH_WaitForLastBank1Operation
    stm32f10x_flash.o(i.FLASH_EraseAllPages) refers to stm32f10x_flash.o(i.FLASH_WaitForLastOperation) for FLASH_WaitForLastOperation
    stm32f10x_flash.o(i.FLASH_EraseOptionBytes) refers to stm32f10x_flash.o(i.FLASH_GetReadOutProtectionStatus) for FLASH_GetReadOutProtectionStatus
    stm32f10x_flash.o(i.FLASH_EraseOptionBytes) refers to stm32f10x_flash.o(i.FLASH_WaitForLastOperation) for FLASH_WaitForLastOperation
    stm32f10x_flash.o(i.FLASH_ErasePage) refers to stm32f10x_flash.o(i.FLASH_WaitForLastOperation) for FLASH_WaitForLastOperation
    stm32f10x_flash.o(i.FLASH_ProgramHalfWord) refers to stm32f10x_flash.o(i.FLASH_WaitForLastOperation) for FLASH_WaitForLastOperation
    stm32f10x_flash.o(i.FLASH_ProgramOptionByteData) refers to stm32f10x_flash.o(i.FLASH_WaitForLastOperation) for FLASH_WaitForLastOperation
    stm32f10x_flash.o(i.FLASH_ProgramWord) refers to stm32f10x_flash.o(i.FLASH_WaitForLastOperation) for FLASH_WaitForLastOperation
    stm32f10x_flash.o(i.FLASH_ReadOutProtection) refers to stm32f10x_flash.o(i.FLASH_WaitForLastOperation) for FLASH_WaitForLastOperation
    stm32f10x_flash.o(i.FLASH_UserOptionByteConfig) refers to stm32f10x_flash.o(i.FLASH_WaitForLastOperation) for FLASH_WaitForLastOperation
    stm32f10x_flash.o(i.FLASH_WaitForLastBank1Operation) refers to stm32f10x_flash.o(i.FLASH_GetBank1Status) for FLASH_GetBank1Status
    stm32f10x_flash.o(i.FLASH_WaitForLastOperation) refers to stm32f10x_flash.o(i.FLASH_GetBank1Status) for FLASH_GetBank1Status
    stm32f10x_gpio.o(i.GPIO_AFIODeInit) refers to stm32f10x_rcc.o(i.RCC_APB2PeriphResetCmd) for RCC_APB2PeriphResetCmd
    stm32f10x_gpio.o(i.GPIO_DeInit) refers to stm32f10x_rcc.o(i.RCC_APB2PeriphResetCmd) for RCC_APB2PeriphResetCmd
    stm32f10x_i2c.o(i.I2C_DeInit) refers to stm32f10x_rcc.o(i.RCC_APB1PeriphResetCmd) for RCC_APB1PeriphResetCmd
[...]
    Removing stm32f10x_tim.o(i.TIM_UpdateDisableConfig), (24 bytes).
    Removing stm32f10x_tim.o(i.TIM_UpdateRequestConfig), (24 bytes).
    Removing stm32f10x_usart.o(i.USART_ClearFlag), (18 bytes).
    Removing stm32f10x_usart.o(i.USART_ClearITPendingBit), (30 bytes).
    Removing stm32f10x_usart.o(i.USART_ClockInit), (34 bytes).
    Removing stm32f10x_usart.o(i.USART_ClockStructInit), (12 bytes).
    Removing stm32f10x_usart.o(i.USART_DMACmd), (18 bytes).
    Removing stm32f10x_usart.o(i.USART_DeInit), (156 bytes).
    Removing stm32f10x_usart.o(i.USART_GetFlagStatus), (26 bytes).
    Removing stm32f10x_usart.o(i.USART_HalfDuplexCmd), (24 bytes).
    Removing stm32f10x_usart.o(i.USART_IrDACmd), (24 bytes).
    Removing stm32f10x_usart.o(i.USART_IrDAConfig), (18 bytes).
    Removing stm32f10x_usart.o(i.USART_LINBreakDetectLengthConfig), (18 bytes).
    Removing stm32f10x_usart.o(i.USART_LINCmd), (24 bytes).
    Removing stm32f10x_usart.o(i.USART_OneBitMethodCmd), (24 bytes).
    Removing stm32f10x_usart.o(i.USART_OverSampling8Cmd), (22 bytes).
    Removing stm32f10x_usart.o(i.USART_ReceiverWakeUpCmd), (24 bytes).
    Removing stm32f10x_usart.o(i.USART_SendBreak), (10 bytes).
    Removing stm32f10x_usart.o(i.USART_SendData), (8 bytes).
    Removing stm32f10x_usart.o(i.USART_SetAddress), (18 bytes).
    Removing stm32f10x_usart.o(i.USART_SetGuardTime), (16 bytes).
    Removing stm32f10x_usart.o(i.USART_SetPrescaler), (16 bytes).
    Removing stm32f10x_usart.o(i.USART_SmartCardCmd), (24 bytes).
    Removing stm32f10x_usart.o(i.USART_SmartCardNACKCmd), (24 bytes).
    Removing stm32f10x_usart.o(i.USART_StructInit), (24 bytes).
    Removing stm32f10x_usart.o(i.USART_WakeUpConfig), (18 bytes).
    Removing stm32f10x_wwdg.o(i.WWDG_ClearFlag), (12 bytes).
    Removing stm32f10x_wwdg.o(i.WWDG_DeInit), (22 bytes).
    Removing stm32f10x_wwdg.o(i.WWDG_Enable), (16 bytes).
    Removing stm32f10x_wwdg.o(i.WWDG_EnableIT), (12 bytes).
    Removing stm32f10x_wwdg.o(i.WWDG_GetFlagStatus), (12 bytes).
    Removing stm32f10x_wwdg.o(i.WWDG_SetCounter), (16 bytes).
    Removing stm32f10x_wwdg.o(i.WWDG_SetPrescaler), (24 bytes).
    Removing stm32f10x_wwdg.o(i.WWDG_SetWindowValue), (40 bytes).
    Removing mpu6050.o(i.MPU6050_GetAngle), (596 bytes).
    Removing mpu6050.o(i.MPU6050_WriteLen), (160 bytes).
    Removing mpu6050.o(.data), (28 bytes).
    Removing delay.o(i.delay_us), (76 bytes).
    Removing sys.o(.emb_text), (6 bytes).
    Removing sys.o(i.INTX_DISABLE), (4 bytes).
    Removing sys.o(i.INTX_ENABLE), (4 bytes).
    Removing sys.o(i.WFI_SET), (4 bytes).
    Removing system_stm32f10x.o(i.SystemCoreClockUpdate), (164 bytes).

458 unused section(s) (total 18574 bytes) removed from the image.

==============================================================================

Image Symbol Table

    Local Symbols

    Symbol Name                              Value     Ov Type        Size  Object(Section)

    ../clib/angel/boardlib.s                 0x00000000   Number         0  boardshut.o ABSOLUTE
    ../clib/angel/boardlib.s                 0x00000000   Number         0  boardinit1.o ABSOLUTE
    ../clib/angel/boardlib.s                 0x00000000   Number         0  boardinit2.o ABSOLUTE
    ../clib/angel/boardlib.s                 0x00000000   Number         0  boardinit3.o ABSOLUTE
    ../clib/angel/handlers.s                 0x00000000   Number         0  __scatter_copy.o ABSOLUTE
    ../clib/angel/handlers.s                 0x00000000   Number         0  __scatter_zi.o ABSOLUTE
    ../clib/angel/kernel.s                   0x00000000   Number         0  __rtentry2.o ABSOLUTE
    ../clib/angel/kernel.s                   0x00000000   Number         0  __rtentry.o ABSOLUTE
    ../clib/angel/kernel.s                   0x00000000   Number         0  rtexit.o ABSOLUTE
    ../clib/angel/kernel.s                   0x00000000   Number         0  __rtentry4.o ABSOLUTE
    ../clib/angel/kernel.s                   0x00000000   Number         0  rtexit2.o ABSOLUTE
    ../clib/angel/rt.s                       0x00000000   Number         0  rt_locale.o ABSOLUTE
    ../clib/angel/rt.s                       0x00000000   Number         0  rt_raise.o ABSOLUTE
    ../clib/angel/rt.s                       0x00000000   Number         0  rt_locale_intlibspace.o ABSOLUTE
    ../clib/angel/scatter.s                  0x00000000   Number         0  __scatter.o ABSOLUTE
    ../clib/angel/startup.s                  0x00000000   Number         0  __main.o ABSOLUTE
    ../clib/angel/sys.s                      0x00000000   Number         0  indicate_semi.o ABSOLUTE
    ../clib/angel/sys.s                      0x00000000   Number         0  use_no_semi_2.o ABSOLUTE
    ../clib/angel/sys.s                      0x00000000   Number         0  sys_stackheap_outer.o ABSOLUTE
    ../clib/angel/sys.s                      0x00000000   Number         0  libspace.o ABSOLUTE
    ../clib/angel/sys.s                      0x00000000   Number         0  use_no_semi.o ABSOLUTE
    ../clib/angel/sysapp.c                   0x00000000   Number         0  sys_wrch.o ABSOLUTE
    ../clib/angel/sysapp.c                   0x00000000   Number         0  sys_command.o ABSOLUTE
    ../clib/armsys.c                         0x00000000   Number         0  no_argv.o ABSOLUTE
    ../clib/armsys.c                         0x00000000   Number         0  argv_veneer.o ABSOLUTE
    ../clib/armsys.c                         0x00000000   Number         0  argv_veneer.o ABSOLUTE
    ../clib/armsys.c                         0x00000000   Number         0  _get_argv_nomalloc.o ABSOLUTE
    ../clib/bigflt.c                         0x00000000   Number         0  bigflt0.o ABSOLUTE
    ../clib/btod.s                           0x00000000   Number         0  btod.o ABSOLUTE
    ../clib/heapalloc.c                      0x00000000   Number         0  hrguard.o ABSOLUTE
    ../clib/heapaux.c                        0x00000000   Number         0  heapauxi.o ABSOLUTE
    ../clib/libinit.s                        0x00000000   Number         0  libinit.o ABSOLUTE
    ../clib/libinit.s                        0x00000000   Number         0  libshutdown.o ABSOLUTE
    ../clib/libinit.s                        0x00000000   Number         0  libshutdown2.o ABSOLUTE
    ../clib/libinit.s                        0x00000000   Number         0  libinit2.o ABSOLUTE
    ../clib/locale.s                         0x00000000   Number         0  lc_numeric_c.o ABSOLUTE
    ../clib/longlong.s                       0x00000000   Number         0  lludiv10.o ABSOLUTE
    ../clib/memcpset.s                       0x00000000   Number         0  strcmpv7m.o ABSOLUTE
    ../clib/printf.c                         0x00000000   Number         0  _printf_char_file.o ABSOLUTE
    ../clib/printf.c                         0x00000000   Number         0  _printf_fp_dec.o ABSOLUTE
    ../clib/printf.c                         0x00000000   Number         0  __printf_flags_wp.o ABSOLUTE
    ../clib/printf.c                         0x00000000   Number         0  __printf_ss_wp.o ABSOLUTE
    ../clib/printf.c                         0x00000000   Number         0  __printf_flags_ss_wp.o ABSOLUTE
    ../clib/printf.c                         0x00000000   Number         0  __printf_nopercent.o ABSOLUTE
    ../clib/printf.c                         0x00000000   Number         0  _printf_fp_infnan.o ABSOLUTE
    ../clib/printf.c                         0x00000000   Number         0  __2printf.o ABSOLUTE
    ../clib/printf.c                         0x00000000   Number         0  _printf_char_common.o ABSOLUTE
    ../clib/printf.c                         0x00000000   Number         0  noretval__2printf.o ABSOLUTE
    ../clib/printf.c                         0x00000000   Number         0  __printf.o ABSOLUTE
    ../clib/printf.c                         0x00000000   Number         0  __printf_flags.o ABSOLUTE
    ../clib/printf.c                         0x00000000   Number         0  __printf_ss.o ABSOLUTE
    ../clib/printf.c                         0x00000000   Number         0  __printf_flags_ss.o ABSOLUTE
    ../clib/printf.c                         0x00000000   Number         0  __printf_wp.o ABSOLUTE
    ../clib/printf_percent.s                 0x00000000   Number         0  _printf_f.o ABSOLUTE
    ../clib/printf_percent.s                 0x00000000   Number         0  _printf_percent.o ABSOLUTE
    ../clib/printf_percent.s                 0x00000000   Number         0  _printf_percent_end.o ABSOLUTE
    ../clib/signal.c                         0x00000000   Number         0  defsig_other.o ABSOLUTE
    ../clib/signal.c                         0x00000000   Number         0  defsig_stak_inner.o ABSOLUTE
    ../clib/signal.c                         0x00000000   Number         0  defsig_exit.o ABSOLUTE
    ../clib/signal.c                         0x00000000   Number         0  defsig_rtmem_inner.o ABSOLUTE
    ../clib/signal.c                         0x00000000   Number         0  __raise.o ABSOLUTE
    ../clib/signal.c                         0x00000000   Number         0  defsig_rtmem_formal.o ABSOLUTE
    ../clib/signal.c                         0x00000000   Number         0  defsig_general.o ABSOLUTE
    ../clib/signal.c                         0x00000000   Number         0  defsig_fpe_inner.o ABSOLUTE
    ../clib/signal.c                         0x00000000   Number         0  defsig_abrt_inner.o ABSOLUTE
    ../clib/signal.c                         0x00000000   Number         0  defsig_rtred_inner.o ABSOLUTE
    ../clib/signal.c                         0x00000000   Number         0  defsig_rtmem_outer.o ABSOLUTE
    ../clib/signal.c                         0x00000000   Number         0  defsig_segv_inner.o ABSOLUTE
    ../clib/signal.c                         0x00000000   Number         0  defsig_cppl_inner.o ABSOLUTE
    ../clib/signal.c                         0x00000000   Number         0  defsig_pvfn_inner.o ABSOLUTE
    ../clib/signal.s                         0x00000000   Number         0  defsig.o ABSOLUTE
    ../clib/stdio.c                          0x00000000   Number         0  ferror_locked.o ABSOLUTE
    ../clib/stdio.c                          0x00000000   Number         0  ferror.o ABSOLUTE
    ../clib/stdlib.c                         0x00000000   Number         0  exit.o ABSOLUTE
    ../fplib/d2f.s                           0x00000000   Number         0  d2f.o ABSOLUTE
    ../fplib/daddsub.s                       0x00000000   Number         0  daddsub_clz.o ABSOLUTE
    ../fplib/ddiv.s                          0x00000000   Number         0  ddiv.o ABSOLUTE
    ../fplib/dflt.s                          0x00000000   Number         0  dflt_clz.o ABSOLUTE
    ../fplib/dnaninf.s                       0x00000000   Number         0  dnaninf.o ABSOLUTE
    ../fplib/dretinf.s                       0x00000000   Number         0  dretinf.o ABSOLUTE
    ../fplib/f2d.s                           0x00000000   Number         0  f2d.o ABSOLUTE
    ../fplib/faddsub.s                       0x00000000   Number         0  faddsub_clz.o ABSOLUTE
    ../fplib/fcmpi.s                         0x00000000   Number         0  fcmpi.o ABSOLUTE
    ../fplib/fdiv.s                          0x00000000   Number         0  fdiv.o ABSOLUTE
    ../fplib/ffix.s                          0x00000000   Number         0  ffix.o ABSOLUTE
    ../fplib/fflt.s                          0x00000000   Number         0  fflt_clz.o ABSOLUTE
    ../fplib/fleqf.s                         0x00000000   Number         0  fleqf.o ABSOLUTE
    ../fplib/fmul.s                          0x00000000   Number         0  fmul.o ABSOLUTE
    ../fplib/fnaninf.s                       0x00000000   Number         0  fnaninf.o ABSOLUTE
    ../fplib/fpinit.s                        0x00000000   Number         0  fpinit.o ABSOLUTE
    ../fplib/fretinf.s                       0x00000000   Number         0  fretinf.o ABSOLUTE
    ../fplib/frleqf.s                        0x00000000   Number         0  frleqf.o ABSOLUTE
    ../fplib/istatus.s                       0x00000000   Number         0  istatus.o ABSOLUTE
    ../fplib/printf1.s                       0x00000000   Number         0  printf1.o ABSOLUTE
    ../fplib/usenofp.s                       0x00000000   Number         0  usenofp.o ABSOLUTE
    ../mathlib/fpclassify.c                  0x00000000   Number         0  fpclassify.o ABSOLUTE
    ..\CORE\core_cm3.c                       0x00000000   Number         0  core_cm3.o ABSOLUTE
    ..\CORE\startup_stm32f10x_hd.s           0x00000000   Number         0  startup_stm32f10x_hd.o ABSOLUTE
    ..\FWLIB\src\misc.c                      0x00000000   Number         0  misc.o ABSOLUTE
    ..\FWLIB\src\stm32f10x_adc.c             0x00000000   Number         0  stm32f10x_adc.o ABSOLUTE
    ..\FWLIB\src\stm32f10x_bkp.c             0x00000000   Number         0  stm32f10x_bkp.o ABSOLUTE
    ..\FWLIB\src\stm32f10x_can.c             0x00000000   Number         0  stm32f10x_can.o ABSOLUTE
    ..\FWLIB\src\stm32f10x_cec.c             0x00000000   Number         0  stm32f10x_cec.o ABSOLUTE
    ..\FWLIB\src\stm32f10x_crc.c             0x00000000   Number         0  stm32f10x_crc.o ABSOLUTE
    ..\FWLIB\src\stm32f10x_dac.c             0x00000000   Number         0  stm32f10x_dac.o ABSOLUTE
    ..\FWLIB\src\stm32f10x_dbgmcu.c          0x00000000   Number         0  stm32f10x_dbgmcu.o ABSOLUTE
    ..\FWLIB\src\stm32f10x_dma.c             0x00000000   Number         0  stm32f10x_dma.o ABSOLUTE
    ..\FWLIB\src\stm32f10x_exti.c            0x00000000   Number         0  stm32f10x_exti.o ABSOLUTE
    ..\FWLIB\src\stm32f10x_flash.c           0x00000000   Number         0  stm32f10x_flash.o ABSOLUTE
    ..\FWLIB\src\stm32f10x_fsmc.c            0x00000000   Number         0  stm32f10x_fsmc.o ABSOLUTE
    ..\FWLIB\src\stm32f10x_gpio.c            0x00000000   Number         0  stm32f10x_gpio.o ABSOLUTE
    ..\FWLIB\src\stm32f10x_i2c.c             0x00000000   Number         0  stm32f10x_i2c.o ABSOLUTE
    ..\FWLIB\src\stm32f10x_iwdg.c            0x00000000   Number         0  stm32f10x_iwdg.o ABSOLUTE
    ..\FWLIB\src\stm32f10x_pwr.c             0x00000000   Number         0  stm32f10x_pwr.o ABSOLUTE
    ..\FWLIB\src\stm32f10x_rcc.c             0x00000000   Number         0  stm32f10x_rcc.o ABSOLUTE
    ..\FWLIB\src\stm32f10x_rtc.c             0x00000000   Number         0  stm32f10x_rtc.o ABSOLUTE
    ..\FWLIB\src\stm32f10x_sdio.c            0x00000000   Number         0  stm32f10x_sdio.o ABSOLUTE
    ..\FWLIB\src\stm32f10x_spi.c             0x00000000   Number         0  stm32f10x_spi.o ABSOLUTE
    ..\FWLIB\src\stm32f10x_tim.c             0x00000000   Number         0  stm32f10x_tim.o ABSOLUTE
    ..\FWLIB\src\stm32f10x_usart.c           0x00000000   Number         0  stm32f10x_usart.o ABSOLUTE
    ..\FWLIB\src\stm32f10x_wwdg.c            0x00000000   Number         0  stm32f10x_wwdg.o ABSOLUTE
    ..\HARDWARE\mpu6050.c                    0x00000000   Number         0  mpu6050.o ABSOLUTE
    ..\SYSTEM\delay\delay.c                  0x00000000   Number         0  delay.o ABSOLUTE
    ..\SYSTEM\sys\sys.c                      0x00000000   Number         0  sys.o ABSOLUTE
    ..\SYSTEM\usart\usart.c                  0x00000000   Number         0  usart.o ABSOLUTE
    ..\USER\main.c                           0x00000000   Number         0  main.o ABSOLUTE
    ..\USER\stm32f10x_it.c                   0x00000000   Number         0  stm32f10x_it.o ABSOLUTE
    ..\USER\system_stm32f10x.c               0x00000000   Number         0  system_stm32f10x.o ABSOLUTE
    ..\\CORE\\core_cm3.c                     0x00000000   Number         0  core_cm3.o ABSOLUTE
    ..\\SYSTEM\\sys\\sys.c                   0x00000000   Number         0  sys.o ABSOLUTE
    dc.s                                     0x00000000   Number         0  dc.o ABSOLUTE
    RESET                                    0x08000000   Section      304  startup_stm32f10x_hd.o(RESET)
    !!!main                                  0x08000130   Section        8  __main.o(!!!main)
    !!!scatter                               0x08000138   Section       52  __scatter.o(!!!scatter)
    !!handler_copy                           0x0800016c   Section       26  __scatter_copy.o(!!handler_copy)
    !!handler_zi                             0x08000188   Section       28  __scatter_zi.o(!!handler_zi)
    .ARM.Collect$$_printf_percent$$00000000  0x080001a4   Section        0  _printf_percent.o(.ARM.Collect$$_printf_percent$$00000000)
    .ARM.Collect$$_printf_percent$$00000003  0x080001a4   Section        6  _printf_f.o(.ARM.Collect$$_printf_percent$$00000003)
    .ARM.Collect$$_printf_percent$$00000017  0x080001aa   Section        4  _printf_percent_end.o(.ARM.Collect$$_printf_percent$$00000017)
    .ARM.Collect$$libinit$$00000000          0x080001ae   Section        2  libinit.o(.ARM.Collect$$libinit$$00000000)
    .ARM.Collect$$libinit$$00000002          0x080001b0   Section        0  libinit2.o(.ARM.Collect$$libinit$$00000002)
    .ARM.Collect$$libinit$$00000004          0x080001b0   Section        0  libinit2.o(.ARM.Collect$$libinit$$00000004)
    .ARM.Collect$$libinit$$0000000A          0x080001b0   Section        0  libinit2.o(.ARM.Collect$$libinit$$0000000A)
    .ARM.Collect$$libinit$$0000000C          0x080001b0   Section        0  libinit2.o(.ARM.Collect$$libinit$$0000000C)
    .ARM.Collect$$libinit$$0000000E          0x080001b0   Section        0  libinit2.o(.ARM.Collect$$libinit$$0000000E)
    .ARM.Collect$$libinit$$0000000F          0x080001b0   Section        6  libinit2.o(.ARM.Collect$$libinit$$0000000F)
    .ARM.Collect$$libinit$$00000011          0x080001b6   Section        0  libinit2.o(.ARM.Collect$$libinit$$00000011)
    .ARM.Collect$$libinit$$00000013          0x080001b6   Section        0  libinit2.o(.ARM.Collect$$libinit$$00000013)
    .ARM.Collect$$libinit$$00000015          0x080001b6   Section        0  libinit2.o(.ARM.Collect$$libinit$$00000015)
    .ARM.Collect$$libinit$$00000016          0x080001b6   Section       10  libinit2.o(.ARM.Collect$$libinit$$00000016)
    .ARM.Collect$$libinit$$00000017          0x080001c0   Section        0  libinit2.o(.ARM.Collect$$libinit$$00000017)
    .ARM.Collect$$libinit$$00000019          0x080001c0   Section        0  libinit2.o(.ARM.Collect$$libinit$$00000019)
    .ARM.Collect$$libinit$$0000001B          0x080001c0   Section        0  libinit2.o(.ARM.Collect$$libinit$$0000001B)
    .ARM.Collect$$libinit$$0000001D          0x080001c0   Section        0  libinit2.o(.ARM.Collect$$libinit$$0000001D)
    .ARM.Collect$$libinit$$0000001F          0x080001c0   Section        0  libinit2.o(.ARM.Collect$$libinit$$0000001F)
    .ARM.Collect$$libinit$$00000021          0x080001c0   Section        0  libinit2.o(.ARM.Collect$$libinit$$00000021)
    .ARM.Collect$$libinit$$00000023          0x080001c0   Section        0  libinit2.o(.ARM.Collect$$libinit$$00000023)
    .ARM.Collect$$libinit$$00000025          0x080001c0   Section        0  libinit2.o(.ARM.Collect$$libinit$$00000025)
    .ARM.Collect$$libinit$$0000002C          0x080001c0   Section        0  libinit2.o(.ARM.Collect$$libinit$$0000002C)
    .ARM.Collect$$libinit$$0000002E          0x080001c0   Section        0  libinit2.o(.ARM.Collect$$libinit$$0000002E)
    .ARM.Collect$$libinit$$00000030          0x080001c0   Section        0  libinit2.o(.ARM.Collect$$libinit$$00000030)
    .ARM.Collect$$libinit$$00000032          0x080001c0   Section        0  libinit2.o(.ARM.Collect$$libinit$$00000032)
    .ARM.Collect$$libinit$$00000033          0x080001c0   Section        2  libinit2.o(.ARM.Collect$$libinit$$00000033)
    .ARM.Collect$$libshutdown$$00000000      0x080001c2   Section        2  libshutdown.o(.ARM.Collect$$libshutdown$$00000000)
    .ARM.Collect$$libshutdown$$00000002      0x080001c4   Section        0  libshutdown2.o(.ARM.Collect$$libshutdown$$00000002)
    .ARM.Collect$$libshutdown$$00000004      0x080001c4   Section        0  libshutdown2.o(.ARM.Collect$$libshutdown$$00000004)
    .ARM.Collect$$libshutdown$$00000006      0x080001c4   Section        0  libshutdown2.o(.ARM.Collect$$libshutdown$$00000006)
    .ARM.Collect$$libshutdown$$00000009      0x080001c4   Section        0  libshutdown2.o(.ARM.Collect$$libshutdown$$00000009)
    .ARM.Collect$$libshutdown$$0000000C      0x080001c4   Section        0  libshutdown2.o(.ARM.Collect$$libshutdown$$0000000C)
    .ARM.Collect$$libshutdown$$0000000E      0x080001c4   Section        0  libshutdown2.o(.ARM.Collect$$libshutdown$$0000000E)
    .ARM.Collect$$libshutdown$$00000011      0x080001c4   Section        0  libshutdown2.o(.ARM.Collect$$libshutdown$$00000011)
    .ARM.Collect$$libshutdown$$00000012      0x080001c4   Section        2  libshutdown2.o(.ARM.Collect$$libshutdown$$00000012)
    .ARM.Collect$$rtentry$$00000000          0x080001c6   Section        0  __rtentry.o(.ARM.Collect$$rtentry$$00000000)
    .ARM.Collect$$rtentry$$00000002          0x080001c6   Section        0  __rtentry2.o(.ARM.Collect$$rtentry$$00000002)
    .ARM.Collect$$rtentry$$00000004          0x080001c6   Section        6  __rtentry4.o(.ARM.Collect$$rtentry$$00000004)
    .ARM.Collect$$rtentry$$00000009          0x080001cc   Section        0  __rtentry2.o(.ARM.Collect$$rtentry$$00000009)
    .ARM.Collect$$rtentry$$0000000A          0x080001cc   Section        4  __rtentry2.o(.ARM.Collect$$rtentry$$0000000A)
    .ARM.Collect$$rtentry$$0000000C          0x080001d0   Section        0  __rtentry2.o(.ARM.Collect$$rtentry$$0000000C)
    .ARM.Collect$$rtentry$$0000000D          0x080001d0   Section        8  __rtentry2.o(.ARM.Collect$$rtentry$$0000000D)
    .ARM.Collect$$rtexit$$00000000           0x080001d8   Section        2  rtexit.o(.ARM.Collect$$rtexit$$00000000)
    .ARM.Collect$$rtexit$$00000002           0x080001da   Section        0  rtexit2.o(.ARM.Collect$$rtexit$$00000002)
    .ARM.Collect$$rtexit$$00000003           0x080001da   Section        4  rtexit2.o(.ARM.Collect$$rtexit$$00000003)
    .ARM.Collect$$rtexit$$00000004           0x080001de   Section        6  rtexit2.o(.ARM.Collect$$rtexit$$00000004)
    .text                                    0x080001e4   Section       64  startup_stm32f10x_hd.o(.text)
    .text                                    0x08000224   Section        2  use_no_semi_2.o(.text)
    .text                                    0x08000228   Section        0  noretval__2printf.o(.text)
    .text                                    0x08000240   Section        0  __printf.o(.text)
    .text                                    0x080002a8   Section        0  heapauxi.o(.text)
    .text                                    0x080002ae   Section        2  use_no_semi.o(.text)
    .text                                    0x080002b0   Section        0  _printf_fp_dec.o(.text)
    _fp_digits                               0x080002b3   Thumb Code   432  _printf_fp_dec.o(.text)
    .text                                    0x080006d0   Section        0  _printf_char_file.o(.text)
    .text                                    0x080006f4   Section        8  rt_locale_intlibspace.o(.text)
    .text                                    0x080006fc   Section      138  lludiv10.o(.text)
    .text                                    0x08000788   Section        0  _printf_char_common.o(.text)
    _printf_input_char                       0x08000789   Thumb Code    10  _printf_char_common.o(.text)
    .text                                    0x080007b8   Section        0  _printf_fp_infnan.o(.text)
    .text                                    0x08000838   Section        0  bigflt0.o(.text)
    .text                                    0x0800091c   Section        0  ferror.o(.text)
    .text                                    0x08000924   Section        8  libspace.o(.text)
    .text                                    0x0800092c   Section       74  sys_stackheap_outer.o(.text)
    .text                                    0x08000976   Section        0  exit.o(.text)
    .text                                    0x08000988   Section      128  strcmpv7m.o(.text)
    CL$$btod_d2e                             0x08000a08   Section       62  btod.o(CL$$btod_d2e)
    CL$$btod_d2e_denorm_low                  0x08000a46   Section       70  btod.o(CL$$btod_d2e_denorm_low)
    CL$$btod_d2e_norm_op1                    0x08000a8c   Section       96  btod.o(CL$$btod_d2e_norm_op1)
    CL$$btod_div_common                      0x08000aec   Section      824  btod.o(CL$$btod_div_common)
    CL$$btod_e2e                             0x08000e24   Section      220  btod.o(CL$$btod_e2e)
    CL$$btod_ediv                            0x08000f00   Section       42  btod.o(CL$$btod_ediv)
    CL$$btod_emul                            0x08000f2a   Section       42  btod.o(CL$$btod_emul)
    CL$$btod_mult_common                     0x08000f54   Section      580  btod.o(CL$$btod_mult_common)
    i.ADC1_2_IRQHandler                      0x08001198   Section        0  stm32f10x_it.o(i.ADC1_2_IRQHandler)
    i.ADC_GetConversionValue                 0x080011b0   Section        0  stm32f10x_adc.o(i.ADC_GetConversionValue)
    i.BusFault_Handler                       0x080011b8   Section        0  stm32f10x_it.o(i.BusFault_Handler)
    i.DebugMon_Handler                       0x080011bc   Section        0  stm32f10x_it.o(i.DebugMon_Handler)
    i.GPIO_Init                              0x080011be   Section        0  stm32f10x_gpio.o(i.GPIO_Init)
    i.HardFault_Handler                      0x080012d4   Section        0  stm32f10x_it.o(i.HardFault_Handler)
    i.I2C_AcknowledgeConfig                  0x080012d8   Section        0  stm32f10x_i2c.o(i.I2C_AcknowledgeConfig)
    i.I2C_CheckEvent                         0x080012f0   Section        0  stm32f10x_i2c.o(i.I2C_CheckEvent)
    i.I2C_Cmd                                0x0800131a   Section        0  stm32f10x_i2c.o(i.I2C_Cmd)
    i.I2C_DeInit                             0x08001334   Section        0  stm32f10x_i2c.o(i.I2C_DeInit)
    i.I2C_GenerateSTART                      0x0800136c   Section        0  stm32f10x_i2c.o(i.I2C_GenerateSTART)
    i.I2C_GenerateSTOP                       0x08001384   Section        0  stm32f10x_i2c.o(i.I2C_GenerateSTOP)
    i.I2C_GetFlagStatus                      0x0800139c   Section        0  stm32f10x_i2c.o(i.I2C_GetFlagStatus)
    i.I2C_Init                               0x080013d8   Section        0  stm32f10x_i2c.o(i.I2C_Init)
    i.I2C_ReceiveData                        0x080014c4   Section        0  stm32f10x_i2c.o(i.I2C_ReceiveData)
    i.I2C_Send7bitAddress                    0x080014cc   Section        0  stm32f10x_i2c.o(i.I2C_Send7bitAddress)
    i.I2C_SendData                           0x080014de   Section        0  stm32f10x_i2c.o(i.I2C_SendData)
    i.MPU6050_GetAccelerometer               0x080014e2   Section        0  mpu6050.o(i.MPU6050_GetAccelerometer)
    i.MPU6050_GetGyroscope                   0x08001532   Section        0  mpu6050.o(i.MPU6050_GetGyroscope)
    i.MPU6050_GetTemperature                 0x08001584   Section        0  mpu6050.o(i.MPU6050_GetTemperature)
    i.MPU6050_Init                           0x080015e0   Section        0  mpu6050.o(i.MPU6050_Init)
    i.MPU6050_ReadByte                       0x080016d0   Section        0  mpu6050.o(i.MPU6050_ReadByte)
    i.MPU6050_ReadLen                        0x080017a4   Section        0  mpu6050.o(i.MPU6050_ReadLen)
    i.MPU6050_SetAccelFsr                    0x08001890   Section        0  mpu6050.o(i.MPU6050_SetAccelFsr)
    i.MPU6050_SetGyroFsr                     0x080018a0   Section        0  mpu6050.o(i.MPU6050_SetGyroFsr)
    i.MPU6050_SetLPF                         0x080018b0   Section        0  mpu6050.o(i.MPU6050_SetLPF)
    i.MPU6050_SetRate                        0x080018ea   Section        0  mpu6050.o(i.MPU6050_SetRate)
    i.MPU6050_WriteByte                      0x08001924   Section        0  mpu6050.o(i.MPU6050_WriteByte)
    i.MemManage_Handler                      0x080019b0   Section        0  stm32f10x_it.o(i.MemManage_Handler)
    i.NMI_Handler                            0x080019b4   Section        0  stm32f10x_it.o(i.NMI_Handler)
    i.NVIC_Init                              0x080019b8   Section        0  misc.o(i.NVIC_Init)
    i.PendSV_Handler                         0x08001a28   Section        0  stm32f10x_it.o(i.PendSV_Handler)
    i.RCC_APB1PeriphClockCmd                 0x08001a2c   Section        0  stm32f10x_rcc.o(i.RCC_APB1PeriphClockCmd)
    i.RCC_APB1PeriphResetCmd                 0x08001a4c   Section        0  stm32f10x_rcc.o(i.RCC_APB1PeriphResetCmd)
    i.RCC_APB2PeriphClockCmd                 0x08001a6c   Section        0  stm32f10x_rcc.o(i.RCC_APB2PeriphClockCmd)
    i.RCC_GetClocksFreq                      0x08001a8c   Section        0  stm32f10x_rcc.o(i.RCC_GetClocksFreq)
    i.SVC_Handler                            0x08001b60   Section        0  stm32f10x_it.o(i.SVC_Handler)
    i.SetSysClock                            0x08001b62   Section        0  system_stm32f10x.o(i.SetSysClock)
    SetSysClock                              0x08001b63   Thumb Code     8  system_stm32f10x.o(i.SetSysClock)
    i.SetSysClockTo72                        0x08001b6c   Section        0  system_stm32f10x.o(i.SetSysClockTo72)
    SetSysClockTo72                          0x08001b6d   Thumb Code   214  system_stm32f10x.o(i.SetSysClockTo72)
    i.SysTick_CLKSourceConfig                0x08001c4c   Section        0  misc.o(i.SysTick_CLKSourceConfig)
    i.SysTick_Handler                        0x08001c74   Section        0  stm32f10x_it.o(i.SysTick_Handler)
    i.SystemInit                             0x08001c78   Section        0  system_stm32f10x.o(i.SystemInit)
    i.USART1_IRQHandler                      0x08001cd8   Section        0  usart.o(i.USART1_IRQHandler)
    i.USART_Cmd                              0x08001d60   Section        0  stm32f10x_usart.o(i.USART_Cmd)
    i.USART_GetITStatus                      0x08001d78   Section        0  stm32f10x_usart.o(i.USART_GetITStatus)
    i.USART_ITConfig                         0x08001dcc   Section        0  stm32f10x_usart.o(i.USART_ITConfig)
    i.USART_Init                             0x08001e18   Section        0  stm32f10x_usart.o(i.USART_Init)
    i.USART_ReceiveData                      0x08001ef0   Section        0  stm32f10x_usart.o(i.USART_ReceiveData)
    i.UsageFault_Handler                     0x08001efa   Section        0  stm32f10x_it.o(i.UsageFault_Handler)
    i.__ARM_fpclassify                       0x08001efe   Section        0  fpclassify.o(i.__ARM_fpclassify)
    i._sys_exit                              0x08001f26   Section        0  usart.o(i._sys_exit)
    i.delay_init                             0x08001f2c   Section        0  delay.o(i.delay_init)
    i.delay_ms                               0x08001f70   Section        0  delay.o(i.delay_ms)
    i.fputc                                  0x08001fbc   Section        0  usart.o(i.fputc)
    i.main                                   0x08001fd8   Section        0  main.o(i.main)
    i.uart_init                              0x08002210   Section        0  usart.o(i.uart_init)
    locale$$code                             0x080022b0   Section       44  lc_numeric_c.o(locale$$code)
    x$fpl$d2f                                0x080022dc   Section       98  d2f.o(x$fpl$d2f)
    x$fpl$dadd                               0x08002340   Section      336  daddsub_clz.o(x$fpl$dadd)
    _dadd1                                   0x08002351   Thumb Code     0  daddsub_clz.o(x$fpl$dadd)
    x$fpl$ddiv                               0x08002490   Section      688  ddiv.o(x$fpl$ddiv)
    ddiv_entry                               0x08002497   Thumb Code     0  ddiv.o(x$fpl$ddiv)
    x$fpl$dflt                               0x08002740   Section       46  dflt_clz.o(x$fpl$dflt)
    x$fpl$dnaninf                            0x0800276e   Section      156  dnaninf.o(x$fpl$dnaninf)
    x$fpl$dretinf                            0x0800280a   Section       12  dretinf.o(x$fpl$dretinf)
    x$fpl$dsub                               0x08002818   Section      468  daddsub_clz.o(x$fpl$dsub)
    _dsub1                                   0x08002829   Thumb Code     0  daddsub_clz.o(x$fpl$dsub)
    x$fpl$f2d                                0x080029ec   Section       86  f2d.o(x$fpl$f2d)
    x$fpl$fadd                               0x08002a44   Section      196  faddsub_clz.o(x$fpl$fadd)
    _fadd1                                   0x08002a53   Thumb Code     0  faddsub_clz.o(x$fpl$fadd)
    x$fpl$fcmpinf                            0x08002b08   Section       24  fcmpi.o(x$fpl$fcmpinf)
    x$fpl$fdiv                               0x08002b20   Section      388  fdiv.o(x$fpl$fdiv)
    _fdiv1                                   0x08002b21   Thumb Code     0  fdiv.o(x$fpl$fdiv)
    x$fpl$ffix                               0x08002ca4   Section       54  ffix.o(x$fpl$ffix)
    x$fpl$fflt                               0x08002cdc   Section       48  fflt_clz.o(x$fpl$fflt)
    x$fpl$fleqf                              0x08002d0c   Section      104  fleqf.o(x$fpl$fleqf)
    x$fpl$fmul                               0x08002d74   Section      258  fmul.o(x$fpl$fmul)
    x$fpl$fnaninf                            0x08002e76   Section      140  fnaninf.o(x$fpl$fnaninf)
    x$fpl$fretinf                            0x08002f02   Section       10  fretinf.o(x$fpl$fretinf)
    x$fpl$frleqf                             0x08002f0c   Section       98  frleqf.o(x$fpl$frleqf)
    x$fpl$fsub                               0x08002f70   Section      234  faddsub_clz.o(x$fpl$fsub)
    _fsub1                                   0x08002f7f   Thumb Code     0  faddsub_clz.o(x$fpl$fsub)
    x$fpl$printf1                            0x0800305a   Section        4  printf1.o(x$fpl$printf1)
    x$fpl$usenofp                            0x0800305e   Section        0  usenofp.o(x$fpl$usenofp)
    .constdata                               0x08003060   Section      148  bigflt0.o(.constdata)
    tenpwrs_x                                0x08003060   Data          60  bigflt0.o(.constdata)
    tenpwrs_i                                0x0800309c   Data          64  bigflt0.o(.constdata)
    locale$$data                             0x08003114   Section       28  lc_numeric_c.o(locale$$data)
    __lcnum_c_name                           0x08003118   Data           2  lc_numeric_c.o(locale$$data)
    __lcnum_c_start                          0x08003120   Data           0  lc_numeric_c.o(locale$$data)
    __lcnum_c_point                          0x0800312c   Data           0  lc_numeric_c.o(locale$$data)
    __lcnum_c_thousands                      0x0800312e   Data           0  lc_numeric_c.o(locale$$data)
    __lcnum_c_grouping                       0x0800312f   Data           0  lc_numeric_c.o(locale$$data)
    __lcnum_c_end                            0x08003130   Data           0  lc_numeric_c.o(locale$$data)
    .data                                    0x20000000   Section       20  stm32f10x_rcc.o(.data)
    APBAHBPrescTable                         0x20000000   Data          16  stm32f10x_rcc.o(.data)
    ADCPrescTable                            0x20000010   Data           4  stm32f10x_rcc.o(.data)
    .data                                    0x20000014   Section        4  delay.o(.data)
    fac_us                                   0x20000014   Data           1  delay.o(.data)
    fac_ms                                   0x20000016   Data           2  delay.o(.data)
    .data                                    0x20000018   Section        6  usart.o(.data)
    .data                                    0x20000020   Section       28  main.o(.data)
    g_GetZeroOffset                          0x20000020   Data           4  main.o(.data)
    gyroX_offset                             0x20000024   Data           4  main.o(.data)
    gyroY_offset                             0x20000028   Data           4  main.o(.data)
    gyroZ_offset                             0x2000002c   Data           4  main.o(.data)
    integralX                                0x20000030   Data           4  main.o(.data)
    integralY                                0x20000034   Data           4  main.o(.data)
    integralZ                                0x20000038   Data           4  main.o(.data)
    .data                                    0x2000003c   Section        2  stm32f10x_it.o(.data)
    .data                                    0x20000040   Section       20  system_stm32f10x.o(.data)
    .bss                                     0x20000054   Section      200  usart.o(.bss)
    .bss                                     0x2000011c   Section       96  libspace.o(.bss)
    HEAP                                     0x20000180   Section      512  startup_stm32f10x_hd.o(HEAP)
    Heap_Mem                                 0x20000180   Data         512  startup_stm32f10x_hd.o(HEAP)
    STACK                                    0x20000380   Section     1024  startup_stm32f10x_hd.o(STACK)
    Stack_Mem                                0x20000380   Data        1024  startup_stm32f10x_hd.o(STACK)
    __initial_sp                             0x20000780   Data           0  startup_stm32f10x_hd.o(STACK)

    Global Symbols

    Symbol Name                              Value     Ov Type        Size  Object(Section)

    BuildAttributes$$THM_ISAv4$P$D$K$B$S$PE$A:L22UL41UL21$X:L11$S22US41US21$IEEE1$IW$USESV6$~STKCKD$USESV7$~SHL$OTIME$ROPI$IEEEJ$EBA8$UX$STANDARDLIB$REQ8$PRES8$EABIv2 0x00000000   Number         0  anon$$obj.o ABSOLUTE
    __ARM_use_no_argv                        0x00000000   Number         0  main.o ABSOLUTE
    __ARM_exceptions_init                     - Undefined Weak Reference
    __alloca_initialize                       - Undefined Weak Reference
    __arm_fini_                               - Undefined Weak Reference
    __arm_preinit_                            - Undefined Weak Reference
    __cpp_initialize__aeabi_                  - Undefined Weak Reference
    __cxa_finalize                            - Undefined Weak Reference
    __sigvec_lookup                           - Undefined Weak Reference
    _atexit_init                              - Undefined Weak Reference
    _call_atexit_fns                          - Undefined Weak Reference
    _clock_init                               - Undefined Weak Reference
    _fp_trap_init                             - Undefined Weak Reference
    _fp_trap_shutdown                         - Undefined Weak Reference
    _get_lc_collate                           - Undefined Weak Reference
    _get_lc_ctype                             - Undefined Weak Reference
    _get_lc_monetary                          - Undefined Weak Reference
    _get_lc_time                              - Undefined Weak Reference
    _getenv_init                              - Undefined Weak Reference
    _handle_redirection                       - Undefined Weak Reference
    _init_alloc                               - Undefined Weak Reference
    _init_user_alloc                          - Undefined Weak Reference
    _initio                                   - Undefined Weak Reference
    _mutex_acquire                            - Undefined Weak Reference
    _mutex_release                            - Undefined Weak Reference
    _printf_post_padding                      - Undefined Weak Reference
    _printf_pre_padding                       - Undefined Weak Reference
    _rand_init                                - Undefined Weak Reference
    _signal_finish                            - Undefined Weak Reference
    _signal_init                              - Undefined Weak Reference
    _terminate_alloc                          - Undefined Weak Reference
    _terminate_user_alloc                     - Undefined Weak Reference
    _terminateio                              - Undefined Weak Reference
    __Vectors_Size                           0x00000130   Number         0  startup_stm32f10x_hd.o ABSOLUTE
    __Vectors                                0x08000000   Data           4  startup_stm32f10x_hd.o(RESET)
    __Vectors_End                            0x08000130   Data           0  startup_stm32f10x_hd.o(RESET)
    __main                                   0x08000131   Thumb Code     8  __main.o(!!!main)
    __scatterload                            0x08000139   Thumb Code     0  __scatter.o(!!!scatter)
    __scatterload_rt2                        0x08000139   Thumb Code    44  __scatter.o(!!!scatter)
    __scatterload_rt2_thumb_only             0x08000139   Thumb Code     0  __scatter.o(!!!scatter)
    __scatterload_null                       0x08000147   Thumb Code     0  __scatter.o(!!!scatter)
    __scatterload_copy                       0x0800016d   Thumb Code    26  __scatter_copy.o(!!handler_copy)
    __scatterload_zeroinit                   0x08000189   Thumb Code    28  __scatter_zi.o(!!handler_zi)
    _printf_f                                0x080001a5   Thumb Code     0  _printf_f.o(.ARM.Collect$$_printf_percent$$00000003)
    _printf_percent                          0x080001a5   Thumb Code     0  _printf_percent.o(.ARM.Collect$$_printf_percent$$00000000)
    _printf_percent_end                      0x080001ab   Thumb Code     0  _printf_percent_end.o(.ARM.Collect$$_printf_percent$$00000017)
    __rt_lib_init                            0x080001af   Thumb Code     0  libinit.o(.ARM.Collect$$libinit$$00000000)
    __rt_lib_init_fp_1                       0x080001b1   Thumb Code     0  libinit2.o(.ARM.Collect$$libinit$$00000002)
    __rt_lib_init_heap_1                     0x080001b1   Thumb Code     0  libinit2.o(.ARM.Collect$$libinit$$0000000A)
    __rt_lib_init_lc_common                  0x080001b1   Thumb Code     0  libinit2.o(.ARM.Collect$$libinit$$0000000F)
    __rt_lib_init_preinit_1                  0x080001b1   Thumb Code     0  libinit2.o(.ARM.Collect$$libinit$$00000004)
    __rt_lib_init_rand_1                     0x080001b1   Thumb Code     0  libinit2.o(.ARM.Collect$$libinit$$0000000E)
    __rt_lib_init_user_alloc_1               0x080001b1   Thumb Code     0  libinit2.o(.ARM.Collect$$libinit$$0000000C)
    __rt_lib_init_lc_collate_1               0x080001b7   Thumb Code     0  libinit2.o(.ARM.Collect$$libinit$$00000011)
    __rt_lib_init_lc_ctype_1                 0x080001b7   Thumb Code     0  libinit2.o(.ARM.Collect$$libinit$$00000013)
    __rt_lib_init_lc_monetary_1              0x080001b7   Thumb Code     0  libinit2.o(.ARM.Collect$$libinit$$00000015)
    __rt_lib_init_lc_numeric_2               0x080001b7   Thumb Code     0  libinit2.o(.ARM.Collect$$libinit$$00000016)
    __rt_lib_init_alloca_1                   0x080001c1   Thumb Code     0  libinit2.o(.ARM.Collect$$libinit$$0000002E)
    __rt_lib_init_argv_1                     0x080001c1   Thumb Code     0  libinit2.o(.ARM.Collect$$libinit$$0000002C)
    __rt_lib_init_atexit_1                   0x080001c1   Thumb Code     0  libinit2.o(.ARM.Collect$$libinit$$0000001B)
    __rt_lib_init_clock_1                    0x080001c1   Thumb Code     0  libinit2.o(.ARM.Collect$$libinit$$00000021)
    __rt_lib_init_cpp_1                      0x080001c1   Thumb Code     0  libinit2.o(.ARM.Collect$$libinit$$00000032)
    __rt_lib_init_exceptions_1               0x080001c1   Thumb Code     0  libinit2.o(.ARM.Collect$$libinit$$00000030)
    __rt_lib_init_fp_trap_1                  0x080001c1   Thumb Code     0  libinit2.o(.ARM.Collect$$libinit$$0000001F)
    __rt_lib_init_getenv_1                   0x080001c1   Thumb Code     0  libinit2.o(.ARM.Collect$$libinit$$00000023)
    __rt_lib_init_lc_numeric_1               0x080001c1   Thumb Code     0  libinit2.o(.ARM.Collect$$libinit$$00000017)
    __rt_lib_init_lc_time_1                  0x080001c1   Thumb Code     0  libinit2.o(.ARM.Collect$$libinit$$00000019)
    __rt_lib_init_return                     0x080001c1   Thumb Code     0  libinit2.o(.ARM.Collect$$libinit$$00000033)
    __rt_lib_init_signal_1                   0x080001c1   Thumb Code     0  libinit2.o(.ARM.Collect$$libinit$$0000001D)
    __rt_lib_init_stdio_1                    0x080001c1   Thumb Code     0  libinit2.o(.ARM.Collect$$libinit$$00000025)
    __rt_lib_shutdown                        0x080001c3   Thumb Code     0  libshutdown.o(.ARM.Collect$$libshutdown$$00000000)
    __rt_lib_shutdown_cpp_1                  0x080001c5   Thumb Code     0  libshutdown2.o(.ARM.Collect$$libshutdown$$00000004)
    __rt_lib_shutdown_fini_1                 0x080001c5   Thumb Code     0  libshutdown2.o(.ARM.Collect$$libshutdown$$00000002)
    __rt_lib_shutdown_fp_trap_1              0x080001c5   Thumb Code     0  libshutdown2.o(.ARM.Collect$$libshutdown$$00000009)
    __rt_lib_shutdown_heap_1                 0x080001c5   Thumb Code     0  libshutdown2.o(.ARM.Collect$$libshutdown$$00000011)
    __rt_lib_shutdown_return                 0x080001c5   Thumb Code     0  libshutdown2.o(.ARM.Collect$$libshutdown$$00000012)
    __rt_lib_shutdown_signal_1               0x080001c5   Thumb Code     0  libshutdown2.o(.ARM.Collect$$libshutdown$$0000000C)
    __rt_lib_shutdown_stdio_1                0x080001c5   Thumb Code     0  libshutdown2.o(.ARM.Collect$$libshutdown$$00000006)
    __rt_lib_shutdown_user_alloc_1           0x080001c5   Thumb Code     0  libshutdown2.o(.ARM.Collect$$libshutdown$$0000000E)
    __rt_entry                               0x080001c7   Thumb Code     0  __rtentry.o(.ARM.Collect$$rtentry$$00000000)
    __rt_entry_presh_1                       0x080001c7   Thumb Code     0  __rtentry2.o(.ARM.Collect$$rtentry$$00000002)
    __rt_entry_sh                            0x080001c7   Thumb Code     0  __rtentry4.o(.ARM.Collect$$rtentry$$00000004)
    __rt_entry_li                            0x080001cd   Thumb Code     0  __rtentry2.o(.ARM.Collect$$rtentry$$0000000A)
    __rt_entry_postsh_1                      0x080001cd   Thumb Code     0  __rtentry2.o(.ARM.Collect$$rtentry$$00000009)
    __rt_entry_main                          0x080001d1   Thumb Code     0  __rtentry2.o(.ARM.Collect$$rtentry$$0000000D)
    __rt_entry_postli_1                      0x080001d1   Thumb Code     0  __rtentry2.o(.ARM.Collect$$rtentry$$0000000C)
    __rt_exit                                0x080001d9   Thumb Code     0  rtexit.o(.ARM.Collect$$rtexit$$00000000)
    __rt_exit_ls                             0x080001db   Thumb Code     0  rtexit2.o(.ARM.Collect$$rtexit$$00000003)
    __rt_exit_prels_1                        0x080001db   Thumb Code     0  rtexit2.o(.ARM.Collect$$rtexit$$00000002)
    __rt_exit_exit                           0x080001df   Thumb Code     0  rtexit2.o(.ARM.Collect$$rtexit$$00000004)
    Reset_Handler                            0x080001e5   Thumb Code     8  startup_stm32f10x_hd.o(.text)
    ADC3_IRQHandler                          0x080001ff   Thumb Code     0  startup_stm32f10x_hd.o(.text)
    CAN1_RX1_IRQHandler                      0x080001ff   Thumb Code     0  startup_stm32f10x_hd.o(.text)
    CAN1_SCE_IRQHandler                      0x080001ff   Thumb Code     0  startup_stm32f10x_hd.o(.text)
    DMA1_Channel1_IRQHandler                 0x080001ff   Thumb Code     0  startup_stm32f10x_hd.o(.text)
    DMA1_Channel2_IRQHandler                 0x080001ff   Thumb Code     0  startup_stm32f10x_hd.o(.text)
    DMA1_Channel3_IRQHandler                 0x080001ff   Thumb Code     0  startup_stm32f10x_hd.o(.text)
    DMA1_Channel4_IRQHandler                 0x080001ff   Thumb Code     0  startup_stm32f10x_hd.o(.text)
    DMA1_Channel5_IRQHandler                 0x080001ff   Thumb Code     0  startup_stm32f10x_hd.o(.text)
    DMA1_Channel6_IRQHandler                 0x080001ff   Thumb Code     0  startup_stm32f10x_hd.o(.text)
    DMA1_Channel7_IRQHandler                 0x080001ff   Thumb Code     0  startup_stm32f10x_hd.o(.text)
    DMA2_Channel1_IRQHandler                 0x080001ff   Thumb Code     0  startup_stm32f10x_hd.o(.text)
    DMA2_Channel2_IRQHandler                 0x080001ff   Thumb Code     0  startup_stm32f10x_hd.o(.text)
    DMA2_Channel3_IRQHandler                 0x080001ff   Thumb Code     0  startup_stm32f10x_hd.o(.text)
    DMA2_Channel4_5_IRQHandler               0x080001ff   Thumb Code     0  startup_stm32f10x_hd.o(.text)
    EXTI0_IRQHandler                         0x080001ff   Thumb Code     0  startup_stm32f10x_hd.o(.text)
    EXTI15_10_IRQHandler                     0x080001ff   Thumb Code     0  startup_stm32f10x_hd.o(.text)
    EXTI1_IRQHandler                         0x080001ff   Thumb Code     0  startup_stm32f10x_hd.o(.text)
    EXTI2_IRQHandler                         0x080001ff   Thumb Code     0  startup_stm32f10x_hd.o(.text)
    EXTI3_IRQHandler                         0x080001ff   Thumb Code     0  startup_stm32f10x_hd.o(.text)
    EXTI4_IRQHandler                         0x080001ff   Thumb Code     0  startup_stm32f10x_hd.o(.text)
    EXTI9_5_IRQHandler                       0x080001ff   Thumb Code     0  startup_stm32f10x_hd.o(.text)
    FLASH_IRQHandler                         0x080001ff   Thumb Code     0  startup_stm32f10x_hd.o(.text)
    FSMC_IRQHandler                          0x080001ff   Thumb Code     0  startup_stm32f10x_hd.o(.text)
    I2C1_ER_IRQHandler                       0x080001ff   Thumb Code     0  startup_stm32f10x_hd.o(.text)
    I2C1_EV_IRQHandler                       0x080001ff   Thumb Code     0  startup_stm32f10x_hd.o(.text)
    I2C2_ER_IRQHandler                       0x080001ff   Thumb Code     0  startup_stm32f10x_hd.o(.text)
    I2C2_EV_IRQHandler                       0x080001ff   Thumb Code     0  startup_stm32f10x_hd.o(.text)
    PVD_IRQHandler                           0x080001ff   Thumb Code     0  startup_stm32f10x_hd.o(.text)
    RCC_IRQHandler                           0x080001ff   Thumb Code     0  startup_stm32f10x_hd.o(.text)
    RTCAlarm_IRQHandler                      0x080001ff   Thumb Code     0  startup_stm32f10x_hd.o(.text)
    RTC_IRQHandler                           0x080001ff   Thumb Code     0  startup_stm32f10x_hd.o(.text)
    SDIO_IRQHandler                          0x080001ff   Thumb Code     0  startup_stm32f10x_hd.o(.text)
    SPI1_IRQHandler                          0x080001ff   Thumb Code     0  startup_stm32f10x_hd.o(.text)
    SPI2_IRQHandler                          0x080001ff   Thumb Code     0  startup_stm32f10x_hd.o(.text)
    SPI3_IRQHandler                          0x080001ff   Thumb Code     0  startup_stm32f10x_hd.o(.text)
    TAMPER_IRQHandler                        0x080001ff   Thumb Code     0  startup_stm32f10x_hd.o(.text)
    TIM1_BRK_IRQHandler                      0x080001ff   Thumb Code     0  startup_stm32f10x_hd.o(.text)
    TIM1_CC_IRQHandler                       0x080001ff   Thumb Code     0  startup_stm32f10x_hd.o(.text)
    TIM1_TRG_COM_IRQHandler                  0x080001ff   Thumb Code     0  startup_stm32f10x_hd.o(.text)
    TIM1_UP_IRQHandler                       0x080001ff   Thumb Code     0  startup_stm32f10x_hd.o(.text)
    TIM2_IRQHandler                          0x080001ff   Thumb Code     0  startup_stm32f10x_hd.o(.text)
    TIM3_IRQHandler                          0x080001ff   Thumb Code     0  startup_stm32f10x_hd.o(.text)
    TIM4_IRQHandler                          0x080001ff   Thumb Code     0  startup_stm32f10x_hd.o(.text)
    TIM5_IRQHandler                          0x080001ff   Thumb Code     0  startup_stm32f10x_hd.o(.text)
    TIM6_IRQHandler                          0x080001ff   Thumb Code     0  startup_stm32f10x_hd.o(.text)
    TIM7_IRQHandler                          0x080001ff   Thumb Code     0  startup_stm32f10x_hd.o(.text)
    TIM8_BRK_IRQHandler                      0x080001ff   Thumb Code     0  startup_stm32f10x_hd.o(.text)
    TIM8_CC_IRQHandler                       0x080001ff   Thumb Code     0  startup_stm32f10x_hd.o(.text)
    TIM8_TRG_COM_IRQHandler                  0x080001ff   Thumb Code     0  startup_stm32f10x_hd.o(.text)
    TIM8_UP_IRQHandler                       0x080001ff   Thumb Code     0  startup_stm32f10x_hd.o(.text)
    UART4_IRQHandler                         0x080001ff   Thumb Code     0  startup_stm32f10x_hd.o(.text)
    UART5_IRQHandler                         0x080001ff   Thumb Code     0  startup_stm32f10x_hd.o(.text)
    USART2_IRQHandler                        0x080001ff   Thumb Code     0  startup_stm32f10x_hd.o(.text)
    USART3_IRQHandler                        0x080001ff   Thumb Code     0  startup_stm32f10x_hd.o(.text)
    USBWakeUp_IRQHandler                     0x080001ff   Thumb Code     0  startup_stm32f10x_hd.o(.text)
    USB_HP_CAN1_TX_IRQHandler                0x080001ff   Thumb Code     0  startup_stm32f10x_hd.o(.text)
    USB_LP_CAN1_RX0_IRQHandler               0x080001ff   Thumb Code     0  startup_stm32f10x_hd.o(.text)
    WWDG_IRQHandler                          0x080001ff   Thumb Code     0  startup_stm32f10x_hd.o(.text)
    __user_initial_stackheap                 0x08000201   Thumb Code     0  startup_stm32f10x_hd.o(.text)
    __use_no_semihosting                     0x08000225   Thumb Code     2  use_no_semi_2.o(.text)
    __2printf                                0x08000229   Thumb Code    20  noretval__2printf.o(.text)
    __printf                                 0x08000241   Thumb Code   104  __printf.o(.text)
    __use_two_region_memory                  0x080002a9   Thumb Code     2  heapauxi.o(.text)
    __rt_heap_escrow$2region                 0x080002ab   Thumb Code     2  heapauxi.o(.text)
    __rt_heap_expand$2region                 0x080002ad   Thumb Code     2  heapauxi.o(.text)
    __I$use$semihosting                      0x080002af   Thumb Code     0  use_no_semi.o(.text)
    __use_no_semihosting_swi                 0x080002af   Thumb Code     2  use_no_semi.o(.text)
    __lib_sel_fp_printf                      0x080002b1   Thumb Code     2  _printf_fp_dec.o(.text)
    _printf_fp_dec_real                      0x08000463   Thumb Code   620  _printf_fp_dec.o(.text)
    _printf_char_file                        0x080006d1   Thumb Code    32  _printf_char_file.o(.text)
    __rt_locale                              0x080006f5   Thumb Code     8  rt_locale_intlibspace.o(.text)
    _ll_udiv10                               0x080006fd   Thumb Code   138  lludiv10.o(.text)
    _printf_char_common                      0x08000793   Thumb Code    32  _printf_char_common.o(.text)
    _printf_fp_infnan                        0x080007b9   Thumb Code   112  _printf_fp_infnan.o(.text)
    _btod_etento                             0x08000839   Thumb Code   224  bigflt0.o(.text)
    ferror                                   0x0800091d   Thumb Code     8  ferror.o(.text)
    __user_libspace                          0x08000925   Thumb Code     8  libspace.o(.text)
    __user_perproc_libspace                  0x08000925   Thumb Code     0  libspace.o(.text)
    __user_perthread_libspace                0x08000925   Thumb Code     0  libspace.o(.text)
    __user_setup_stackheap                   0x0800092d   Thumb Code    74  sys_stackheap_outer.o(.text)
    exit                                     0x08000977   Thumb Code    18  exit.o(.text)
    strcmp                                   0x08000989   Thumb Code   128  strcmpv7m.o(.text)
    _btod_d2e                                0x08000a09   Thumb Code    62  btod.o(CL$$btod_d2e)
    _d2e_denorm_low                          0x08000a47   Thumb Code    70  btod.o(CL$$btod_d2e_denorm_low)
    _d2e_norm_op1                            0x08000a8d   Thumb Code    96  btod.o(CL$$btod_d2e_norm_op1)
    __btod_div_common                        0x08000aed   Thumb Code   696  btod.o(CL$$btod_div_common)
    _e2e                                     0x08000e25   Thumb Code   220  btod.o(CL$$btod_e2e)
    _btod_ediv                               0x08000f01   Thumb Code    42  btod.o(CL$$btod_ediv)
    _btod_emul                               0x08000f2b   Thumb Code    42  btod.o(CL$$btod_emul)
    __btod_mult_common                       0x08000f55   Thumb Code   580  btod.o(CL$$btod_mult_common)
    ADC1_2_IRQHandler                        0x08001199   Thumb Code    14  stm32f10x_it.o(i.ADC1_2_IRQHandler)
    ADC_GetConversionValue                   0x080011b1   Thumb Code     8  stm32f10x_adc.o(i.ADC_GetConversionValue)
    BusFault_Handler                         0x080011b9   Thumb Code     4  stm32f10x_it.o(i.BusFault_Handler)
    DebugMon_Handler                         0x080011bd   Thumb Code     2  stm32f10x_it.o(i.DebugMon_Handler)
    GPIO_Init                                0x080011bf   Thumb Code   278  stm32f10x_gpio.o(i.GPIO_Init)
    HardFault_Handler                        0x080012d5   Thumb Code     4  stm32f10x_it.o(i.HardFault_Handler)
    I2C_AcknowledgeConfig                    0x080012d9   Thumb Code    24  stm32f10x_i2c.o(i.I2C_AcknowledgeConfig)
    I2C_CheckEvent                           0x080012f1   Thumb Code    42  stm32f10x_i2c.o(i.I2C_CheckEvent)
    I2C_Cmd                                  0x0800131b   Thumb Code    24  stm32f10x_i2c.o(i.I2C_Cmd)
    I2C_DeInit                               0x08001335   Thumb Code    50  stm32f10x_i2c.o(i.I2C_DeInit)
    I2C_GenerateSTART                        0x0800136d   Thumb Code    24  stm32f10x_i2c.o(i.I2C_GenerateSTART)
    I2C_GenerateSTOP                         0x08001385   Thumb Code    24  stm32f10x_i2c.o(i.I2C_GenerateSTOP)
    I2C_GetFlagStatus                        0x0800139d   Thumb Code    58  stm32f10x_i2c.o(i.I2C_GetFlagStatus)
    I2C_Init                                 0x080013d9   Thumb Code   222  stm32f10x_i2c.o(i.I2C_Init)
    I2C_ReceiveData                          0x080014c5   Thumb Code     8  stm32f10x_i2c.o(i.I2C_ReceiveData)
    I2C_Send7bitAddress                      0x080014cd   Thumb Code    18  stm32f10x_i2c.o(i.I2C_Send7bitAddress)
    I2C_SendData                             0x080014df   Thumb Code     4  stm32f10x_i2c.o(i.I2C_SendData)
    MPU6050_GetAccelerometer                 0x080014e3   Thumb Code    80  mpu6050.o(i.MPU6050_GetAccelerometer)
    MPU6050_GetGyroscope                     0x08001533   Thumb Code    80  mpu6050.o(i.MPU6050_GetGyroscope)
    MPU6050_GetTemperature                   0x08001585   Thumb Code    78  mpu6050.o(i.MPU6050_GetTemperature)
    MPU6050_Init                             0x080015e1   Thumb Code   226  mpu6050.o(i.MPU6050_Init)
    MPU6050_ReadByte                         0x080016d1   Thumb Code   200  mpu6050.o(i.MPU6050_ReadByte)
    MPU6050_ReadLen                          0x080017a5   Thumb Code   224  mpu6050.o(i.MPU6050_ReadLen)
    MPU6050_SetAccelFsr                      0x08001891   Thumb Code    16  mpu6050.o(i.MPU6050_SetAccelFsr)
    MPU6050_SetGyroFsr                       0x080018a1   Thumb Code    16  mpu6050.o(i.MPU6050_SetGyroFsr)
    MPU6050_SetLPF                           0x080018b1   Thumb Code    58  mpu6050.o(i.MPU6050_SetLPF)
    MPU6050_SetRate                          0x080018eb   Thumb Code    58  mpu6050.o(i.MPU6050_SetRate)
    MPU6050_WriteByte                        0x08001925   Thumb Code   128  mpu6050.o(i.MPU6050_WriteByte)
    MemManage_Handler                        0x080019b1   Thumb Code     4  stm32f10x_it.o(i.MemManage_Handler)
    NMI_Handler                              0x080019b5   Thumb Code     2  stm32f10x_it.o(i.NMI_Handler)
    NVIC_Init                                0x080019b9   Thumb Code   100  misc.o(i.NVIC_Init)
    PendSV_Handler                           0x08001a29   Thumb Code     2  stm32f10x_it.o(i.PendSV_Handler)
    RCC_APB1PeriphClockCmd                   0x08001a2d   Thumb Code    26  stm32f10x_rcc.o(i.RCC_APB1PeriphClockCmd)
    RCC_APB1PeriphResetCmd                   0x08001a4d   Thumb Code    26  stm32f10x_rcc.o(i.RCC_APB1PeriphResetCmd)
    RCC_APB2PeriphClockCmd                   0x08001a6d   Thumb Code    26  stm32f10x_rcc.o(i.RCC_APB2PeriphClockCmd)
    RCC_GetClocksFreq                        0x08001a8d   Thumb Code   192  stm32f10x_rcc.o(i.RCC_GetClocksFreq)
    SVC_Handler                              0x08001b61   Thumb Code     2  stm32f10x_it.o(i.SVC_Handler)
    SysTick_CLKSourceConfig                  0x08001c4d   Thumb Code    40  misc.o(i.SysTick_CLKSourceConfig)
    SysTick_Handler                          0x08001c75   Thumb Code     2  stm32f10x_it.o(i.SysTick_Handler)
    SystemInit                               0x08001c79   Thumb Code    78  system_stm32f10x.o(i.SystemInit)
    USART1_IRQHandler                        0x08001cd9   Thumb Code   122  usart.o(i.USART1_IRQHandler)
    USART_Cmd                                0x08001d61   Thumb Code    24  stm32f10x_usart.o(i.USART_Cmd)
    USART_GetITStatus                        0x08001d79   Thumb Code    84  stm32f10x_usart.o(i.USART_GetITStatus)
    USART_ITConfig                           0x08001dcd   Thumb Code    74  stm32f10x_usart.o(i.USART_ITConfig)
    USART_Init                               0x08001e19   Thumb Code   210  stm32f10x_usart.o(i.USART_Init)
    USART_ReceiveData                        0x08001ef1   Thumb Code    10  stm32f10x_usart.o(i.USART_ReceiveData)
    UsageFault_Handler                       0x08001efb   Thumb Code     4  stm32f10x_it.o(i.UsageFault_Handler)
    __ARM_fpclassify                         0x08001eff   Thumb Code    40  fpclassify.o(i.__ARM_fpclassify)
    _sys_exit                                0x08001f27   Thumb Code     4  usart.o(i._sys_exit)
    delay_init                               0x08001f2d   Thumb Code    50  delay.o(i.delay_init)
    delay_ms                                 0x08001f71   Thumb Code    72  delay.o(i.delay_ms)
    fputc                                    0x08001fbd   Thumb Code    24  usart.o(i.fputc)
    main                                     0x08001fd9   Thumb Code   512  main.o(i.main)
    uart_init                                0x08002211   Thumb Code   152  usart.o(i.uart_init)
    _get_lc_numeric                          0x080022b1   Thumb Code    44  lc_numeric_c.o(locale$$code)
    __aeabi_d2f                              0x080022dd   Thumb Code     0  d2f.o(x$fpl$d2f)
    _d2f                                     0x080022dd   Thumb Code    98  d2f.o(x$fpl$d2f)
    __aeabi_dadd                             0x08002341   Thumb Code     0  daddsub_clz.o(x$fpl$dadd)
    _dadd                                    0x08002341   Thumb Code   332  daddsub_clz.o(x$fpl$dadd)
    __aeabi_ddiv                             0x08002491   Thumb Code     0  ddiv.o(x$fpl$ddiv)
    _ddiv                                    0x08002491   Thumb Code   552  ddiv.o(x$fpl$ddiv)
    __aeabi_i2d                              0x08002741   Thumb Code     0  dflt_clz.o(x$fpl$dflt)
    _dflt                                    0x08002741   Thumb Code    46  dflt_clz.o(x$fpl$dflt)
    __fpl_dnaninf                            0x0800276f   Thumb Code   156  dnaninf.o(x$fpl$dnaninf)
    __fpl_dretinf                            0x0800280b   Thumb Code    12  dretinf.o(x$fpl$dretinf)
    __aeabi_dsub                             0x08002819   Thumb Code     0  daddsub_clz.o(x$fpl$dsub)
    _dsub                                    0x08002819   Thumb Code   464  daddsub_clz.o(x$fpl$dsub)
    __aeabi_f2d                              0x080029ed   Thumb Code     0  f2d.o(x$fpl$f2d)
    _f2d                                     0x080029ed   Thumb Code    86  f2d.o(x$fpl$f2d)
    __aeabi_fadd                             0x08002a45   Thumb Code     0  faddsub_clz.o(x$fpl$fadd)
    _fadd                                    0x08002a45   Thumb Code   196  faddsub_clz.o(x$fpl$fadd)
    __fpl_fcmp_Inf                           0x08002b09   Thumb Code    24  fcmpi.o(x$fpl$fcmpinf)
    __aeabi_fdiv                             0x08002b21   Thumb Code     0  fdiv.o(x$fpl$fdiv)
    _fdiv                                    0x08002b21   Thumb Code   384  fdiv.o(x$fpl$fdiv)
    __aeabi_f2iz                             0x08002ca5   Thumb Code     0  ffix.o(x$fpl$ffix)
    _ffix                                    0x08002ca5   Thumb Code    54  ffix.o(x$fpl$ffix)
    __aeabi_i2f                              0x08002cdd   Thumb Code     0  fflt_clz.o(x$fpl$fflt)
    _fflt                                    0x08002cdd   Thumb Code    48  fflt_clz.o(x$fpl$fflt)
    __aeabi_cfcmple                          0x08002d0d   Thumb Code     0  fleqf.o(x$fpl$fleqf)
    _fcmple                                  0x08002d0d   Thumb Code   104  fleqf.o(x$fpl$fleqf)
    __fpl_fcmple_InfNaN                      0x08002d5f   Thumb Code     0  fleqf.o(x$fpl$fleqf)
    __aeabi_fmul                             0x08002d75   Thumb Code     0  fmul.o(x$fpl$fmul)
    _fmul                                    0x08002d75   Thumb Code   258  fmul.o(x$fpl$fmul)
    __fpl_fnaninf                            0x08002e77   Thumb Code   140  fnaninf.o(x$fpl$fnaninf)
    __fpl_fretinf                            0x08002f03   Thumb Code    10  fretinf.o(x$fpl$fretinf)
    __aeabi_cfrcmple                         0x08002f0d   Thumb Code     0  frleqf.o(x$fpl$frleqf)
    _frcmple                                 0x08002f0d   Thumb Code    98  frleqf.o(x$fpl$frleqf)
    __aeabi_fsub                             0x08002f71   Thumb Code     0  faddsub_clz.o(x$fpl$fsub)
    _fsub                                    0x08002f71   Thumb Code   234  faddsub_clz.o(x$fpl$fsub)
    _printf_fp_dec                           0x0800305b   Thumb Code     4  printf1.o(x$fpl$printf1)
    __I$use$fp                               0x0800305e   Number         0  usenofp.o(x$fpl$usenofp)
    Region$$Table$$Base                      0x080030f4   Number         0  anon$$obj.o(Region$$Table)
    Region$$Table$$Limit                     0x08003114   Number         0  anon$$obj.o(Region$$Table)
    __stdout                                 0x20000018   Data           4  usart.o(.data)
    USART_RX_STA                             0x2000001c   Data           2  usart.o(.data)
    ADC2ConvertedValue                       0x2000003c   Data           2  stm32f10x_it.o(.data)
    SystemCoreClock                          0x20000040   Data           4  system_stm32f10x.o(.data)
    AHBPrescTable                            0x20000044   Data          16  system_stm32f10x.o(.data)
    USART_RX_BUF                             0x20000054   Data         200  usart.o(.bss)
    __libspace_start                         0x2000011c   Data          96  libspace.o(.bss)
    __temporary_stack_top$libspace           0x2000017c   Data           0  libspace.o(.bss)



==============================================================================

Memory Map of the image

  Image Entry point : 0x08000131

  Load Region LR_IROM1 (Base: 0x08000000, Size: 0x00003184, Max: 0x00080000, ABSOLUTE)

    Execution Region ER_IROM1 (Exec base: 0x08000000, Load base: 0x08000000, Size: 0x00003130, Max: 0x00080000, ABSOLUTE)

    Exec Addr    Load Addr    Size         Type   Attr      Idx    E Section Name        Object

    0x08000000   0x08000000   0x00000130   Data   RO           19    RESET               startup_stm32f10x_hd.o
    0x08000130   0x08000130   0x00000008   Code   RO         3425  * !!!main             c_w.l(__main.o)
    0x08000138   0x08000138   0x00000034   Code   RO         3697    !!!scatter          c_w.l(__scatter.o)
    0x0800016c   0x0800016c   0x0000001a   Code   RO         3699    !!handler_copy      c_w.l(__scatter_copy.o)
    0x08000186   0x08000186   0x00000002   PAD
    0x08000188   0x08000188   0x0000001c   Code   RO         3701    !!handler_zi        c_w.l(__scatter_zi.o)
    0x080001a4   0x080001a4   0x00000000   Code   RO         3422    .ARM.Collect$$_printf_percent$$00000000  c_w.l(_printf_percent.o)
    0x080001a4   0x080001a4   0x00000006   Code   RO         3421    .ARM.Collect$$_printf_percent$$00000003  c_w.l(_printf_f.o)
    0x080001aa   0x080001aa   0x00000004   Code   RO         3482    .ARM.Collect$$_printf_percent$$00000017  c_w.l(_printf_percent_end.o)
    0x080001ae   0x080001ae   0x00000002   Code   RO         3572    .ARM.Collect$$libinit$$00000000  c_w.l(libinit.o)
    0x080001b0   0x080001b0   0x00000000   Code   RO         3574    .ARM.Collect$$libinit$$00000002  c_w.l(libinit2.o)
    0x080001b0   0x080001b0   0x00000000   Code   RO         3576    .ARM.Collect$$libinit$$00000004  c_w.l(libinit2.o)
    0x080001b0   0x080001b0   0x00000000   Code   RO         3579    .ARM.Collect$$libinit$$0000000A  c_w.l(libinit2.o)
    0x080001b0   0x080001b0   0x00000000   Code   RO         3581    .ARM.Collect$$libinit$$0000000C  c_w.l(libinit2.o)
    0x080001b0   0x080001b0   0x00000000   Code   RO         3583    .ARM.Collect$$libinit$$0000000E  c_w.l(libinit2.o)
    0x080001b0   0x080001b0   0x00000006   Code   RO         3584    .ARM.Collect$$libinit$$0000000F  c_w.l(libinit2.o)
    0x080001b6   0x080001b6   0x00000000   Code   RO         3586    .ARM.Collect$$libinit$$00000011  c_w.l(libinit2.o)
    0x080001b6   0x080001b6   0x00000000   Code   RO         3588    .ARM.Collect$$libinit$$00000013  c_w.l(libinit2.o)
    0x080001b6   0x080001b6   0x00000000   Code   RO         3590    .ARM.Collect$$libinit$$00000015  c_w.l(libinit2.o)
    0x080001b6   0x080001b6   0x0000000a   Code   RO         3591    .ARM.Collect$$libinit$$00000016  c_w.l(libinit2.o)
    0x080001c0   0x080001c0   0x00000000   Code   RO         3592    .ARM.Collect$$libinit$$00000017  c_w.l(libinit2.o)
    0x080001c0   0x080001c0   0x00000000   Code   RO         3594    .ARM.Collect$$libinit$$00000019  c_w.l(libinit2.o)
    0x080001c0   0x080001c0   0x00000000   Code   RO         3596    .ARM.Collect$$libinit$$0000001B  c_w.l(libinit2.o)
    0x080001c0   0x080001c0   0x00000000   Code   RO         3598    .ARM.Collect$$libinit$$0000001D  c_w.l(libinit2.o)
    0x080001c0   0x080001c0   0x00000000   Code   RO         3600    .ARM.Collect$$libinit$$0000001F  c_w.l(libinit2.o)
    0x080001c0   0x080001c0   0x00000000   Code   RO         3602    .ARM.Collect$$libinit$$00000021  c_w.l(libinit2.o)
    0x080001c0   0x080001c0   0x00000000   Code   RO         3604    .ARM.Collect$$libinit$$00000023  c_w.l(libinit2.o)
    0x080001c0   0x080001c0   0x00000000   Code   RO         3606    .ARM.Collect$$libinit$$00000025  c_w.l(libinit2.o)
    0x080001c0   0x080001c0   0x00000000   Code   RO         3610    .ARM.Collect$$libinit$$0000002C  c_w.l(libinit2.o)
    0x080001c0   0x080001c0   0x00000000   Code   RO         3612    .ARM.Collect$$libinit$$0000002E  c_w.l(libinit2.o)
    0x080001c0   0x080001c0   0x00000000   Code   RO         3614    .ARM.Collect$$libinit$$00000030  c_w.l(libinit2.o)
    0x080001c0   0x080001c0   0x00000000   Code   RO         3616    .ARM.Collect$$libinit$$00000032  c_w.l(libinit2.o)
    0x080001c0   0x080001c0   0x00000002   Code   RO         3617    .ARM.Collect$$libinit$$00000033  c_w.l(libinit2.o)
    0x080001c2   0x080001c2   0x00000002   Code   RO         3645    .ARM.Collect$$libshutdown$$00000000  c_w.l(libshutdown.o)
    0x080001c4   0x080001c4   0x00000000   Code   RO         3654    .ARM.Collect$$libshutdown$$00000002  c_w.l(libshutdown2.o)
    0x080001c4   0x080001c4   0x00000000   Code   RO         3656    .ARM.Collect$$libshutdown$$00000004  c_w.l(libshutdown2.o)
    0x080001c4   0x080001c4   0x00000000   Code   RO         3658    .ARM.Collect$$libshutdown$$00000006  c_w.l(libshutdown2.o)
    0x080001c4   0x080001c4   0x00000000   Code   RO         3661    .ARM.Collect$$libshutdown$$00000009  c_w.l(libshutdown2.o)
    0x080001c4   0x080001c4   0x00000000   Code   RO         3664    .ARM.Collect$$libshutdown$$0000000C  c_w.l(libshutdown2.o)
    0x080001c4   0x080001c4   0x00000000   Code   RO         3666    .ARM.Collect$$libshutdown$$0000000E  c_w.l(libshutdown2.o)
    0x080001c4   0x080001c4   0x00000000   Code   RO         3669    .ARM.Collect$$libshutdown$$00000011  c_w.l(libshutdown2.o)
    0x080001c4   0x080001c4   0x00000002   Code   RO         3670    .ARM.Collect$$libshutdown$$00000012  c_w.l(libshutdown2.o)
    0x080001c6   0x080001c6   0x00000000   Code   RO         3477    .ARM.Collect$$rtentry$$00000000  c_w.l(__rtentry.o)
    0x080001c6   0x080001c6   0x00000000   Code   RO         3495    .ARM.Collect$$rtentry$$00000002  c_w.l(__rtentry2.o)
    0x080001c6   0x080001c6   0x00000006   Code   RO         3507    .ARM.Collect$$rtentry$$00000004  c_w.l(__rtentry4.o)
    0x080001cc   0x080001cc   0x00000000   Code   RO         3497    .ARM.Collect$$rtentry$$00000009  c_w.l(__rtentry2.o)
    0x080001cc   0x080001cc   0x00000004   Code   RO         3498    .ARM.Collect$$rtentry$$0000000A  c_w.l(__rtentry2.o)
    0x080001d0   0x080001d0   0x00000000   Code   RO         3500    .ARM.Collect$$rtentry$$0000000C  c_w.l(__rtentry2.o)
    0x080001d0   0x080001d0   0x00000008   Code   RO         3501    .ARM.Collect$$rtentry$$0000000D  c_w.l(__rtentry2.o)
    0x080001d8   0x080001d8   0x00000002   Code   RO         3618    .ARM.Collect$$rtexit$$00000000  c_w.l(rtexit.o)
    0x080001da   0x080001da   0x00000000   Code   RO         3625    .ARM.Collect$$rtexit$$00000002  c_w.l(rtexit2.o)
    0x080001da   0x080001da   0x00000004   Code   RO         3626    .ARM.Collect$$rtexit$$00000003  c_w.l(rtexit2.o)
    0x080001de   0x080001de   0x00000006   Code   RO         3627    .ARM.Collect$$rtexit$$00000004  c_w.l(rtexit2.o)
    0x080001e4   0x080001e4   0x00000040   Code   RO           20    .text               startup_stm32f10x_hd.o
    0x08000224   0x08000224   0x00000002   Code   RO         3393    .text               c_w.l(use_no_semi_2.o)
    0x08000226   0x08000226   0x00000002   PAD
    0x08000228   0x08000228   0x00000018   Code   RO         3397    .text               c_w.l(noretval__2printf.o)
    0x08000240   0x08000240   0x00000068   Code   RO         3399    .text               c_w.l(__printf.o)
    0x080002a8   0x080002a8   0x00000006   Code   RO         3423    .text               c_w.l(heapauxi.o)
    0x080002ae   0x080002ae   0x00000002   Code   RO         3475    .text               c_w.l(use_no_semi.o)
    0x080002b0   0x080002b0   0x0000041e   Code   RO         3478    .text               c_w.l(_printf_fp_dec.o)
    0x080006ce   0x080006ce   0x00000002   PAD
    0x080006d0   0x080006d0   0x00000024   Code   RO         3480    .text               c_w.l(_printf_char_file.o)
    0x080006f4   0x080006f4   0x00000008   Code   RO         3512    .text               c_w.l(rt_locale_intlibspace.o)
    0x080006fc   0x080006fc   0x0000008a   Code   RO         3514    .text               c_w.l(lludiv10.o)
    0x08000786   0x08000786   0x00000002   PAD
    0x08000788   0x08000788   0x00000030   Code   RO         3516    .text               c_w.l(_printf_char_common.o)
    0x080007b8   0x080007b8   0x00000080   Code   RO         3518    .text               c_w.l(_printf_fp_infnan.o)
    0x08000838   0x08000838   0x000000e4   Code   RO         3520    .text               c_w.l(bigflt0.o)
    0x0800091c   0x0800091c   0x00000008   Code   RO         3545    .text               c_w.l(ferror.o)
    0x08000924   0x08000924   0x00000008   Code   RO         3556    .text               c_w.l(libspace.o)
    0x0800092c   0x0800092c   0x0000004a   Code   RO         3559    .text               c_w.l(sys_stackheap_outer.o)
    0x08000976   0x08000976   0x00000012   Code   RO         3563    .text               c_w.l(exit.o)
    0x08000988   0x08000988   0x00000080   Code   RO         3565    .text               c_w.l(strcmpv7m.o)
    0x08000a08   0x08000a08   0x0000003e   Code   RO         3523    CL$$btod_d2e        c_w.l(btod.o)
    0x08000a46   0x08000a46   0x00000046   Code   RO         3525    CL$$btod_d2e_denorm_low  c_w.l(btod.o)
    0x08000a8c   0x08000a8c   0x00000060   Code   RO         3524    CL$$btod_d2e_norm_op1  c_w.l(btod.o)
    0x08000aec   0x08000aec   0x00000338   Code   RO         3533    CL$$btod_div_common  c_w.l(btod.o)
    0x08000e24   0x08000e24   0x000000dc   Code   RO         3530    CL$$btod_e2e        c_w.l(btod.o)
    0x08000f00   0x08000f00   0x0000002a   Code   RO         3527    CL$$btod_ediv       c_w.l(btod.o)
    0x08000f2a   0x08000f2a   0x0000002a   Code   RO         3526    CL$$btod_emul       c_w.l(btod.o)
    0x08000f54   0x08000f54   0x00000244   Code   RO         3532    CL$$btod_mult_common  c_w.l(btod.o)
    0x08001198   0x08001198   0x00000018   Code   RO         3285    i.ADC1_2_IRQHandler  stm32f10x_it.o
    0x080011b0   0x080011b0   0x00000008   Code   RO          158    i.ADC_GetConversionValue  stm32f10x_adc.o
    0x080011b8   0x080011b8   0x00000004   Code   RO         3286    i.BusFault_Handler  stm32f10x_it.o
    0x080011bc   0x080011bc   0x00000002   Code   RO         3287    i.DebugMon_Handler  stm32f10x_it.o
    0x080011be   0x080011be   0x00000116   Code   RO         1258    i.GPIO_Init         stm32f10x_gpio.o
    0x080012d4   0x080012d4   0x00000004   Code   RO         3288    i.HardFault_Handler  stm32f10x_it.o
    0x080012d8   0x080012d8   0x00000018   Code   RO         1367    i.I2C_AcknowledgeConfig  stm32f10x_i2c.o
    0x080012f0   0x080012f0   0x0000002a   Code   RO         1369    i.I2C_CheckEvent    stm32f10x_i2c.o
    0x0800131a   0x0800131a   0x00000018   Code   RO         1372    i.I2C_Cmd           stm32f10x_i2c.o
    0x08001332   0x08001332   0x00000002   PAD
    0x08001334   0x08001334   0x00000038   Code   RO         1375    i.I2C_DeInit        stm32f10x_i2c.o
    0x0800136c   0x0800136c   0x00000018   Code   RO         1379    i.I2C_GenerateSTART  stm32f10x_i2c.o
    0x08001384   0x08001384   0x00000018   Code   RO         1380    i.I2C_GenerateSTOP  stm32f10x_i2c.o
    0x0800139c   0x0800139c   0x0000003a   Code   RO         1381    i.I2C_GetFlagStatus  stm32f10x_i2c.o
    0x080013d6   0x080013d6   0x00000002   PAD
    0x080013d8   0x080013d8   0x000000ec   Code   RO         1386    i.I2C_Init          stm32f10x_i2c.o
    0x080014c4   0x080014c4   0x00000008   Code   RO         1391    i.I2C_ReceiveData   stm32f10x_i2c.o
    0x080014cc   0x080014cc   0x00000012   Code   RO         1393    i.I2C_Send7bitAddress  stm32f10x_i2c.o
    0x080014de   0x080014de   0x00000004   Code   RO         1394    i.I2C_SendData      stm32f10x_i2c.o
    0x080014e2   0x080014e2   0x00000050   Code   RO         3074    i.MPU6050_GetAccelerometer  mpu6050.o
    0x08001532   0x08001532   0x00000050   Code   RO         3076    i.MPU6050_GetGyroscope  mpu6050.o
    0x08001582   0x08001582   0x00000002   PAD
    0x08001584   0x08001584   0x0000005c   Code   RO         3077    i.MPU6050_GetTemperature  mpu6050.o
    0x080015e0   0x080015e0   0x000000f0   Code   RO         3078    i.MPU6050_Init      mpu6050.o
    0x080016d0   0x080016d0   0x000000d4   Code   RO         3079    i.MPU6050_ReadByte  mpu6050.o
    0x080017a4   0x080017a4   0x000000ec   Code   RO         3080    i.MPU6050_ReadLen   mpu6050.o
    0x08001890   0x08001890   0x00000010   Code   RO         3081    i.MPU6050_SetAccelFsr  mpu6050.o
    0x080018a0   0x080018a0   0x00000010   Code   RO         3082    i.MPU6050_SetGyroFsr  mpu6050.o
    0x080018b0   0x080018b0   0x0000003a   Code   RO         3083    i.MPU6050_SetLPF    mpu6050.o
    0x080018ea   0x080018ea   0x0000003a   Code   RO         3084    i.MPU6050_SetRate   mpu6050.o
    0x08001924   0x08001924   0x0000008c   Code   RO         3085    i.MPU6050_WriteByte  mpu6050.o
    0x080019b0   0x080019b0   0x00000004   Code   RO         3289    i.MemManage_Handler  stm32f10x_it.o
    0x080019b4   0x080019b4   0x00000002   Code   RO         3290    i.NMI_Handler       stm32f10x_it.o
    0x080019b6   0x080019b6   0x00000002   PAD
    0x080019b8   0x080019b8   0x00000070   Code   RO           24    i.NVIC_Init         misc.o
    0x08001a28   0x08001a28   0x00000002   Code   RO         3291    i.PendSV_Handler    stm32f10x_it.o
    0x08001a2a   0x08001a2a   0x00000002   PAD
    0x08001a2c   0x08001a2c   0x00000020   Code   RO         1674    i.RCC_APB1PeriphClockCmd  stm32f10x_rcc.o
    0x08001a4c   0x08001a4c   0x00000020   Code   RO         1675    i.RCC_APB1PeriphResetCmd  stm32f10x_rcc.o
    0x08001a6c   0x08001a6c   0x00000020   Code   RO         1676    i.RCC_APB2PeriphClockCmd  stm32f10x_rcc.o
    0x08001a8c   0x08001a8c   0x000000d4   Code   RO         1684    i.RCC_GetClocksFreq  stm32f10x_rcc.o
    0x08001b60   0x08001b60   0x00000002   Code   RO         3292    i.SVC_Handler       stm32f10x_it.o
    0x08001b62   0x08001b62   0x00000008   Code   RO         3357    i.SetSysClock       system_stm32f10x.o
    0x08001b6a   0x08001b6a   0x00000002   PAD
    0x08001b6c   0x08001b6c   0x000000e0   Code   RO         3358    i.SetSysClockTo72   system_stm32f10x.o
    0x08001c4c   0x08001c4c   0x00000028   Code   RO           28    i.SysTick_CLKSourceConfig  misc.o
    0x08001c74   0x08001c74   0x00000002   Code   RO         3293    i.SysTick_Handler   stm32f10x_it.o
    0x08001c76   0x08001c76   0x00000002   PAD
    0x08001c78   0x08001c78   0x00000060   Code   RO         3360    i.SystemInit        system_stm32f10x.o
    0x08001cd8   0x08001cd8   0x00000088   Code   RO         3222    i.USART1_IRQHandler  usart.o
    0x08001d60   0x08001d60   0x00000018   Code   RO         2844    i.USART_Cmd         stm32f10x_usart.o
    0x08001d78   0x08001d78   0x00000054   Code   RO         2848    i.USART_GetITStatus  stm32f10x_usart.o
    0x08001dcc   0x08001dcc   0x0000004a   Code   RO         2850    i.USART_ITConfig    stm32f10x_usart.o
    0x08001e16   0x08001e16   0x00000002   PAD
    0x08001e18   0x08001e18   0x000000d8   Code   RO         2851    i.USART_Init        stm32f10x_usart.o
    0x08001ef0   0x08001ef0   0x0000000a   Code   RO         2858    i.USART_ReceiveData  stm32f10x_usart.o
    0x08001efa   0x08001efa   0x00000004   Code   RO         3294    i.UsageFault_Handler  stm32f10x_it.o
    0x08001efe   0x08001efe   0x00000028   Code   RO         3554    i.__ARM_fpclassify  m_ws.l(fpclassify.o)
    0x08001f26   0x08001f26   0x00000004   Code   RO         3223    i._sys_exit         usart.o
    0x08001f2a   0x08001f2a   0x00000002   PAD
    0x08001f2c   0x08001f2c   0x00000044   Code   RO         3168    i.delay_init        delay.o
    0x08001f70   0x08001f70   0x0000004c   Code   RO         3169    i.delay_ms          delay.o
    0x08001fbc   0x08001fbc   0x0000001c   Code   RO         3224    i.fputc             usart.o
    0x08001fd8   0x08001fd8   0x00000238   Code   RO         3264    i.main              main.o
    0x08002210   0x08002210   0x000000a0   Code   RO         3225    i.uart_init         usart.o
    0x080022b0   0x080022b0   0x0000002c   Code   RO         3550    locale$$code        c_w.l(lc_numeric_c.o)
    0x080022dc   0x080022dc   0x00000062   Code   RO         3427    x$fpl$d2f           fz_ws.l(d2f.o)
    0x0800233e   0x0800233e   0x00000002   PAD
    0x08002340   0x08002340   0x00000150   Code   RO         3429    x$fpl$dadd          fz_ws.l(daddsub_clz.o)
    0x08002490   0x08002490   0x000002b0   Code   RO         3436    x$fpl$ddiv          fz_ws.l(ddiv.o)
    0x08002740   0x08002740   0x0000002e   Code   RO         3440    x$fpl$dflt          fz_ws.l(dflt_clz.o)
    0x0800276e   0x0800276e   0x0000009c   Code   RO         3483    x$fpl$dnaninf       fz_ws.l(dnaninf.o)
    0x0800280a   0x0800280a   0x0000000c   Code   RO         3485    x$fpl$dretinf       fz_ws.l(dretinf.o)
    0x08002816   0x08002816   0x00000002   PAD
    0x08002818   0x08002818   0x000001d4   Code   RO         3431    x$fpl$dsub          fz_ws.l(daddsub_clz.o)
    0x080029ec   0x080029ec   0x00000056   Code   RO         3445    x$fpl$f2d           fz_ws.l(f2d.o)
    0x08002a42   0x08002a42   0x00000002   PAD
    0x08002a44   0x08002a44   0x000000c4   Code   RO         3447    x$fpl$fadd          fz_ws.l(faddsub_clz.o)
    0x08002b08   0x08002b08   0x00000018   Code   RO         3487    x$fpl$fcmpinf       fz_ws.l(fcmpi.o)
    0x08002b20   0x08002b20   0x00000184   Code   RO         3454    x$fpl$fdiv          fz_ws.l(fdiv.o)
    0x08002ca4   0x08002ca4   0x00000036   Code   RO         3457    x$fpl$ffix          fz_ws.l(ffix.o)
    0x08002cda   0x08002cda   0x00000002   PAD
    0x08002cdc   0x08002cdc   0x00000030   Code   RO         3462    x$fpl$fflt          fz_ws.l(fflt_clz.o)
    0x08002d0c   0x08002d0c   0x00000068   Code   RO         3467    x$fpl$fleqf         fz_ws.l(fleqf.o)
    0x08002d74   0x08002d74   0x00000102   Code   RO         3469    x$fpl$fmul          fz_ws.l(fmul.o)
    0x08002e76   0x08002e76   0x0000008c   Code   RO         3489    x$fpl$fnaninf       fz_ws.l(fnaninf.o)
    0x08002f02   0x08002f02   0x0000000a   Code   RO         3491    x$fpl$fretinf       fz_ws.l(fretinf.o)
    0x08002f0c   0x08002f0c   0x00000062   Code   RO         3471    x$fpl$frleqf        fz_ws.l(frleqf.o)
    0x08002f6e   0x08002f6e   0x00000002   PAD
    0x08002f70   0x08002f70   0x000000ea   Code   RO         3449    x$fpl$fsub          fz_ws.l(faddsub_clz.o)
    0x0800305a   0x0800305a   0x00000004   Code   RO         3473    x$fpl$printf1       fz_ws.l(printf1.o)
    0x0800305e   0x0800305e   0x00000000   Code   RO         3493    x$fpl$usenofp       fz_ws.l(usenofp.o)
    0x0800305e   0x0800305e   0x00000002   PAD
    0x08003060   0x08003060   0x00000094   Data   RO         3521    .constdata          c_w.l(bigflt0.o)
    0x080030f4   0x080030f4   0x00000020   Data   RO         3695    Region$$Table       anon$$obj.o
    0x08003114   0x08003114   0x0000001c   Data   RO         3549    locale$$data        c_w.l(lc_numeric_c.o)


    Execution Region RW_IRAM1 (Exec base: 0x20000000, Load base: 0x08003130, Size: 0x00000780, Max: 0x00010000, ABSOLUTE)

    Exec Addr    Load Addr    Size         Type   Attr      Idx    E Section Name        Object

    0x20000000   0x08003130   0x00000014   Data   RW         1704    .data               stm32f10x_rcc.o
    0x20000014   0x08003144   0x00000004   Data   RW         3171    .data               delay.o
    0x20000018   0x08003148   0x00000006   Data   RW         3227    .data               usart.o
    0x2000001e   0x0800314e   0x00000002   PAD
    0x20000020   0x08003150   0x0000001c   Data   RW         3265    .data               main.o
    0x2000003c   0x0800316c   0x00000002   Data   RW         3295    .data               stm32f10x_it.o
    0x2000003e   0x0800316e   0x00000002   PAD
    0x20000040   0x08003170   0x00000014   Data   RW         3361    .data               system_stm32f10x.o
    0x20000054        -       0x000000c8   Zero   RW         3226    .bss                usart.o
    0x2000011c        -       0x00000060   Zero   RW         3557    .bss                c_w.l(libspace.o)
    0x2000017c   0x08003184   0x00000004   PAD
    0x20000180        -       0x00000200   Zero   RW           18    HEAP                startup_stm32f10x_hd.o
    0x20000380        -       0x00000400   Zero   RW           17    STACK               startup_stm32f10x_hd.o


==============================================================================

Image component sizes


      Code (inc. data)   RO Data    RW Data    ZI Data      Debug   Object Name

         0          0          0          0          0       4564   core_cm3.o
       144         22          0          4          0       1116   delay.o
       568         56          0         28          0        943   main.o
       152         12          0          0          0     247710   misc.o
      1228         64          0          0          0       7269   mpu6050.o
        64         26        304          0       1536        780   startup_stm32f10x_hd.o
         8          0          0          0          0       2625   stm32f10x_adc.o
       278          0          0          0          0       1980   stm32f10x_gpio.o
       518         20          0          0          0       7805   stm32f10x_i2c.o
        50         10          0          2          0       4671   stm32f10x_it.o
       308         38          0         20          0       4855   stm32f10x_rcc.o
       408          6          0          0          0       4830   stm32f10x_usart.o
       328         28          0         20          0       2157   system_stm32f10x.o
       328         26          0          6        200       4092   usart.o

    ----------------------------------------------------------------------
      4400        308        336         84       1736     295397   Object Totals
         0          0         32          0          0          0   (incl. Generated)
        18          0          0          4          0          0   (incl. Padding)

    ----------------------------------------------------------------------

      Code (inc. data)   RO Data    RW Data    ZI Data      Debug   Library Member Name

         8          0          0          0          0         68   __main.o
       104          0          0          0          0         84   __printf.o
         0          0          0          0          0          0   __rtentry.o
        12          0          0          0          0          0   __rtentry2.o
         6          0          0          0          0          0   __rtentry4.o
        52          8          0          0          0          0   __scatter.o
        26          0          0          0          0          0   __scatter_copy.o
        28          0          0          0          0          0   __scatter_zi.o
        48          6          0          0          0         96   _printf_char_common.o
        36          4          0          0          0         80   _printf_char_file.o
         6          0          0          0          0          0   _printf_f.o
      1054          0          0          0          0        216   _printf_fp_dec.o
       128         16          0          0          0         84   _printf_fp_infnan.o
         0          0          0          0          0          0   _printf_percent.o
         4          0          0          0          0          0   _printf_percent_end.o
       228          4        148          0          0         96   bigflt0.o
      1936        128          0          0          0        672   btod.o
        18          0          0          0          0         80   exit.o
         8          0          0          0          0         68   ferror.o
         6          0          0          0          0        152   heapauxi.o
        44         10         28          0          0         76   lc_numeric_c.o
         2          0          0          0          0          0   libinit.o
        18          0          0          0          0          0   libinit2.o
         2          0          0          0          0          0   libshutdown.o
         2          0          0          0          0          0   libshutdown2.o
         8          4          0          0         96         68   libspace.o
       138          0          0          0          0         80   lludiv10.o
        24          4          0          0          0         84   noretval__2printf.o
         8          4          0          0          0         68   rt_locale_intlibspace.o
         2          0          0          0          0          0   rtexit.o
        10          0          0          0          0          0   rtexit2.o
       128          0          0          0          0         68   strcmpv7m.o
        74          0          0          0          0         80   sys_stackheap_outer.o
         2          0          0          0          0         68   use_no_semi.o
         2          0          0          0          0         68   use_no_semi_2.o
        98          4          0          0          0         92   d2f.o
       804         16          0          0          0        272   daddsub_clz.o
       688        140          0          0          0        208   ddiv.o
        46          0          0          0          0         68   dflt_clz.o
       156          4          0          0          0         92   dnaninf.o
        12          0          0          0          0         68   dretinf.o
        86          4          0          0          0         84   f2d.o
       430          8          0          0          0        168   faddsub_clz.o
        24          0          0          0          0         68   fcmpi.o
       388         76          0          0          0         96   fdiv.o
        54          4          0          0          0         84   ffix.o
        48          0          0          0          0         68   fflt_clz.o
       104          4          0          0          0         84   fleqf.o
       258          4          0          0          0         84   fmul.o
       140          4          0          0          0         84   fnaninf.o
        10          0          0          0          0         68   fretinf.o
        98          0          0          0          0         68   frleqf.o
         4          0          0          0          0         68   printf1.o
         0          0          0          0          0          0   usenofp.o
        40          0          0          0          0         68   fpclassify.o

    ----------------------------------------------------------------------
      7680        456        176          0        100       4248   Library Totals
        20          0          0          0          4          0   (incl. Padding)

    ----------------------------------------------------------------------

      Code (inc. data)   RO Data    RW Data    ZI Data      Debug   Library Name

      4172        188        176          0         96       2356   c_w.l
      3448        268          0          0          0       1824   fz_ws.l
        40          0          0          0          0         68   m_ws.l

    ----------------------------------------------------------------------
      7680        456        176          0        100       4248   Library Totals

    ----------------------------------------------------------------------

==============================================================================


      Code (inc. data)   RO Data    RW Data    ZI Data      Debug   

     12080        764        512         84       1836     294701   Grand Totals
     12080        764        512         84       1836     294701   ELF Image Totals
     12080        764        512         84          0          0   ROM Totals

==============================================================================

    Total RO  Size (Code + RO Data)                12592 (  12.30kB)
    Total RW  Size (RW Data + ZI Data)              1920 (   1.88kB)
    Total ROM Size (Code + RO Data + RW Data)      12676 (  12.38kB)

==============================================================================

