<html>
<body>
<pre>
<h1>µVision Build Log</h1>
<h2>Tool Versions:</h2>
IDE-Version: ¦ÌVision V5.38.0.0
Copyright (C) 2022 ARM Ltd and ARM Germany GmbH. All rights reserved.
License Information: zj z,  , LIC=50D7S-LX2KV-INHA7-ED985-E5BIJ-F8T6P
 
Tool Versions:
Toolchain:       MDK-ARM Professional  Version: 5.38.0.0
Toolchain Path:  C:\Program Files\Keil_v5\ARM\ARMCC\Bin
C Compiler:      Armcc.exe V5.06 update 7 (build 960)
Assembler:       Armasm.exe V5.06 update 7 (build 960)
Linker/Locator:  ArmLink.exe V5.06 update 7 (build 960)
Library Manager: ArmAr.exe V5.06 update 7 (build 960)
Hex Converter:   FromElf.exe V5.06 update 7 (build 960)
CPU DLL:         SARMCM3.DLL V5.38.0.0
Dialog DLL:      DCM.DLL V1.17.5.0
Target DLL:      CMSIS_AGDI.dll V1.33.15.0
Dialog DLL:      TCM.DLL V1.56.4.0
 
<h2>Project:</h2>
C:\Users\JIERUI\Desktop\test\task5\MDK-ARM\demo1.uvprojx
Project File Date:  09/04/2023

<h2>Output:</h2>
*** Using Compiler 'V5.06 update 7 (build 960)', folder: 'C:\Program Files\Keil_v5\ARM\ARMCC\Bin'
Build target 'demo1'
compiling mpu6050.c...
compiling i2c.c...
compiling gpio.c...
compiling stm32f1xx_it.c...
compiling control.c...
compiling stm32f1xx_hal_msp.c...
compiling pid.c...
compiling freertos.c...
compiling main.c...
../Core/Src/main.c(94): warning:  #550-D: variable "a"  was set but never used
    short a;
../Core/Src/main.c: 1 warning, 0 errors
compiling IMU.c...
..\HARDWARE\IMU.c(16): warning:  #550-D: variable "imu"  was set but never used
  static IMU_Info imu;
..\HARDWARE\IMU.c(56): warning:  #177-D: function "Get_IMU_Data"  was declared but never referenced
  static void Get_IMU_Data(float *values)
..\HARDWARE\IMU.c(194): warning:  #177-D: function "safe_asin"  was declared but never referenced
  static float safe_asin(float v)
..\HARDWARE\IMU.c: 3 warnings, 0 errors
linking...
Program Size: Code=15168 RO-data=516 RW-data=148 ZI-data=8148  
FromELF: creating hex file...
"demo1\demo1.axf" - 0 Error(s), 4 Warning(s).

<h2>Software Packages used:</h2>

Package Vendor: ARM
                http://www.keil.com/pack/ARM.CMSIS.5.9.0.pack
                ARM.CMSIS.5.9.0
                CMSIS (Common Microcontroller Software Interface Standard)
   * Component: CORE Version: 5.6.0

Package Vendor: Keil
                https://www.keil.com/pack/Keil.STM32F1xx_DFP.2.4.1.pack
                Keil.STM32F1xx_DFP.2.4.1
                STMicroelectronics STM32F1 Series Device Support, Drivers and Examples

<h2>Collection of Component include folders:</h2>
  ./RTE/_demo1
  C:/Users/JIERUI/AppData/Local/Arm/Packs/ARM/CMSIS/5.9.0/CMSIS/Core/Include
  C:/Users/JIERUI/AppData/Local/Arm/Packs/Keil/STM32F1xx_DFP/2.4.1/Device/Include

<h2>Collection of Component Files used:</h2>

   * Component: ARM::CMSIS:CORE:5.6.0
      Include file:  CMSIS/Core/Include/tz_context.h
Build Time Elapsed:  00:00:03
</pre>
</body>
</html>
